[0.000000] (-) TimerEvent: {}
[0.000000] (custom_interfaces) JobQueued: {'identifier': 'custom_interfaces', 'dependencies': OrderedDict()}
[0.000000] (custom_interfaces) JobStarted: {'identifier': 'custom_interfaces'}
[0.078000] (custom_interfaces) JobProgress: {'identifier': 'custom_interfaces', 'progress': 'cmake'}
[0.078000] (custom_interfaces) Command: {'cmd': ['C:\\Program Files\\MATLAB\\bin\\win64\\cmake\\bin\\cmake.EXE', 'C:\\Users\\tommy\\MATLAB\\controls-onboarding-2027\\src\\assets\\matlab_msg_gen_R2026a\\win64\\src\\custom_interfaces', '-DCMAKE_BUILD_TYPE=Release', '-DBUILD_TESTING=OFF', '-DALIAS_ROS2_TF2=1', '-DCMAKE_CXX_FLAGS_RELEASE=/MD /Od /Ob2 /DNDEBUG', '-G', 'Ninja', '-DCMAKE_INSTALL_PREFIX=C:\\Users\\tommy\\MATLAB\\controls-onboarding-2027\\src\\assets\\matlab_msg_gen_R2026a\\win64\\install'], 'cwd': 'C:\\Users\\tommy\\MATLAB\\controls-onboarding-2027\\src\\assets\\matlab_msg_gen_R2026a\\win64\\build\\custom_interfaces', 'env': OrderedDict([('ACTUAL_CMD_PARAM', 'build  --merge-install  --cmake-args -DCMAKE_BUILD_TYPE=Release -DBUILD_TESTING=OFF  -DALIAS_ROS2_TF2=1  -DCMAKE_CXX_FLAGS_RELEASE="/MD /Od /Ob2 /DNDEBUG"   -G Ninja'), ('ACTUAL_ENV_CMD_PARAM', '"C:\\Program Files\\MATLAB\\bin\\win64\\cmake\\bin" build  --merge-install  --cmake-args -DCMAKE_BUILD_TYPE=Release -DBUILD_TESTING=OFF  -DALIAS_ROS2_TF2=1  -DCMAKE_CXX_FLAGS_RELEASE="/MD /Od /Ob2 /DNDEBUG"   -G Ninja'), ('ALLUSERSPROFILE', 'C:\\ProgramData'), ('AMENT_PREFIX_PATH', 'C:\\Program Files\\MATLAB\\sys\\ros2\\win64\\ros2;C:\\Program Files\\MATLAB\\sys\\ros2\\win64\\ros2'), ('APPDATA', 'C:\\Users\\tommy\\AppData\\Roaming'), ('CMAKE_PATH', 'C:\\Program Files\\MATLAB\\bin\\win64\\cmake\\bin'), ('CMAKE_PREFIX_PATH', 'C:\\Program Files\\MATLAB\\sys\\ros2\\win64\\ros2;C:\\Program Files\\MATLAB\\sys\\ros2\\win64\\ros2'), ('COLCON', '1'), ('COLCON_PREFIX_PATH', 'C:\\Program Files\\MATLAB\\sys\\ros2\\win64\\ros2;C:\\Program Files\\MATLAB\\sys\\ros2\\win64\\ros2'), ('CommandPromptType', 'Cross'), ('CommonProgramFiles', 'C:\\Program Files\\Common Files'), ('CommonProgramFiles(x86)', 'C:\\Program Files (x86)\\Common Files'), ('CommonProgramW6432', 'C:\\Program Files\\Common Files'), ('COMPUTERNAME', 'MSI'), ('ComSpec', 'C:\\WINDOWS\\system32\\cmd.exe'), ('configsetroot', 'C:\\WINDOWS\\ConfigSetRoot'), ('CUSTOM_AMENT_PREFIX_PATH', 'C:\\Program Files\\MATLAB\\sys\\ros2\\win64\\ros2'), ('DevEnvDir', 'C:\\Program Files\\Microsoft Visual Studio\\2022\\Community\\Common7\\IDE\\'), ('DriverData', 'C:\\Windows\\System32\\Drivers\\DriverData'), ('EFC_12780_1262719628', '1'), ('EFC_12780_1592913036', '1'), ('EFC_12780_2283032206', '1'), ('EFC_12780_2775293581', '1'), ('EFC_12780_2946480783', '1'), ('EFC_12780_3789132940', '1'), ('EFC_12780_4126798990', '1'), ('ExtensionSdkDir', 'C:\\Program Files (x86)\\Microsoft SDKs\\Windows Kits\\10\\ExtensionSDKs'), ('EXTERNAL_INCLUDE', 'C:\\Program Files\\Microsoft Visual Studio\\2022\\Community\\VC\\Tools\\MSVC\\14.42.34433\\include;C:\\Program Files\\Microsoft Visual Studio\\2022\\Community\\VC\\Auxiliary\\VS\\include;C:\\Program Files (x86)\\Windows Kits\\10\\include\\10.0.22621.0\\ucrt;C:\\Program Files (x86)\\Windows Kits\\10\\\\include\\10.0.22621.0\\\\um;C:\\Program Files (x86)\\Windows Kits\\10\\\\include\\10.0.22621.0\\\\shared;C:\\Program Files (x86)\\Windows Kits\\10\\\\include\\10.0.22621.0\\\\winrt;C:\\Program Files (x86)\\Windows Kits\\10\\\\include\\10.0.22621.0\\\\cppwinrt;C:\\Program Files (x86)\\Windows Kits\\NETFXSDK\\4.8\\include\\um'), ('FargoDataPath', 'C:\\Users\\tommy\\OneDrive\\Documents\\My Games\\Terraria\\tModLoader\\Dev'), ('FPS_BROWSER_APP_PROFILE_STRING', 'Internet Explorer'), ('FPS_BROWSER_USER_PROFILE_STRING', 'Default'), ('Framework40Version', 'v4.0'), ('FrameworkDir', 'C:\\Windows\\Microsoft.NET\\Framework\\'), ('FrameworkDir32', 'C:\\Windows\\Microsoft.NET\\Framework\\'), ('FrameworkDir64', 'C:\\Windows\\Microsoft.NET\\Framework64\\'), ('FrameworkVersion', 'v4.0.30319'), ('FrameworkVersion32', 'v4.0.30319'), ('FrameworkVersion64', 'v4.0.30319'), ('HOMEDRIVE', 'C:'), ('HOMEPATH', '\\Users\\tommy'), ('ICU_TIMEZONE_FILES_DIR', 'C:\\Program Files\\MATLAB/bin/icutzdata'), ('INCLUDE', 'C:\\Program Files\\Microsoft Visual Studio\\2022\\Community\\VC\\Tools\\MSVC\\14.42.34433\\include;C:\\Program Files\\Microsoft Visual Studio\\2022\\Community\\VC\\Auxiliary\\VS\\include;C:\\Program Files (x86)\\Windows Kits\\10\\include\\10.0.22621.0\\ucrt;C:\\Program Files (x86)\\Windows Kits\\10\\\\include\\10.0.22621.0\\\\um;C:\\Program Files (x86)\\Windows Kits\\10\\\\include\\10.0.22621.0\\\\shared;C:\\Program Files (x86)\\Windows Kits\\10\\\\include\\10.0.22621.0\\\\winrt;C:\\Program Files (x86)\\Windows Kits\\10\\\\include\\10.0.22621.0\\\\cppwinrt;C:\\Program Files (x86)\\Windows Kits\\NETFXSDK\\4.8\\include\\um'), ('KMP_BLOCKTIME', '1'), ('KMP_HANDLE_SIGNALS', '0'), ('KMP_STACKSIZE', '512k'), ('LIB', 'C:\\Program Files\\Microsoft Visual Studio\\2022\\Community\\VC\\Tools\\MSVC\\14.42.34433\\lib\\x64;C:\\Program Files (x86)\\Windows Kits\\NETFXSDK\\4.8\\lib\\um\\x64;C:\\Program Files (x86)\\Windows Kits\\10\\lib\\10.0.22621.0\\ucrt\\x64;C:\\Program Files (x86)\\Windows Kits\\10\\\\lib\\10.0.22621.0\\\\um\\x64'), ('LIBPATH', 'C:\\Program Files\\Microsoft Visual Studio\\2022\\Community\\VC\\Tools\\MSVC\\14.42.34433\\lib\\x64;C:\\Program Files\\Microsoft Visual Studio\\2022\\Community\\VC\\Tools\\MSVC\\14.42.34433\\lib\\x86\\store\\references;C:\\Program Files (x86)\\Windows Kits\\10\\UnionMetadata\\10.0.22621.0;C:\\Program Files (x86)\\Windows Kits\\10\\References\\10.0.22621.0;C:\\Windows\\Microsoft.NET\\Framework\\v4.0.30319'), ('LOCALAPPDATA', 'C:\\Users\\tommy\\AppData\\Local'), ('LOGONSERVER', '\\\\MSI'), ('MATLAB_ARCH', 'win64'), ('MWAPIKEY', 'vrQrYsdOMsvwURzs'), ('MWCONCP', '437'), ('MW_CONNECTOR_COOKIE_SETTINGS', '[{"prefix":"ch_","suffix":"_26024"}]'), ('NETFXSDKDir', 'C:\\Program Files (x86)\\Windows Kits\\NETFXSDK\\4.8\\'), ('NUMBER_OF_PROCESSORS', '16'), ('NVIDIAWHITELISTED', '0x01'), ('OneDrive', 'C:\\Users\\tommy\\OneDrive'), ('OS', 'Windows_NT'), ('Path', 'C:\\Program Files\\MATLAB\\bin\\win64\\cmake\\bin;;C:\\Program Files\\MATLAB\\sys\\ros2\\win64\\ros2\\Scripts;C:\\Program Files\\MATLAB\\sys\\ros2\\win64\\ros2\\bin;C:\\Program Files\\Microsoft Visual Studio\\2022\\Community\\VC\\Tools\\MSVC\\14.42.34433\\bin\\HostX86\\x64;C:\\Program Files\\Microsoft Visual Studio\\2022\\Community\\VC\\Tools\\MSVC\\14.42.34433\\bin\\HostX86\\x86;C:\\Program Files\\Microsoft Visual Studio\\2022\\Community\\Common7\\IDE\\VC\\VCPackages;C:\\Program Files\\Microsoft Visual Studio\\2022\\Community\\Common7\\IDE\\CommonExtensions\\Microsoft\\TestWindow;C:\\Program Files\\Microsoft Visual Studio\\2022\\Community\\Common7\\IDE\\CommonExtensions\\Microsoft\\TeamFoundation\\Team Explorer;C:\\Program Files\\Microsoft Visual Studio\\2022\\Community\\MSBuild\\Current\\bin\\Roslyn;C:\\Program Files (x86)\\Microsoft SDKs\\Windows\\v10.0A\\bin\\NETFX 4.8 Tools\\;C:\\Program Files\\Microsoft Visual Studio\\2022\\Community\\Team Tools\\DiagnosticsHub\\Collector;C:\\Program Files (x86)\\Windows Kits\\10\\bin\\10.0.22621.0\\\\x86;C:\\Program Files (x86)\\Windows Kits\\10\\bin\\\\x86;C:\\Program Files\\Microsoft Visual Studio\\2022\\Community\\\\MSBuild\\Current\\Bin\\amd64;C:\\Windows\\Microsoft.NET\\Framework\\v4.0.30319;C:\\Program Files\\Microsoft Visual Studio\\2022\\Community\\Common7\\IDE\\;C:\\Program Files\\Microsoft Visual Studio\\2022\\Community\\Common7\\Tools\\;C:\\Users\\tommy\\AppData\\Roaming\\MathWorks\\MATLAB\\R2026a\\ros2\\win64\\venv\\Scripts;C:\\Program Files\\MATLAB\\bin\\win64;C:\\Program Files\\MATLAB\\toolbox\\shared\\coder\\ninja\\win64;C:\\Windows\\system32;C:\\Windows;C:\\Windows\\System32\\Wbem;C:\\Windows\\System32\\WindowsPowerShell\\v1.0\\;C:\\Windows\\System32\\OpenSSH\\;C:\\Program Files (x86)\\NVIDIA Corporation\\PhysX\\Common;C:\\WINDOWS\\system32;C:\\WINDOWS;C:\\WINDOWS\\System32\\Wbem;C:\\WINDOWS\\System32\\WindowsPowerShell\\v1.0\\;C:\\WINDOWS\\System32\\OpenSSH\\;C:\\Program Files\\NVIDIA Corporation\\NVIDIA app\\NvDLISR;C:\\Program Files\\dotnet\\;C:\\Program Files (x86)\\Windows Kits\\10\\Windows Performance Toolkit\\;C:\\Program Files\\Git\\cmd;C:\\Program Files\\MATLAB\\bin;C:\\Program Files\\MATLAB\\R2025b\\bin;C:\\Users\\tommy\\AppData\\Local\\Programs\\Python\\Launcher\\;C:\\Users\\tommy\\AppData\\Local\\Microsoft\\WindowsApps;C:\\Users\\tommy\\AppData\\Local\\GitHubDesktop\\bin;C:\\Users\\tommy\\.dotnet\\tools;C:\\Users\\tommy\\AppData\\Local\\Programs\\Microsoft VS Code\\bin;C:\\Program Files\\Microsoft Visual Studio\\2022\\Community\\VC\\vcpkg'), ('PATHEXT', '.COM;.EXE;.BAT;.CMD;.VBS;.VBE;.JS;.JSE;.WSF;.WSH;.MSC'), ('PKG_CONFIG_PATH', '"C:\\Program Files\\MATLAB\\sys\\ros2\\win64\\ros2\\lib\\pkgconfig"'), ('Platform', 'x64'), ('PROCESSOR_ARCHITECTURE', 'AMD64'), ('PROCESSOR_IDENTIFIER', 'Intel64 Family 6 Model 141 Stepping 1, GenuineIntel'), ('PROCESSOR_LEVEL', '6'), ('PROCESSOR_REVISION', '8d01'), ('ProgramData', 'C:\\ProgramData'), ('ProgramFiles', 'C:\\Program Files'), ('ProgramFiles(x86)', 'C:\\Program Files (x86)'), ('ProgramW6432', 'C:\\Program Files'), ('PROMPT', '(venv) $P$G'), ('PSModulePath', 'C:\\Program Files\\WindowsPowerShell\\Modules;C:\\WINDOWS\\system32\\WindowsPowerShell\\v1.0\\Modules'), ('PUBLIC', 'C:\\Users\\Public'), ('PYTHONPATH', ';C:\\Program Files\\MATLAB\\sys\\ros2\\win64\\ros2\\lib\\site-packages;C:\\Users\\tommy\\AppData\\Roaming\\MathWorks\\MATLAB\\R2026a\\ros2\\win64\\venv\\lib\\site-packages'), ('PYTHON_VENV_PATH', 'C:\\Users\\tommy\\AppData\\Roaming\\MathWorks\\MATLAB\\R2026a\\ros2\\win64\\venv'), ('QT_QPA_PLATFORM', 'windows:fontengine=freetype'), ('ROS_DISTRO', 'jazzy'), ('SESSIONNAME', 'Console'), ('SHIM_MCCOMPAT', '0x800000001'), ('SystemDrive', 'C:'), ('SystemRoot', 'C:\\WINDOWS'), ('TEMP', 'C:\\Users\\tommy\\AppData\\Local\\Temp'), ('TMP', 'C:\\Users\\tommy\\AppData\\Local\\Temp'), ('UCRTVersion', '10.0.22621.0'), ('UniversalCRTSdkDir', 'C:\\Program Files (x86)\\Windows Kits\\10\\'), ('USERDOMAIN', 'MSI'), ('USERDOMAIN_ROAMINGPROFILE', 'MSI'), ('USERNAME', 'tommy'), ('USERPROFILE', 'C:\\Users\\tommy'), ('VCIDEInstallDir', 'C:\\Program Files\\Microsoft Visual Studio\\2022\\Community\\Common7\\IDE\\VC\\'), ('VCINSTALLDIR', 'C:\\Program Files\\Microsoft Visual Studio\\2022\\Community\\VC\\'), ('VCPKG_ROOT', 'C:\\Program Files\\Microsoft Visual Studio\\2022\\Community\\VC\\vcpkg'), ('VCToolsInstallDir', 'C:\\Program Files\\Microsoft Visual Studio\\2022\\Community\\VC\\Tools\\MSVC\\14.42.34433\\'), ('VCToolsRedistDir', 'C:\\Program Files\\Microsoft Visual Studio\\2022\\Community\\VC\\Redist\\MSVC\\14.42.34433\\'), ('VCToolsVersion', '14.42.34433'), ('VCVARS_CMD', '"C:\\Program Files\\Microsoft Visual Studio\\2022\\Community\\VC\\Auxiliary\\Build\\VCVARSALL.BAT"'), ('VIRTUAL_ENV', 'C:\\Users\\tommy\\AppData\\Roaming\\MathWorks\\MATLAB\\R2026a\\ros2\\win64\\venv'), ('VIRTUAL_ENV_PROMPT', '(venv)'), ('VisualStudioVersion', '17.0'), ('VS170COMNTOOLS', 'C:\\Program Files\\Microsoft Visual Studio\\2022\\Community\\Common7\\Tools\\'), ('VSCMD_ARG_app_plat', 'Desktop'), ('VSCMD_ARG_HOST_ARCH', 'x86'), ('VSCMD_ARG_TGT_ARCH', 'x64'), ('VSCMD_VER', '17.12.4'), ('VSINSTALLDIR', 'C:\\Program Files\\Microsoft Visual Studio\\2022\\Community\\'), ('windir', 'C:\\WINDOWS'), ('WindowsLibPath', 'C:\\Program Files (x86)\\Windows Kits\\10\\UnionMetadata\\10.0.22621.0;C:\\Program Files (x86)\\Windows Kits\\10\\References\\10.0.22621.0'), ('WindowsSdkBinPath', 'C:\\Program Files (x86)\\Windows Kits\\10\\bin\\'), ('WindowsSdkDir', 'C:\\Program Files (x86)\\Windows Kits\\10\\'), ('WindowsSDKLibVersion', '10.0.22621.0\\'), ('WindowsSdkVerBinPath', 'C:\\Program Files (x86)\\Windows Kits\\10\\bin\\10.0.22621.0\\'), ('WindowsSDKVersion', '10.0.22621.0\\'), ('WindowsSDK_ExecutablePath_x64', 'C:\\Program Files (x86)\\Microsoft SDKs\\Windows\\v10.0A\\bin\\NETFX 4.8 Tools\\x64\\'), ('WindowsSDK_ExecutablePath_x86', 'C:\\Program Files (x86)\\Microsoft SDKs\\Windows\\v10.0A\\bin\\NETFX 4.8 Tools\\'), ('WoTGDataPath', 'C:\\Users\\tommy\\OneDrive\\Documents\\My Games\\Terraria\\tModLoader\\Dev'), ('ZES_ENABLE_SYSMAN', '1'), ('_all', '"C:\\Program Files\\Microsoft Visual Studio\\2022\\Community\\VC\\Auxiliary\\Build\\VCVARSALL.BAT" "C:\\Program Files\\MATLAB\\sys\\ros2\\win64\\ros2" "C:\\Users\\tommy\\AppData\\Roaming\\MathWorks\\MATLAB\\R2026a\\ros2\\win64\\venv" "C:\\Program Files\\MATLAB\\bin\\win64\\cmake\\bin" build  --merge-install  --cmake-args -DCMAKE_BUILD_TYPE=Release -DBUILD_TESTING=OFF  -DALIAS_ROS2_TF2=1  -DCMAKE_CXX_FLAGS_RELEASE="/MD /Od /Ob2 /DNDEBUG"   -G Ninja'), ('_OLD_VIRTUAL_PATH', 'C:\\Program Files\\MATLAB\\bin\\win64;C:\\Program Files\\MATLAB\\toolbox\\shared\\coder\\ninja\\win64;C:\\Windows\\system32;C:\\Windows;C:\\Windows\\System32\\Wbem;C:\\Windows\\System32\\WindowsPowerShell\\v1.0\\;C:\\Windows\\System32\\OpenSSH\\;C:\\Program Files (x86)\\NVIDIA Corporation\\PhysX\\Common;C:\\WINDOWS\\system32;C:\\WINDOWS;C:\\WINDOWS\\System32\\Wbem;C:\\WINDOWS\\System32\\WindowsPowerShell\\v1.0\\;C:\\WINDOWS\\System32\\OpenSSH\\;C:\\Program Files\\NVIDIA Corporation\\NVIDIA app\\NvDLISR;C:\\Program Files\\dotnet\\;C:\\Program Files (x86)\\Windows Kits\\10\\Windows Performance Toolkit\\;C:\\Program Files\\Git\\cmd;C:\\Program Files\\MATLAB\\bin;C:\\Program Files\\MATLAB\\R2025b\\bin;C:\\Users\\tommy\\AppData\\Local\\Programs\\Python\\Launcher\\;C:\\Users\\tommy\\AppData\\Local\\Microsoft\\WindowsApps;C:\\Users\\tommy\\AppData\\Local\\GitHubDesktop\\bin;C:\\Users\\tommy\\.dotnet\\tools;C:\\Users\\tommy\\AppData\\Local\\Programs\\Microsoft VS Code\\bin'), ('_OLD_VIRTUAL_PROMPT', '$P$G'), ('__DOTNET_ADD_32BIT', '1'), ('__DOTNET_ADD_64BIT', '1'), ('__DOTNET_PREFERRED_BITNESS', '32'), ('__KMP_REGISTERED_LIB_14412', '00007FFA03C84D04-cafec8ca-libiomp5md.dll'), ('__PSLockDownPolicy', '0'), ('__VSCMD_PREINIT_PATH', 'C:\\Users\\tommy\\AppData\\Roaming\\MathWorks\\MATLAB\\R2026a\\ros2\\win64\\venv\\Scripts;C:\\Program Files\\MATLAB\\bin\\win64;C:\\Program Files\\MATLAB\\toolbox\\shared\\coder\\ninja\\win64;C:\\Windows\\system32;C:\\Windows;C:\\Windows\\System32\\Wbem;C:\\Windows\\System32\\WindowsPowerShell\\v1.0\\;C:\\Windows\\System32\\OpenSSH\\;C:\\Program Files (x86)\\NVIDIA Corporation\\PhysX\\Common;C:\\WINDOWS\\system32;C:\\WINDOWS;C:\\WINDOWS\\System32\\Wbem;C:\\WINDOWS\\System32\\WindowsPowerShell\\v1.0\\;C:\\WINDOWS\\System32\\OpenSSH\\;C:\\Program Files\\NVIDIA Corporation\\NVIDIA app\\NvDLISR;C:\\Program Files\\dotnet\\;C:\\Program Files (x86)\\Windows Kits\\10\\Windows Performance Toolkit\\;C:\\Program Files\\Git\\cmd;C:\\Program Files\\MATLAB\\bin;C:\\Program Files\\MATLAB\\R2025b\\bin;C:\\Users\\tommy\\AppData\\Local\\Programs\\Python\\Launcher\\;C:\\Users\\tommy\\AppData\\Local\\Microsoft\\WindowsApps;C:\\Users\\tommy\\AppData\\Local\\GitHubDesktop\\bin;C:\\Users\\tommy\\.dotnet\\tools;C:\\Users\\tommy\\AppData\\Local\\Programs\\Microsoft VS Code\\bin')]), 'shell': False}
[0.093000] (-) TimerEvent: {}
[0.203000] (-) TimerEvent: {}
[0.312000] (-) TimerEvent: {}
[0.421000] (-) TimerEvent: {}
[0.531000] (-) TimerEvent: {}
[0.640000] (-) TimerEvent: {}
[0.750000] (custom_interfaces) StdoutLine: {'line': b'-- The C compiler identification is MSVC 19.42.34436.0\n'}
[0.750000] (-) TimerEvent: {}
[0.859000] (-) TimerEvent: {}
[0.968000] (-) TimerEvent: {}
[1.078000] (-) TimerEvent: {}
[1.093000] (custom_interfaces) StdoutLine: {'line': b'-- The CXX compiler identification is MSVC 19.42.34436.0\n'}
[1.156000] (custom_interfaces) StdoutLine: {'line': b'-- Detecting C compiler ABI info\n'}
[1.187000] (-) TimerEvent: {}
[1.296000] (-) TimerEvent: {}
[1.406000] (-) TimerEvent: {}
[1.515000] (-) TimerEvent: {}
[1.625000] (-) TimerEvent: {}
[1.734000] (-) TimerEvent: {}
[1.843000] (-) TimerEvent: {}
[1.953000] (-) TimerEvent: {}
[2.046000] (custom_interfaces) StdoutLine: {'line': b'-- Detecting C compiler ABI info - done\n'}
[2.062000] (-) TimerEvent: {}
[2.078000] (custom_interfaces) StdoutLine: {'line': b'-- Check for working C compiler: C:/Program Files/Microsoft Visual Studio/2022/Community/VC/Tools/MSVC/14.42.34433/bin/Hostx86/x64/cl.exe - skipped\n'}
[2.078000] (custom_interfaces) StdoutLine: {'line': b'-- Detecting C compile features\n'}
[2.078000] (custom_interfaces) StdoutLine: {'line': b'-- Detecting C compile features - done\n'}
[2.093000] (custom_interfaces) StdoutLine: {'line': b'-- Detecting CXX compiler ABI info\n'}
[2.171000] (-) TimerEvent: {}
[2.281000] (-) TimerEvent: {}
[2.390000] (-) TimerEvent: {}
[2.500000] (-) TimerEvent: {}
[2.609000] (-) TimerEvent: {}
[2.718000] (custom_interfaces) StdoutLine: {'line': b'-- Detecting CXX compiler ABI info - done\n'}
[2.718000] (-) TimerEvent: {}
[2.734000] (custom_interfaces) StdoutLine: {'line': b'-- Check for working CXX compiler: C:/Program Files/Microsoft Visual Studio/2022/Community/VC/Tools/MSVC/14.42.34433/bin/Hostx86/x64/cl.exe - skipped\n'}
[2.734000] (custom_interfaces) StdoutLine: {'line': b'-- Detecting CXX compile features\n'}
[2.734000] (custom_interfaces) StdoutLine: {'line': b'-- Detecting CXX compile features - done\n'}
[2.734000] (custom_interfaces) StdoutLine: {'line': b'-- Building for ROS 2 Jazzy\n'}
[2.765000] (custom_interfaces) StdoutLine: {'line': b'-- Found ament_cmake: 2.5.2 (C:/Program Files/MATLAB/sys/ros2/win64/ros2/share/ament_cmake/cmake)\n'}
[2.828000] (-) TimerEvent: {}
[2.937000] (-) TimerEvent: {}
[3.046000] (-) TimerEvent: {}
[3.156000] (-) TimerEvent: {}
[3.265000] (-) TimerEvent: {}
[3.375000] (-) TimerEvent: {}
[3.484000] (-) TimerEvent: {}
[3.546000] (custom_interfaces) StdoutLine: {'line': b'-- Found Python3: C:/Users/tommy/AppData/Roaming/MathWorks/MATLAB/R2026a/ros2/win64/venv/Scripts/python.exe (found version "3.10.11") found components: Interpreter \n'}
[3.593000] (-) TimerEvent: {}
[3.703000] (-) TimerEvent: {}
[3.765000] (custom_interfaces) StdoutLine: {'line': b'-- Found ament_cmake_ros: 0.12.0 (C:/Program Files/MATLAB/sys/ros2/win64/ros2/share/ament_cmake_ros/cmake)\n'}
[3.796000] (custom_interfaces) StdoutLine: {'line': b'-- Found rosidl_typesupport_c: 3.2.2 (C:/Program Files/MATLAB/sys/ros2/win64/ros2/share/rosidl_typesupport_c/cmake)\n'}
[3.796000] (custom_interfaces) StdoutLine: {'line': b'-- Using all available rosidl_typesupport_c: rosidl_typesupport_fastrtps_c;rosidl_typesupport_introspection_c\n'}
[3.812000] (-) TimerEvent: {}
[3.890000] (custom_interfaces) StdoutLine: {'line': b'-- Found rosidl_typesupport_cpp: 3.2.2 (C:/Program Files/MATLAB/sys/ros2/win64/ros2/share/rosidl_typesupport_cpp/cmake)\n'}
[3.890000] (custom_interfaces) StdoutLine: {'line': b'-- Using all available rosidl_typesupport_cpp: rosidl_typesupport_fastrtps_cpp;rosidl_typesupport_introspection_cpp\n'}
[3.921000] (-) TimerEvent: {}
[3.968000] (custom_interfaces) StdoutLine: {'line': b'-- Found rosidl_default_generators: 1.6.0 (C:/Program Files/MATLAB/sys/ros2/win64/ros2/share/rosidl_default_generators/cmake)\n'}
[4.000000] (custom_interfaces) StdoutLine: {'line': b'-- Found rosidl_adapter: 4.8.1 (C:/Program Files/MATLAB/sys/ros2/win64/ros2/share/rosidl_adapter/cmake)\n'}
[4.000000] (custom_interfaces) StdoutLine: {'line': b'-- Found class_loader: 2.7.0 (C:/Program Files/MATLAB/sys/ros2/win64/ros2/share/class_loader/cmake)\n'}
[4.015000] (custom_interfaces) StdoutLine: {'line': b'-- Found rclcpp: 28.1.3 (C:/Program Files/MATLAB/sys/ros2/win64/ros2/share/rclcpp/cmake)\n'}
[4.031000] (-) TimerEvent: {}
[4.140000] (-) TimerEvent: {}
[4.187000] (custom_interfaces) StdoutLine: {'line': b'-- Found rmw_implementation_cmake: 7.3.1 (C:/Program Files/MATLAB/sys/ros2/win64/ros2/share/rmw_implementation_cmake/cmake)\n'}
[4.187000] (custom_interfaces) StdoutLine: {'line': b'-- Found rmw_fastrtps_cpp: 9.0.0 (C:/Program Files/MATLAB/sys/ros2/win64/ros2/share/rmw_fastrtps_cpp/cmake)\n'}
[4.250000] (-) TimerEvent: {}
[4.312000] (custom_interfaces) StdoutLine: {'line': b'-- Found FastRTPS: C:/Program Files/MATLAB/sys/ros2/win64/ros2/include (Required is at least version "2.13") \n'}
[4.343000] (custom_interfaces) StdoutLine: {'line': b"-- Using RMW implementation 'rmw_fastrtps_cpp' as default\n"}
[4.359000] (-) TimerEvent: {}
[4.468000] (-) TimerEvent: {}
[4.578000] (-) TimerEvent: {}
[4.687000] (-) TimerEvent: {}
[4.796000] (-) TimerEvent: {}
[4.906000] (-) TimerEvent: {}
[5.015000] (-) TimerEvent: {}
[5.125000] (-) TimerEvent: {}
[5.234000] (custom_interfaces) StdoutLine: {'line': b'-- Using all available rosidl_typesupport_c: rosidl_typesupport_fastrtps_c;rosidl_typesupport_introspection_c\n'}
[5.234000] (-) TimerEvent: {}
[5.343000] (-) TimerEvent: {}
[5.453000] (-) TimerEvent: {}
[5.531000] (custom_interfaces) StdoutLine: {'line': b'-- Using all available rosidl_typesupport_cpp: rosidl_typesupport_fastrtps_cpp;rosidl_typesupport_introspection_cpp\n'}
[5.562000] (-) TimerEvent: {}
[5.593000] (custom_interfaces) StdoutLine: {'line': b'-- Configuring done\n'}
[5.671000] (-) TimerEvent: {}
[5.765000] (custom_interfaces) StdoutLine: {'line': b'-- Generating done\n'}
[5.781000] (-) TimerEvent: {}
[5.828000] (custom_interfaces) StdoutLine: {'line': b'-- Build files have been written to: C:/Users/tommy/MATLAB/controls-onboarding-2027/src/assets/matlab_msg_gen_R2026a/win64/build/custom_interfaces\n'}
[5.843000] (custom_interfaces) CommandEnded: {'returncode': 0}
[5.843000] (custom_interfaces) JobProgress: {'identifier': 'custom_interfaces', 'progress': 'build'}
[5.843000] (custom_interfaces) Command: {'cmd': ['C:\\Program Files\\MATLAB\\bin\\win64\\cmake\\bin\\cmake.EXE', '--build', 'C:\\Users\\tommy\\MATLAB\\controls-onboarding-2027\\src\\assets\\matlab_msg_gen_R2026a\\win64\\build\\custom_interfaces', '--', '-j16', '-l16'], 'cwd': 'C:\\Users\\tommy\\MATLAB\\controls-onboarding-2027\\src\\assets\\matlab_msg_gen_R2026a\\win64\\build\\custom_interfaces', 'env': OrderedDict([('ACTUAL_CMD_PARAM', 'build  --merge-install  --cmake-args -DCMAKE_BUILD_TYPE=Release -DBUILD_TESTING=OFF  -DALIAS_ROS2_TF2=1  -DCMAKE_CXX_FLAGS_RELEASE="/MD /Od /Ob2 /DNDEBUG"   -G Ninja'), ('ACTUAL_ENV_CMD_PARAM', '"C:\\Program Files\\MATLAB\\bin\\win64\\cmake\\bin" build  --merge-install  --cmake-args -DCMAKE_BUILD_TYPE=Release -DBUILD_TESTING=OFF  -DALIAS_ROS2_TF2=1  -DCMAKE_CXX_FLAGS_RELEASE="/MD /Od /Ob2 /DNDEBUG"   -G Ninja'), ('ALLUSERSPROFILE', 'C:\\ProgramData'), ('AMENT_PREFIX_PATH', 'C:\\Program Files\\MATLAB\\sys\\ros2\\win64\\ros2;C:\\Program Files\\MATLAB\\sys\\ros2\\win64\\ros2'), ('APPDATA', 'C:\\Users\\tommy\\AppData\\Roaming'), ('CMAKE_PATH', 'C:\\Program Files\\MATLAB\\bin\\win64\\cmake\\bin'), ('CMAKE_PREFIX_PATH', 'C:\\Program Files\\MATLAB\\sys\\ros2\\win64\\ros2;C:\\Program Files\\MATLAB\\sys\\ros2\\win64\\ros2'), ('COLCON', '1'), ('COLCON_PREFIX_PATH', 'C:\\Program Files\\MATLAB\\sys\\ros2\\win64\\ros2;C:\\Program Files\\MATLAB\\sys\\ros2\\win64\\ros2'), ('CommandPromptType', 'Cross'), ('CommonProgramFiles', 'C:\\Program Files\\Common Files'), ('CommonProgramFiles(x86)', 'C:\\Program Files (x86)\\Common Files'), ('CommonProgramW6432', 'C:\\Program Files\\Common Files'), ('COMPUTERNAME', 'MSI'), ('ComSpec', 'C:\\WINDOWS\\system32\\cmd.exe'), ('configsetroot', 'C:\\WINDOWS\\ConfigSetRoot'), ('CUSTOM_AMENT_PREFIX_PATH', 'C:\\Program Files\\MATLAB\\sys\\ros2\\win64\\ros2'), ('DevEnvDir', 'C:\\Program Files\\Microsoft Visual Studio\\2022\\Community\\Common7\\IDE\\'), ('DriverData', 'C:\\Windows\\System32\\Drivers\\DriverData'), ('EFC_12780_1262719628', '1'), ('EFC_12780_1592913036', '1'), ('EFC_12780_2283032206', '1'), ('EFC_12780_2775293581', '1'), ('EFC_12780_2946480783', '1'), ('EFC_12780_3789132940', '1'), ('EFC_12780_4126798990', '1'), ('ExtensionSdkDir', 'C:\\Program Files (x86)\\Microsoft SDKs\\Windows Kits\\10\\ExtensionSDKs'), ('EXTERNAL_INCLUDE', 'C:\\Program Files\\Microsoft Visual Studio\\2022\\Community\\VC\\Tools\\MSVC\\14.42.34433\\include;C:\\Program Files\\Microsoft Visual Studio\\2022\\Community\\VC\\Auxiliary\\VS\\include;C:\\Program Files (x86)\\Windows Kits\\10\\include\\10.0.22621.0\\ucrt;C:\\Program Files (x86)\\Windows Kits\\10\\\\include\\10.0.22621.0\\\\um;C:\\Program Files (x86)\\Windows Kits\\10\\\\include\\10.0.22621.0\\\\shared;C:\\Program Files (x86)\\Windows Kits\\10\\\\include\\10.0.22621.0\\\\winrt;C:\\Program Files (x86)\\Windows Kits\\10\\\\include\\10.0.22621.0\\\\cppwinrt;C:\\Program Files (x86)\\Windows Kits\\NETFXSDK\\4.8\\include\\um'), ('FargoDataPath', 'C:\\Users\\tommy\\OneDrive\\Documents\\My Games\\Terraria\\tModLoader\\Dev'), ('FPS_BROWSER_APP_PROFILE_STRING', 'Internet Explorer'), ('FPS_BROWSER_USER_PROFILE_STRING', 'Default'), ('Framework40Version', 'v4.0'), ('FrameworkDir', 'C:\\Windows\\Microsoft.NET\\Framework\\'), ('FrameworkDir32', 'C:\\Windows\\Microsoft.NET\\Framework\\'), ('FrameworkDir64', 'C:\\Windows\\Microsoft.NET\\Framework64\\'), ('FrameworkVersion', 'v4.0.30319'), ('FrameworkVersion32', 'v4.0.30319'), ('FrameworkVersion64', 'v4.0.30319'), ('HOMEDRIVE', 'C:'), ('HOMEPATH', '\\Users\\tommy'), ('ICU_TIMEZONE_FILES_DIR', 'C:\\Program Files\\MATLAB/bin/icutzdata'), ('INCLUDE', 'C:\\Program Files\\Microsoft Visual Studio\\2022\\Community\\VC\\Tools\\MSVC\\14.42.34433\\include;C:\\Program Files\\Microsoft Visual Studio\\2022\\Community\\VC\\Auxiliary\\VS\\include;C:\\Program Files (x86)\\Windows Kits\\10\\include\\10.0.22621.0\\ucrt;C:\\Program Files (x86)\\Windows Kits\\10\\\\include\\10.0.22621.0\\\\um;C:\\Program Files (x86)\\Windows Kits\\10\\\\include\\10.0.22621.0\\\\shared;C:\\Program Files (x86)\\Windows Kits\\10\\\\include\\10.0.22621.0\\\\winrt;C:\\Program Files (x86)\\Windows Kits\\10\\\\include\\10.0.22621.0\\\\cppwinrt;C:\\Program Files (x86)\\Windows Kits\\NETFXSDK\\4.8\\include\\um'), ('KMP_BLOCKTIME', '1'), ('KMP_HANDLE_SIGNALS', '0'), ('KMP_STACKSIZE', '512k'), ('LIB', 'C:\\Program Files\\Microsoft Visual Studio\\2022\\Community\\VC\\Tools\\MSVC\\14.42.34433\\lib\\x64;C:\\Program Files (x86)\\Windows Kits\\NETFXSDK\\4.8\\lib\\um\\x64;C:\\Program Files (x86)\\Windows Kits\\10\\lib\\10.0.22621.0\\ucrt\\x64;C:\\Program Files (x86)\\Windows Kits\\10\\\\lib\\10.0.22621.0\\\\um\\x64'), ('LIBPATH', 'C:\\Program Files\\Microsoft Visual Studio\\2022\\Community\\VC\\Tools\\MSVC\\14.42.34433\\lib\\x64;C:\\Program Files\\Microsoft Visual Studio\\2022\\Community\\VC\\Tools\\MSVC\\14.42.34433\\lib\\x86\\store\\references;C:\\Program Files (x86)\\Windows Kits\\10\\UnionMetadata\\10.0.22621.0;C:\\Program Files (x86)\\Windows Kits\\10\\References\\10.0.22621.0;C:\\Windows\\Microsoft.NET\\Framework\\v4.0.30319'), ('LOCALAPPDATA', 'C:\\Users\\tommy\\AppData\\Local'), ('LOGONSERVER', '\\\\MSI'), ('MATLAB_ARCH', 'win64'), ('MWAPIKEY', 'vrQrYsdOMsvwURzs'), ('MWCONCP', '437'), ('MW_CONNECTOR_COOKIE_SETTINGS', '[{"prefix":"ch_","suffix":"_26024"}]'), ('NETFXSDKDir', 'C:\\Program Files (x86)\\Windows Kits\\NETFXSDK\\4.8\\'), ('NUMBER_OF_PROCESSORS', '16'), ('NVIDIAWHITELISTED', '0x01'), ('OneDrive', 'C:\\Users\\tommy\\OneDrive'), ('OS', 'Windows_NT'), ('Path', 'C:\\Program Files\\MATLAB\\bin\\win64\\cmake\\bin;;C:\\Program Files\\MATLAB\\sys\\ros2\\win64\\ros2\\Scripts;C:\\Program Files\\MATLAB\\sys\\ros2\\win64\\ros2\\bin;C:\\Program Files\\Microsoft Visual Studio\\2022\\Community\\VC\\Tools\\MSVC\\14.42.34433\\bin\\HostX86\\x64;C:\\Program Files\\Microsoft Visual Studio\\2022\\Community\\VC\\Tools\\MSVC\\14.42.34433\\bin\\HostX86\\x86;C:\\Program Files\\Microsoft Visual Studio\\2022\\Community\\Common7\\IDE\\VC\\VCPackages;C:\\Program Files\\Microsoft Visual Studio\\2022\\Community\\Common7\\IDE\\CommonExtensions\\Microsoft\\TestWindow;C:\\Program Files\\Microsoft Visual Studio\\2022\\Community\\Common7\\IDE\\CommonExtensions\\Microsoft\\TeamFoundation\\Team Explorer;C:\\Program Files\\Microsoft Visual Studio\\2022\\Community\\MSBuild\\Current\\bin\\Roslyn;C:\\Program Files (x86)\\Microsoft SDKs\\Windows\\v10.0A\\bin\\NETFX 4.8 Tools\\;C:\\Program Files\\Microsoft Visual Studio\\2022\\Community\\Team Tools\\DiagnosticsHub\\Collector;C:\\Program Files (x86)\\Windows Kits\\10\\bin\\10.0.22621.0\\\\x86;C:\\Program Files (x86)\\Windows Kits\\10\\bin\\\\x86;C:\\Program Files\\Microsoft Visual Studio\\2022\\Community\\\\MSBuild\\Current\\Bin\\amd64;C:\\Windows\\Microsoft.NET\\Framework\\v4.0.30319;C:\\Program Files\\Microsoft Visual Studio\\2022\\Community\\Common7\\IDE\\;C:\\Program Files\\Microsoft Visual Studio\\2022\\Community\\Common7\\Tools\\;C:\\Users\\tommy\\AppData\\Roaming\\MathWorks\\MATLAB\\R2026a\\ros2\\win64\\venv\\Scripts;C:\\Program Files\\MATLAB\\bin\\win64;C:\\Program Files\\MATLAB\\toolbox\\shared\\coder\\ninja\\win64;C:\\Windows\\system32;C:\\Windows;C:\\Windows\\System32\\Wbem;C:\\Windows\\System32\\WindowsPowerShell\\v1.0\\;C:\\Windows\\System32\\OpenSSH\\;C:\\Program Files (x86)\\NVIDIA Corporation\\PhysX\\Common;C:\\WINDOWS\\system32;C:\\WINDOWS;C:\\WINDOWS\\System32\\Wbem;C:\\WINDOWS\\System32\\WindowsPowerShell\\v1.0\\;C:\\WINDOWS\\System32\\OpenSSH\\;C:\\Program Files\\NVIDIA Corporation\\NVIDIA app\\NvDLISR;C:\\Program Files\\dotnet\\;C:\\Program Files (x86)\\Windows Kits\\10\\Windows Performance Toolkit\\;C:\\Program Files\\Git\\cmd;C:\\Program Files\\MATLAB\\bin;C:\\Program Files\\MATLAB\\R2025b\\bin;C:\\Users\\tommy\\AppData\\Local\\Programs\\Python\\Launcher\\;C:\\Users\\tommy\\AppData\\Local\\Microsoft\\WindowsApps;C:\\Users\\tommy\\AppData\\Local\\GitHubDesktop\\bin;C:\\Users\\tommy\\.dotnet\\tools;C:\\Users\\tommy\\AppData\\Local\\Programs\\Microsoft VS Code\\bin;C:\\Program Files\\Microsoft Visual Studio\\2022\\Community\\VC\\vcpkg'), ('PATHEXT', '.COM;.EXE;.BAT;.CMD;.VBS;.VBE;.JS;.JSE;.WSF;.WSH;.MSC'), ('PKG_CONFIG_PATH', '"C:\\Program Files\\MATLAB\\sys\\ros2\\win64\\ros2\\lib\\pkgconfig"'), ('Platform', 'x64'), ('PROCESSOR_ARCHITECTURE', 'AMD64'), ('PROCESSOR_IDENTIFIER', 'Intel64 Family 6 Model 141 Stepping 1, GenuineIntel'), ('PROCESSOR_LEVEL', '6'), ('PROCESSOR_REVISION', '8d01'), ('ProgramData', 'C:\\ProgramData'), ('ProgramFiles', 'C:\\Program Files'), ('ProgramFiles(x86)', 'C:\\Program Files (x86)'), ('ProgramW6432', 'C:\\Program Files'), ('PROMPT', '(venv) $P$G'), ('PSModulePath', 'C:\\Program Files\\WindowsPowerShell\\Modules;C:\\WINDOWS\\system32\\WindowsPowerShell\\v1.0\\Modules'), ('PUBLIC', 'C:\\Users\\Public'), ('PYTHONPATH', ';C:\\Program Files\\MATLAB\\sys\\ros2\\win64\\ros2\\lib\\site-packages;C:\\Users\\tommy\\AppData\\Roaming\\MathWorks\\MATLAB\\R2026a\\ros2\\win64\\venv\\lib\\site-packages'), ('PYTHON_VENV_PATH', 'C:\\Users\\tommy\\AppData\\Roaming\\MathWorks\\MATLAB\\R2026a\\ros2\\win64\\venv'), ('QT_QPA_PLATFORM', 'windows:fontengine=freetype'), ('ROS_DISTRO', 'jazzy'), ('SESSIONNAME', 'Console'), ('SHIM_MCCOMPAT', '0x800000001'), ('SystemDrive', 'C:'), ('SystemRoot', 'C:\\WINDOWS'), ('TEMP', 'C:\\Users\\tommy\\AppData\\Local\\Temp'), ('TMP', 'C:\\Users\\tommy\\AppData\\Local\\Temp'), ('UCRTVersion', '10.0.22621.0'), ('UniversalCRTSdkDir', 'C:\\Program Files (x86)\\Windows Kits\\10\\'), ('USERDOMAIN', 'MSI'), ('USERDOMAIN_ROAMINGPROFILE', 'MSI'), ('USERNAME', 'tommy'), ('USERPROFILE', 'C:\\Users\\tommy'), ('VCIDEInstallDir', 'C:\\Program Files\\Microsoft Visual Studio\\2022\\Community\\Common7\\IDE\\VC\\'), ('VCINSTALLDIR', 'C:\\Program Files\\Microsoft Visual Studio\\2022\\Community\\VC\\'), ('VCPKG_ROOT', 'C:\\Program Files\\Microsoft Visual Studio\\2022\\Community\\VC\\vcpkg'), ('VCToolsInstallDir', 'C:\\Program Files\\Microsoft Visual Studio\\2022\\Community\\VC\\Tools\\MSVC\\14.42.34433\\'), ('VCToolsRedistDir', 'C:\\Program Files\\Microsoft Visual Studio\\2022\\Community\\VC\\Redist\\MSVC\\14.42.34433\\'), ('VCToolsVersion', '14.42.34433'), ('VCVARS_CMD', '"C:\\Program Files\\Microsoft Visual Studio\\2022\\Community\\VC\\Auxiliary\\Build\\VCVARSALL.BAT"'), ('VIRTUAL_ENV', 'C:\\Users\\tommy\\AppData\\Roaming\\MathWorks\\MATLAB\\R2026a\\ros2\\win64\\venv'), ('VIRTUAL_ENV_PROMPT', '(venv)'), ('VisualStudioVersion', '17.0'), ('VS170COMNTOOLS', 'C:\\Program Files\\Microsoft Visual Studio\\2022\\Community\\Common7\\Tools\\'), ('VSCMD_ARG_app_plat', 'Desktop'), ('VSCMD_ARG_HOST_ARCH', 'x86'), ('VSCMD_ARG_TGT_ARCH', 'x64'), ('VSCMD_VER', '17.12.4'), ('VSINSTALLDIR', 'C:\\Program Files\\Microsoft Visual Studio\\2022\\Community\\'), ('windir', 'C:\\WINDOWS'), ('WindowsLibPath', 'C:\\Program Files (x86)\\Windows Kits\\10\\UnionMetadata\\10.0.22621.0;C:\\Program Files (x86)\\Windows Kits\\10\\References\\10.0.22621.0'), ('WindowsSdkBinPath', 'C:\\Program Files (x86)\\Windows Kits\\10\\bin\\'), ('WindowsSdkDir', 'C:\\Program Files (x86)\\Windows Kits\\10\\'), ('WindowsSDKLibVersion', '10.0.22621.0\\'), ('WindowsSdkVerBinPath', 'C:\\Program Files (x86)\\Windows Kits\\10\\bin\\10.0.22621.0\\'), ('WindowsSDKVersion', '10.0.22621.0\\'), ('WindowsSDK_ExecutablePath_x64', 'C:\\Program Files (x86)\\Microsoft SDKs\\Windows\\v10.0A\\bin\\NETFX 4.8 Tools\\x64\\'), ('WindowsSDK_ExecutablePath_x86', 'C:\\Program Files (x86)\\Microsoft SDKs\\Windows\\v10.0A\\bin\\NETFX 4.8 Tools\\'), ('WoTGDataPath', 'C:\\Users\\tommy\\OneDrive\\Documents\\My Games\\Terraria\\tModLoader\\Dev'), ('ZES_ENABLE_SYSMAN', '1'), ('_all', '"C:\\Program Files\\Microsoft Visual Studio\\2022\\Community\\VC\\Auxiliary\\Build\\VCVARSALL.BAT" "C:\\Program Files\\MATLAB\\sys\\ros2\\win64\\ros2" "C:\\Users\\tommy\\AppData\\Roaming\\MathWorks\\MATLAB\\R2026a\\ros2\\win64\\venv" "C:\\Program Files\\MATLAB\\bin\\win64\\cmake\\bin" build  --merge-install  --cmake-args -DCMAKE_BUILD_TYPE=Release -DBUILD_TESTING=OFF  -DALIAS_ROS2_TF2=1  -DCMAKE_CXX_FLAGS_RELEASE="/MD /Od /Ob2 /DNDEBUG"   -G Ninja'), ('_OLD_VIRTUAL_PATH', 'C:\\Program Files\\MATLAB\\bin\\win64;C:\\Program Files\\MATLAB\\toolbox\\shared\\coder\\ninja\\win64;C:\\Windows\\system32;C:\\Windows;C:\\Windows\\System32\\Wbem;C:\\Windows\\System32\\WindowsPowerShell\\v1.0\\;C:\\Windows\\System32\\OpenSSH\\;C:\\Program Files (x86)\\NVIDIA Corporation\\PhysX\\Common;C:\\WINDOWS\\system32;C:\\WINDOWS;C:\\WINDOWS\\System32\\Wbem;C:\\WINDOWS\\System32\\WindowsPowerShell\\v1.0\\;C:\\WINDOWS\\System32\\OpenSSH\\;C:\\Program Files\\NVIDIA Corporation\\NVIDIA app\\NvDLISR;C:\\Program Files\\dotnet\\;C:\\Program Files (x86)\\Windows Kits\\10\\Windows Performance Toolkit\\;C:\\Program Files\\Git\\cmd;C:\\Program Files\\MATLAB\\bin;C:\\Program Files\\MATLAB\\R2025b\\bin;C:\\Users\\tommy\\AppData\\Local\\Programs\\Python\\Launcher\\;C:\\Users\\tommy\\AppData\\Local\\Microsoft\\WindowsApps;C:\\Users\\tommy\\AppData\\Local\\GitHubDesktop\\bin;C:\\Users\\tommy\\.dotnet\\tools;C:\\Users\\tommy\\AppData\\Local\\Programs\\Microsoft VS Code\\bin'), ('_OLD_VIRTUAL_PROMPT', '$P$G'), ('__DOTNET_ADD_32BIT', '1'), ('__DOTNET_ADD_64BIT', '1'), ('__DOTNET_PREFERRED_BITNESS', '32'), ('__KMP_REGISTERED_LIB_14412', '00007FFA03C84D04-cafec8ca-libiomp5md.dll'), ('__PSLockDownPolicy', '0'), ('__VSCMD_PREINIT_PATH', 'C:\\Users\\tommy\\AppData\\Roaming\\MathWorks\\MATLAB\\R2026a\\ros2\\win64\\venv\\Scripts;C:\\Program Files\\MATLAB\\bin\\win64;C:\\Program Files\\MATLAB\\toolbox\\shared\\coder\\ninja\\win64;C:\\Windows\\system32;C:\\Windows;C:\\Windows\\System32\\Wbem;C:\\Windows\\System32\\WindowsPowerShell\\v1.0\\;C:\\Windows\\System32\\OpenSSH\\;C:\\Program Files (x86)\\NVIDIA Corporation\\PhysX\\Common;C:\\WINDOWS\\system32;C:\\WINDOWS;C:\\WINDOWS\\System32\\Wbem;C:\\WINDOWS\\System32\\WindowsPowerShell\\v1.0\\;C:\\WINDOWS\\System32\\OpenSSH\\;C:\\Program Files\\NVIDIA Corporation\\NVIDIA app\\NvDLISR;C:\\Program Files\\dotnet\\;C:\\Program Files (x86)\\Windows Kits\\10\\Windows Performance Toolkit\\;C:\\Program Files\\Git\\cmd;C:\\Program Files\\MATLAB\\bin;C:\\Program Files\\MATLAB\\R2025b\\bin;C:\\Users\\tommy\\AppData\\Local\\Programs\\Python\\Launcher\\;C:\\Users\\tommy\\AppData\\Local\\Microsoft\\WindowsApps;C:\\Users\\tommy\\AppData\\Local\\GitHubDesktop\\bin;C:\\Users\\tommy\\.dotnet\\tools;C:\\Users\\tommy\\AppData\\Local\\Programs\\Microsoft VS Code\\bin')]), 'shell': False}
[5.890000] (-) TimerEvent: {}
[6.000000] (-) TimerEvent: {}
[6.109000] (-) TimerEvent: {}
[6.156000] (custom_interfaces) StdoutLine: {'line': b'[1/27] Generating type hashes for ROS interfaces\r\n'}
[6.218000] (-) TimerEvent: {}
[6.328000] (-) TimerEvent: {}
[6.437000] (-) TimerEvent: {}
[6.500000] (custom_interfaces) StdoutLine: {'line': b'[2/27] Generating C++ code for ROS interfaces\r\n'}
[6.515000] (custom_interfaces) StdoutLine: {'line': b'[3/27] Generating C code for ROS interfaces\r\n'}
[6.546000] (-) TimerEvent: {}
[6.593000] (custom_interfaces) StdoutLine: {'line': b'[4/27] Building C object CMakeFiles\\custom_interfaces__rosidl_generator_c.dir\\rosidl_generator_c\\custom_interfaces\\msg\\detail\\sensors__type_support.c.obj\r\n'}
[6.593000] (custom_interfaces) StdoutLine: {'line': b'[5/27] Building C object CMakeFiles\\custom_interfaces__rosidl_generator_c.dir\\rosidl_generator_c\\custom_interfaces\\msg\\detail\\sensors__description.c.obj\r\n'}
[6.609000] (custom_interfaces) StdoutLine: {'line': b'[6/27] Building C object CMakeFiles\\custom_interfaces__rosidl_generator_c.dir\\rosidl_generator_c\\custom_interfaces\\msg\\detail\\sensors__functions.c.obj\r\n'}
[6.656000] (-) TimerEvent: {}
[6.765000] (-) TimerEvent: {}
[6.859000] (custom_interfaces) StdoutLine: {'line': b'[7/27] Linking C shared library custom_interfaces__rosidl_generator_c.dll\r\n'}
[6.875000] (-) TimerEvent: {}
[6.984000] (-) TimerEvent: {}
[7.093000] (-) TimerEvent: {}
[7.203000] (-) TimerEvent: {}
[7.218000] (custom_interfaces) StdoutLine: {'line': b'[8/27] Generating C++ type support dispatch for ROS interfaces\r\n'}
[7.281000] (custom_interfaces) StdoutLine: {'line': b'[9/27] Generating C type support dispatch for ROS interfaces\r\n'}
[7.296000] (custom_interfaces) StdoutLine: {'line': b'[10/27] Generating C type support for eProsima Fast-RTPS\r\n'}
[7.312000] (custom_interfaces) StdoutLine: {'line': b'[11/27] Generating C introspection for ROS interfaces\r\n'}
[7.312000] (-) TimerEvent: {}
[7.328000] (custom_interfaces) StdoutLine: {'line': b'[12/27] Generating C++ introspection for ROS interfaces\r\n'}
[7.359000] (custom_interfaces) StdoutLine: {'line': b'[13/27] Generating C++ type support for eProsima Fast-RTPS\r\n'}
[7.421000] (custom_interfaces) StdoutLine: {'line': b'[14/27] Building C object CMakeFiles\\custom_interfaces__rosidl_typesupport_introspection_c.dir\\f0c2fa0cb9b0e3ce1b5836a5267b3fea\\detail\\sensors__type_support.c.obj\r\n'}
[7.421000] (-) TimerEvent: {}
[7.437000] (custom_interfaces) StdoutLine: {'line': b'[15/27] Building CXX object CMakeFiles\\custom_interfaces__rosidl_typesupport_c.dir\\rosidl_typesupport_c\\custom_interfaces\\msg\\sensors__type_support.cpp.obj\r\n'}
[7.531000] (-) TimerEvent: {}
[7.640000] (-) TimerEvent: {}
[7.703000] (custom_interfaces) StdoutLine: {'line': b'[16/27] Building CXX object CMakeFiles\\custom_interfaces__rosidl_typesupport_cpp.dir\\rosidl_typesupport_cpp\\custom_interfaces\\msg\\sensors__type_support.cpp.obj\r\n'}
[7.718000] (custom_interfaces) StdoutLine: {'line': b'[17/27] Building CXX object CMakeFiles\\custom_interfaces__rosidl_typesupport_introspection_cpp.dir\\5fd09a25305bfee364c153810a78567d\\sensors__type_support.cpp.obj\r\n'}
[7.750000] (-) TimerEvent: {}
[7.765000] (custom_interfaces) StdoutLine: {'line': b'[18/27] Linking CXX shared library custom_interfaces__rosidl_typesupport_c.dll\r\n'}
[7.765000] (custom_interfaces) StdoutLine: {'line': b'[19/27] Linking C shared library custom_interfaces__rosidl_typesupport_introspection_c.dll\r\n'}
[7.812000] (custom_interfaces) StdoutLine: {'line': b'[20/27] Building CXX object CMakeFiles\\custom_interfaces__rosidl_typesupport_fastrtps_c.dir\\31955a70432c130709ef36ab640f7147\\detail\\sensors__type_support_c.cpp.obj\r\n'}
[7.812000] (custom_interfaces) StdoutLine: {'line': b"cl : Command line warning D9025 : overriding '/W3' with '/W4'\n"}
[7.859000] (-) TimerEvent: {}
[7.890000] (custom_interfaces) StdoutLine: {'line': b'[21/27] Building CXX object CMakeFiles\\custom_interfaces__rosidl_typesupport_fastrtps_cpp.dir\\2468f415ade9bf0dc6cf0385a29a8a6d\\sensors__type_support.cpp.obj\r\n'}
[7.890000] (custom_interfaces) StdoutLine: {'line': b"cl : Command line warning D9025 : overriding '/W3' with '/W4'\n"}
[7.984000] (-) TimerEvent: {}
[8.046000] (custom_interfaces) StdoutLine: {'line': b'[22/27] Linking CXX shared library custom_interfaces__rosidl_typesupport_introspection_cpp.dll\r\n'}
[8.046000] (custom_interfaces) StdoutLine: {'line': b'[23/27] Linking CXX shared library custom_interfaces__rosidl_typesupport_cpp.dll\r\n'}
[8.093000] (-) TimerEvent: {}
[8.125000] (custom_interfaces) StdoutLine: {'line': b'[24/27] Linking CXX shared library custom_interfaces__rosidl_typesupport_fastrtps_c.dll\r\n'}
[8.187000] (custom_interfaces) StdoutLine: {'line': b'[25/27] Linking CXX shared library custom_interfaces__rosidl_typesupport_fastrtps_cpp.dll\r\n'}
[8.203000] (-) TimerEvent: {}
[8.312000] (-) TimerEvent: {}
[8.421000] (-) TimerEvent: {}
[8.531000] (-) TimerEvent: {}
[8.640000] (-) TimerEvent: {}
[8.750000] (-) TimerEvent: {}
[8.859000] (-) TimerEvent: {}
[8.968000] (-) TimerEvent: {}
[9.078000] (-) TimerEvent: {}
[9.187000] (-) TimerEvent: {}
[9.296000] (-) TimerEvent: {}
[9.406000] (-) TimerEvent: {}
[9.515000] (-) TimerEvent: {}
[9.625000] (-) TimerEvent: {}
[9.734000] (-) TimerEvent: {}
[9.843000] (-) TimerEvent: {}
[9.953000] (-) TimerEvent: {}
[10.062000] (-) TimerEvent: {}
[10.171000] (-) TimerEvent: {}
[10.281000] (-) TimerEvent: {}
[10.390000] (-) TimerEvent: {}
[10.500000] (-) TimerEvent: {}
[10.609000] (-) TimerEvent: {}
[10.718000] (-) TimerEvent: {}
[10.828000] (-) TimerEvent: {}
[10.937000] (-) TimerEvent: {}
[11.046000] (-) TimerEvent: {}
[11.156000] (-) TimerEvent: {}
[11.265000] (-) TimerEvent: {}
[11.375000] (-) TimerEvent: {}
[11.484000] (-) TimerEvent: {}
[11.593000] (-) TimerEvent: {}
[11.703000] (-) TimerEvent: {}
[11.812000] (-) TimerEvent: {}
[11.921000] (-) TimerEvent: {}
[12.031000] (-) TimerEvent: {}
[12.140000] (-) TimerEvent: {}
[12.250000] (-) TimerEvent: {}
[12.359000] (-) TimerEvent: {}
[12.468000] (-) TimerEvent: {}
[12.578000] (-) TimerEvent: {}
[12.687000] (-) TimerEvent: {}
[12.796000] (-) TimerEvent: {}
[12.906000] (-) TimerEvent: {}
[13.015000] (-) TimerEvent: {}
[13.125000] (-) TimerEvent: {}
[13.234000] (-) TimerEvent: {}
[13.343000] (-) TimerEvent: {}
[13.453000] (-) TimerEvent: {}
[13.562000] (-) TimerEvent: {}
[13.671000] (-) TimerEvent: {}
[13.781000] (-) TimerEvent: {}
[13.890000] (-) TimerEvent: {}
[13.984000] (custom_interfaces) StdoutLine: {'line': b'[26/27] Building CXX object CMakeFiles\\custom_interfaces_matlab.dir\\src\\custom_interfaces_Sensors_message.cpp.obj\r\n'}
[13.984000] (custom_interfaces) StdoutLine: {'line': b"C:\\Users\\tommy\\MATLAB\\controls-onboarding-2027\\src\\assets\\matlab_msg_gen_R2026a\\win64\\src\\custom_interfaces\\src\\custom_interfaces_Sensors_message.cpp(28): warning C4275: non dll-interface class 'MATLABROS2MsgInterfaceBase' used as base for dll-interface class 'MATLABROS2MsgInterface<custom_interfaces::msg::Sensors>'\n"}
[13.984000] (custom_interfaces) StdoutLine: {'line': b"C:\\Program Files\\MATLAB\\toolbox\\ros\\include\\ros2\\MATLABROS2MsgInterface.hpp(18): note: see declaration of 'MATLABROS2MsgInterfaceBase'\n"}
[13.984000] (custom_interfaces) StdoutLine: {'line': b"C:\\Program Files\\MATLAB\\toolbox\\ros\\include\\ros2\\MATLABROS2MsgInterface.hpp(59): note: see declaration of 'MATLABROS2MsgInterface<custom_interfaces::msg::Sensors>'\n"}
[13.984000] (custom_interfaces) StdoutLine: {'line': b"C:\\Users\\tommy\\MATLAB\\controls-onboarding-2027\\src\\assets\\matlab_msg_gen_R2026a\\win64\\src\\custom_interfaces\\src\\custom_interfaces_Sensors_message.cpp(119): warning C4275: non dll-interface class 'ROS2MsgElementInterfaceFactory' used as base for dll-interface class 'ros2_custom_interfaces_Sensors_message'\n"}
[13.984000] (custom_interfaces) StdoutLine: {'line': b"C:\\Program Files\\MATLAB\\toolbox\\ros\\include\\ros2\\MATLABROS2MsgInterface.hpp(23): note: see declaration of 'ROS2MsgElementInterfaceFactory'\n"}
[13.984000] (custom_interfaces) StdoutLine: {'line': b"C:\\Users\\tommy\\MATLAB\\controls-onboarding-2027\\src\\assets\\matlab_msg_gen_R2026a\\win64\\src\\custom_interfaces\\src\\custom_interfaces_Sensors_message.cpp(119): note: see declaration of 'ros2_custom_interfaces_Sensors_message'\n"}
[14.000000] (-) TimerEvent: {}
[14.109000] (-) TimerEvent: {}
[14.218000] (-) TimerEvent: {}
[14.328000] (-) TimerEvent: {}
[14.359000] (custom_interfaces) StdoutLine: {'line': b'[27/27] Linking CXX shared library custom_interfaces_matlab.dll\r\n'}
[14.359000] (custom_interfaces) CommandEnded: {'returncode': 0}
[14.437000] (-) TimerEvent: {}
[14.468000] (custom_interfaces) JobProgress: {'identifier': 'custom_interfaces', 'progress': 'install'}
[14.500000] (custom_interfaces) Command: {'cmd': ['C:\\Program Files\\MATLAB\\bin\\win64\\cmake\\bin\\cmake.EXE', '--install', 'C:\\Users\\tommy\\MATLAB\\controls-onboarding-2027\\src\\assets\\matlab_msg_gen_R2026a\\win64\\build\\custom_interfaces'], 'cwd': 'C:\\Users\\tommy\\MATLAB\\controls-onboarding-2027\\src\\assets\\matlab_msg_gen_R2026a\\win64\\build\\custom_interfaces', 'env': OrderedDict([('ACTUAL_CMD_PARAM', 'build  --merge-install  --cmake-args -DCMAKE_BUILD_TYPE=Release -DBUILD_TESTING=OFF  -DALIAS_ROS2_TF2=1  -DCMAKE_CXX_FLAGS_RELEASE="/MD /Od /Ob2 /DNDEBUG"   -G Ninja'), ('ACTUAL_ENV_CMD_PARAM', '"C:\\Program Files\\MATLAB\\bin\\win64\\cmake\\bin" build  --merge-install  --cmake-args -DCMAKE_BUILD_TYPE=Release -DBUILD_TESTING=OFF  -DALIAS_ROS2_TF2=1  -DCMAKE_CXX_FLAGS_RELEASE="/MD /Od /Ob2 /DNDEBUG"   -G Ninja'), ('ALLUSERSPROFILE', 'C:\\ProgramData'), ('AMENT_PREFIX_PATH', 'C:\\Program Files\\MATLAB\\sys\\ros2\\win64\\ros2;C:\\Program Files\\MATLAB\\sys\\ros2\\win64\\ros2'), ('APPDATA', 'C:\\Users\\tommy\\AppData\\Roaming'), ('CMAKE_PATH', 'C:\\Program Files\\MATLAB\\bin\\win64\\cmake\\bin'), ('CMAKE_PREFIX_PATH', 'C:\\Program Files\\MATLAB\\sys\\ros2\\win64\\ros2;C:\\Program Files\\MATLAB\\sys\\ros2\\win64\\ros2'), ('COLCON', '1'), ('COLCON_PREFIX_PATH', 'C:\\Program Files\\MATLAB\\sys\\ros2\\win64\\ros2;C:\\Program Files\\MATLAB\\sys\\ros2\\win64\\ros2'), ('CommandPromptType', 'Cross'), ('CommonProgramFiles', 'C:\\Program Files\\Common Files'), ('CommonProgramFiles(x86)', 'C:\\Program Files (x86)\\Common Files'), ('CommonProgramW6432', 'C:\\Program Files\\Common Files'), ('COMPUTERNAME', 'MSI'), ('ComSpec', 'C:\\WINDOWS\\system32\\cmd.exe'), ('configsetroot', 'C:\\WINDOWS\\ConfigSetRoot'), ('CUSTOM_AMENT_PREFIX_PATH', 'C:\\Program Files\\MATLAB\\sys\\ros2\\win64\\ros2'), ('DevEnvDir', 'C:\\Program Files\\Microsoft Visual Studio\\2022\\Community\\Common7\\IDE\\'), ('DriverData', 'C:\\Windows\\System32\\Drivers\\DriverData'), ('EFC_12780_1262719628', '1'), ('EFC_12780_1592913036', '1'), ('EFC_12780_2283032206', '1'), ('EFC_12780_2775293581', '1'), ('EFC_12780_2946480783', '1'), ('EFC_12780_3789132940', '1'), ('EFC_12780_4126798990', '1'), ('ExtensionSdkDir', 'C:\\Program Files (x86)\\Microsoft SDKs\\Windows Kits\\10\\ExtensionSDKs'), ('EXTERNAL_INCLUDE', 'C:\\Program Files\\Microsoft Visual Studio\\2022\\Community\\VC\\Tools\\MSVC\\14.42.34433\\include;C:\\Program Files\\Microsoft Visual Studio\\2022\\Community\\VC\\Auxiliary\\VS\\include;C:\\Program Files (x86)\\Windows Kits\\10\\include\\10.0.22621.0\\ucrt;C:\\Program Files (x86)\\Windows Kits\\10\\\\include\\10.0.22621.0\\\\um;C:\\Program Files (x86)\\Windows Kits\\10\\\\include\\10.0.22621.0\\\\shared;C:\\Program Files (x86)\\Windows Kits\\10\\\\include\\10.0.22621.0\\\\winrt;C:\\Program Files (x86)\\Windows Kits\\10\\\\include\\10.0.22621.0\\\\cppwinrt;C:\\Program Files (x86)\\Windows Kits\\NETFXSDK\\4.8\\include\\um'), ('FargoDataPath', 'C:\\Users\\tommy\\OneDrive\\Documents\\My Games\\Terraria\\tModLoader\\Dev'), ('FPS_BROWSER_APP_PROFILE_STRING', 'Internet Explorer'), ('FPS_BROWSER_USER_PROFILE_STRING', 'Default'), ('Framework40Version', 'v4.0'), ('FrameworkDir', 'C:\\Windows\\Microsoft.NET\\Framework\\'), ('FrameworkDir32', 'C:\\Windows\\Microsoft.NET\\Framework\\'), ('FrameworkDir64', 'C:\\Windows\\Microsoft.NET\\Framework64\\'), ('FrameworkVersion', 'v4.0.30319'), ('FrameworkVersion32', 'v4.0.30319'), ('FrameworkVersion64', 'v4.0.30319'), ('HOMEDRIVE', 'C:'), ('HOMEPATH', '\\Users\\tommy'), ('ICU_TIMEZONE_FILES_DIR', 'C:\\Program Files\\MATLAB/bin/icutzdata'), ('INCLUDE', 'C:\\Program Files\\Microsoft Visual Studio\\2022\\Community\\VC\\Tools\\MSVC\\14.42.34433\\include;C:\\Program Files\\Microsoft Visual Studio\\2022\\Community\\VC\\Auxiliary\\VS\\include;C:\\Program Files (x86)\\Windows Kits\\10\\include\\10.0.22621.0\\ucrt;C:\\Program Files (x86)\\Windows Kits\\10\\\\include\\10.0.22621.0\\\\um;C:\\Program Files (x86)\\Windows Kits\\10\\\\include\\10.0.22621.0\\\\shared;C:\\Program Files (x86)\\Windows Kits\\10\\\\include\\10.0.22621.0\\\\winrt;C:\\Program Files (x86)\\Windows Kits\\10\\\\include\\10.0.22621.0\\\\cppwinrt;C:\\Program Files (x86)\\Windows Kits\\NETFXSDK\\4.8\\include\\um'), ('KMP_BLOCKTIME', '1'), ('KMP_HANDLE_SIGNALS', '0'), ('KMP_STACKSIZE', '512k'), ('LIB', 'C:\\Program Files\\Microsoft Visual Studio\\2022\\Community\\VC\\Tools\\MSVC\\14.42.34433\\lib\\x64;C:\\Program Files (x86)\\Windows Kits\\NETFXSDK\\4.8\\lib\\um\\x64;C:\\Program Files (x86)\\Windows Kits\\10\\lib\\10.0.22621.0\\ucrt\\x64;C:\\Program Files (x86)\\Windows Kits\\10\\\\lib\\10.0.22621.0\\\\um\\x64'), ('LIBPATH', 'C:\\Program Files\\Microsoft Visual Studio\\2022\\Community\\VC\\Tools\\MSVC\\14.42.34433\\lib\\x64;C:\\Program Files\\Microsoft Visual Studio\\2022\\Community\\VC\\Tools\\MSVC\\14.42.34433\\lib\\x86\\store\\references;C:\\Program Files (x86)\\Windows Kits\\10\\UnionMetadata\\10.0.22621.0;C:\\Program Files (x86)\\Windows Kits\\10\\References\\10.0.22621.0;C:\\Windows\\Microsoft.NET\\Framework\\v4.0.30319'), ('LOCALAPPDATA', 'C:\\Users\\tommy\\AppData\\Local'), ('LOGONSERVER', '\\\\MSI'), ('MATLAB_ARCH', 'win64'), ('MWAPIKEY', 'vrQrYsdOMsvwURzs'), ('MWCONCP', '437'), ('MW_CONNECTOR_COOKIE_SETTINGS', '[{"prefix":"ch_","suffix":"_26024"}]'), ('NETFXSDKDir', 'C:\\Program Files (x86)\\Windows Kits\\NETFXSDK\\4.8\\'), ('NUMBER_OF_PROCESSORS', '16'), ('NVIDIAWHITELISTED', '0x01'), ('OneDrive', 'C:\\Users\\tommy\\OneDrive'), ('OS', 'Windows_NT'), ('Path', 'C:\\Program Files\\MATLAB\\bin\\win64\\cmake\\bin;;C:\\Program Files\\MATLAB\\sys\\ros2\\win64\\ros2\\Scripts;C:\\Program Files\\MATLAB\\sys\\ros2\\win64\\ros2\\bin;C:\\Program Files\\Microsoft Visual Studio\\2022\\Community\\VC\\Tools\\MSVC\\14.42.34433\\bin\\HostX86\\x64;C:\\Program Files\\Microsoft Visual Studio\\2022\\Community\\VC\\Tools\\MSVC\\14.42.34433\\bin\\HostX86\\x86;C:\\Program Files\\Microsoft Visual Studio\\2022\\Community\\Common7\\IDE\\VC\\VCPackages;C:\\Program Files\\Microsoft Visual Studio\\2022\\Community\\Common7\\IDE\\CommonExtensions\\Microsoft\\TestWindow;C:\\Program Files\\Microsoft Visual Studio\\2022\\Community\\Common7\\IDE\\CommonExtensions\\Microsoft\\TeamFoundation\\Team Explorer;C:\\Program Files\\Microsoft Visual Studio\\2022\\Community\\MSBuild\\Current\\bin\\Roslyn;C:\\Program Files (x86)\\Microsoft SDKs\\Windows\\v10.0A\\bin\\NETFX 4.8 Tools\\;C:\\Program Files\\Microsoft Visual Studio\\2022\\Community\\Team Tools\\DiagnosticsHub\\Collector;C:\\Program Files (x86)\\Windows Kits\\10\\bin\\10.0.22621.0\\\\x86;C:\\Program Files (x86)\\Windows Kits\\10\\bin\\\\x86;C:\\Program Files\\Microsoft Visual Studio\\2022\\Community\\\\MSBuild\\Current\\Bin\\amd64;C:\\Windows\\Microsoft.NET\\Framework\\v4.0.30319;C:\\Program Files\\Microsoft Visual Studio\\2022\\Community\\Common7\\IDE\\;C:\\Program Files\\Microsoft Visual Studio\\2022\\Community\\Common7\\Tools\\;C:\\Users\\tommy\\AppData\\Roaming\\MathWorks\\MATLAB\\R2026a\\ros2\\win64\\venv\\Scripts;C:\\Program Files\\MATLAB\\bin\\win64;C:\\Program Files\\MATLAB\\toolbox\\shared\\coder\\ninja\\win64;C:\\Windows\\system32;C:\\Windows;C:\\Windows\\System32\\Wbem;C:\\Windows\\System32\\WindowsPowerShell\\v1.0\\;C:\\Windows\\System32\\OpenSSH\\;C:\\Program Files (x86)\\NVIDIA Corporation\\PhysX\\Common;C:\\WINDOWS\\system32;C:\\WINDOWS;C:\\WINDOWS\\System32\\Wbem;C:\\WINDOWS\\System32\\WindowsPowerShell\\v1.0\\;C:\\WINDOWS\\System32\\OpenSSH\\;C:\\Program Files\\NVIDIA Corporation\\NVIDIA app\\NvDLISR;C:\\Program Files\\dotnet\\;C:\\Program Files (x86)\\Windows Kits\\10\\Windows Performance Toolkit\\;C:\\Program Files\\Git\\cmd;C:\\Program Files\\MATLAB\\bin;C:\\Program Files\\MATLAB\\R2025b\\bin;C:\\Users\\tommy\\AppData\\Local\\Programs\\Python\\Launcher\\;C:\\Users\\tommy\\AppData\\Local\\Microsoft\\WindowsApps;C:\\Users\\tommy\\AppData\\Local\\GitHubDesktop\\bin;C:\\Users\\tommy\\.dotnet\\tools;C:\\Users\\tommy\\AppData\\Local\\Programs\\Microsoft VS Code\\bin;C:\\Program Files\\Microsoft Visual Studio\\2022\\Community\\VC\\vcpkg'), ('PATHEXT', '.COM;.EXE;.BAT;.CMD;.VBS;.VBE;.JS;.JSE;.WSF;.WSH;.MSC'), ('PKG_CONFIG_PATH', '"C:\\Program Files\\MATLAB\\sys\\ros2\\win64\\ros2\\lib\\pkgconfig"'), ('Platform', 'x64'), ('PROCESSOR_ARCHITECTURE', 'AMD64'), ('PROCESSOR_IDENTIFIER', 'Intel64 Family 6 Model 141 Stepping 1, GenuineIntel'), ('PROCESSOR_LEVEL', '6'), ('PROCESSOR_REVISION', '8d01'), ('ProgramData', 'C:\\ProgramData'), ('ProgramFiles', 'C:\\Program Files'), ('ProgramFiles(x86)', 'C:\\Program Files (x86)'), ('ProgramW6432', 'C:\\Program Files'), ('PROMPT', '(venv) $P$G'), ('PSModulePath', 'C:\\Program Files\\WindowsPowerShell\\Modules;C:\\WINDOWS\\system32\\WindowsPowerShell\\v1.0\\Modules'), ('PUBLIC', 'C:\\Users\\Public'), ('PYTHONPATH', ';C:\\Program Files\\MATLAB\\sys\\ros2\\win64\\ros2\\lib\\site-packages;C:\\Users\\tommy\\AppData\\Roaming\\MathWorks\\MATLAB\\R2026a\\ros2\\win64\\venv\\lib\\site-packages'), ('PYTHON_VENV_PATH', 'C:\\Users\\tommy\\AppData\\Roaming\\MathWorks\\MATLAB\\R2026a\\ros2\\win64\\venv'), ('QT_QPA_PLATFORM', 'windows:fontengine=freetype'), ('ROS_DISTRO', 'jazzy'), ('SESSIONNAME', 'Console'), ('SHIM_MCCOMPAT', '0x800000001'), ('SystemDrive', 'C:'), ('SystemRoot', 'C:\\WINDOWS'), ('TEMP', 'C:\\Users\\tommy\\AppData\\Local\\Temp'), ('TMP', 'C:\\Users\\tommy\\AppData\\Local\\Temp'), ('UCRTVersion', '10.0.22621.0'), ('UniversalCRTSdkDir', 'C:\\Program Files (x86)\\Windows Kits\\10\\'), ('USERDOMAIN', 'MSI'), ('USERDOMAIN_ROAMINGPROFILE', 'MSI'), ('USERNAME', 'tommy'), ('USERPROFILE', 'C:\\Users\\tommy'), ('VCIDEInstallDir', 'C:\\Program Files\\Microsoft Visual Studio\\2022\\Community\\Common7\\IDE\\VC\\'), ('VCINSTALLDIR', 'C:\\Program Files\\Microsoft Visual Studio\\2022\\Community\\VC\\'), ('VCPKG_ROOT', 'C:\\Program Files\\Microsoft Visual Studio\\2022\\Community\\VC\\vcpkg'), ('VCToolsInstallDir', 'C:\\Program Files\\Microsoft Visual Studio\\2022\\Community\\VC\\Tools\\MSVC\\14.42.34433\\'), ('VCToolsRedistDir', 'C:\\Program Files\\Microsoft Visual Studio\\2022\\Community\\VC\\Redist\\MSVC\\14.42.34433\\'), ('VCToolsVersion', '14.42.34433'), ('VCVARS_CMD', '"C:\\Program Files\\Microsoft Visual Studio\\2022\\Community\\VC\\Auxiliary\\Build\\VCVARSALL.BAT"'), ('VIRTUAL_ENV', 'C:\\Users\\tommy\\AppData\\Roaming\\MathWorks\\MATLAB\\R2026a\\ros2\\win64\\venv'), ('VIRTUAL_ENV_PROMPT', '(venv)'), ('VisualStudioVersion', '17.0'), ('VS170COMNTOOLS', 'C:\\Program Files\\Microsoft Visual Studio\\2022\\Community\\Common7\\Tools\\'), ('VSCMD_ARG_app_plat', 'Desktop'), ('VSCMD_ARG_HOST_ARCH', 'x86'), ('VSCMD_ARG_TGT_ARCH', 'x64'), ('VSCMD_VER', '17.12.4'), ('VSINSTALLDIR', 'C:\\Program Files\\Microsoft Visual Studio\\2022\\Community\\'), ('windir', 'C:\\WINDOWS'), ('WindowsLibPath', 'C:\\Program Files (x86)\\Windows Kits\\10\\UnionMetadata\\10.0.22621.0;C:\\Program Files (x86)\\Windows Kits\\10\\References\\10.0.22621.0'), ('WindowsSdkBinPath', 'C:\\Program Files (x86)\\Windows Kits\\10\\bin\\'), ('WindowsSdkDir', 'C:\\Program Files (x86)\\Windows Kits\\10\\'), ('WindowsSDKLibVersion', '10.0.22621.0\\'), ('WindowsSdkVerBinPath', 'C:\\Program Files (x86)\\Windows Kits\\10\\bin\\10.0.22621.0\\'), ('WindowsSDKVersion', '10.0.22621.0\\'), ('WindowsSDK_ExecutablePath_x64', 'C:\\Program Files (x86)\\Microsoft SDKs\\Windows\\v10.0A\\bin\\NETFX 4.8 Tools\\x64\\'), ('WindowsSDK_ExecutablePath_x86', 'C:\\Program Files (x86)\\Microsoft SDKs\\Windows\\v10.0A\\bin\\NETFX 4.8 Tools\\'), ('WoTGDataPath', 'C:\\Users\\tommy\\OneDrive\\Documents\\My Games\\Terraria\\tModLoader\\Dev'), ('ZES_ENABLE_SYSMAN', '1'), ('_all', '"C:\\Program Files\\Microsoft Visual Studio\\2022\\Community\\VC\\Auxiliary\\Build\\VCVARSALL.BAT" "C:\\Program Files\\MATLAB\\sys\\ros2\\win64\\ros2" "C:\\Users\\tommy\\AppData\\Roaming\\MathWorks\\MATLAB\\R2026a\\ros2\\win64\\venv" "C:\\Program Files\\MATLAB\\bin\\win64\\cmake\\bin" build  --merge-install  --cmake-args -DCMAKE_BUILD_TYPE=Release -DBUILD_TESTING=OFF  -DALIAS_ROS2_TF2=1  -DCMAKE_CXX_FLAGS_RELEASE="/MD /Od /Ob2 /DNDEBUG"   -G Ninja'), ('_OLD_VIRTUAL_PATH', 'C:\\Program Files\\MATLAB\\bin\\win64;C:\\Program Files\\MATLAB\\toolbox\\shared\\coder\\ninja\\win64;C:\\Windows\\system32;C:\\Windows;C:\\Windows\\System32\\Wbem;C:\\Windows\\System32\\WindowsPowerShell\\v1.0\\;C:\\Windows\\System32\\OpenSSH\\;C:\\Program Files (x86)\\NVIDIA Corporation\\PhysX\\Common;C:\\WINDOWS\\system32;C:\\WINDOWS;C:\\WINDOWS\\System32\\Wbem;C:\\WINDOWS\\System32\\WindowsPowerShell\\v1.0\\;C:\\WINDOWS\\System32\\OpenSSH\\;C:\\Program Files\\NVIDIA Corporation\\NVIDIA app\\NvDLISR;C:\\Program Files\\dotnet\\;C:\\Program Files (x86)\\Windows Kits\\10\\Windows Performance Toolkit\\;C:\\Program Files\\Git\\cmd;C:\\Program Files\\MATLAB\\bin;C:\\Program Files\\MATLAB\\R2025b\\bin;C:\\Users\\tommy\\AppData\\Local\\Programs\\Python\\Launcher\\;C:\\Users\\tommy\\AppData\\Local\\Microsoft\\WindowsApps;C:\\Users\\tommy\\AppData\\Local\\GitHubDesktop\\bin;C:\\Users\\tommy\\.dotnet\\tools;C:\\Users\\tommy\\AppData\\Local\\Programs\\Microsoft VS Code\\bin'), ('_OLD_VIRTUAL_PROMPT', '$P$G'), ('__DOTNET_ADD_32BIT', '1'), ('__DOTNET_ADD_64BIT', '1'), ('__DOTNET_PREFERRED_BITNESS', '32'), ('__KMP_REGISTERED_LIB_14412', '00007FFA03C84D04-cafec8ca-libiomp5md.dll'), ('__PSLockDownPolicy', '0'), ('__VSCMD_PREINIT_PATH', 'C:\\Users\\tommy\\AppData\\Roaming\\MathWorks\\MATLAB\\R2026a\\ros2\\win64\\venv\\Scripts;C:\\Program Files\\MATLAB\\bin\\win64;C:\\Program Files\\MATLAB\\toolbox\\shared\\coder\\ninja\\win64;C:\\Windows\\system32;C:\\Windows;C:\\Windows\\System32\\Wbem;C:\\Windows\\System32\\WindowsPowerShell\\v1.0\\;C:\\Windows\\System32\\OpenSSH\\;C:\\Program Files (x86)\\NVIDIA Corporation\\PhysX\\Common;C:\\WINDOWS\\system32;C:\\WINDOWS;C:\\WINDOWS\\System32\\Wbem;C:\\WINDOWS\\System32\\WindowsPowerShell\\v1.0\\;C:\\WINDOWS\\System32\\OpenSSH\\;C:\\Program Files\\NVIDIA Corporation\\NVIDIA app\\NvDLISR;C:\\Program Files\\dotnet\\;C:\\Program Files (x86)\\Windows Kits\\10\\Windows Performance Toolkit\\;C:\\Program Files\\Git\\cmd;C:\\Program Files\\MATLAB\\bin;C:\\Program Files\\MATLAB\\R2025b\\bin;C:\\Users\\tommy\\AppData\\Local\\Programs\\Python\\Launcher\\;C:\\Users\\tommy\\AppData\\Local\\Microsoft\\WindowsApps;C:\\Users\\tommy\\AppData\\Local\\GitHubDesktop\\bin;C:\\Users\\tommy\\.dotnet\\tools;C:\\Users\\tommy\\AppData\\Local\\Programs\\Microsoft VS Code\\bin')]), 'shell': False}
[14.531000] (custom_interfaces) StdoutLine: {'line': b'-- Install configuration: "Release"\n'}
[14.531000] (custom_interfaces) StdoutLine: {'line': b'-- Installing: C:/Users/tommy/MATLAB/controls-onboarding-2027/src/assets/matlab_msg_gen_R2026a/win64/install/share/ament_index/resource_index/rosidl_interfaces/custom_interfaces\n'}
[14.531000] (custom_interfaces) StdoutLine: {'line': b'-- Installing: C:/Users/tommy/MATLAB/controls-onboarding-2027/src/assets/matlab_msg_gen_R2026a/win64/install/share/custom_interfaces/msg/Sensors.json\n'}
[14.531000] (custom_interfaces) StdoutLine: {'line': b'-- Installing: C:/Users/tommy/MATLAB/controls-onboarding-2027/src/assets/matlab_msg_gen_R2026a/win64/install/include/custom_interfaces/custom_interfaces\n'}
[14.531000] (custom_interfaces) StdoutLine: {'line': b'-- Installing: C:/Users/tommy/MATLAB/controls-onboarding-2027/src/assets/matlab_msg_gen_R2026a/win64/install/include/custom_interfaces/custom_interfaces/msg\n'}
[14.531000] (custom_interfaces) StdoutLine: {'line': b'-- Installing: C:/Users/tommy/MATLAB/controls-onboarding-2027/src/assets/matlab_msg_gen_R2026a/win64/install/include/custom_interfaces/custom_interfaces/msg/detail\n'}
[14.546000] (custom_interfaces) StdoutLine: {'line': b'-- Installing: C:/Users/tommy/MATLAB/controls-onboarding-2027/src/assets/matlab_msg_gen_R2026a/win64/install/include/custom_interfaces/custom_interfaces/msg/detail/sensors__description.c\n'}
[14.546000] (-) TimerEvent: {}
[14.546000] (custom_interfaces) StdoutLine: {'line': b'-- Installing: C:/Users/tommy/MATLAB/controls-onboarding-2027/src/assets/matlab_msg_gen_R2026a/win64/install/include/custom_interfaces/custom_interfaces/msg/detail/sensors__functions.c\n'}
[14.546000] (custom_interfaces) StdoutLine: {'line': b'-- Installing: C:/Users/tommy/MATLAB/controls-onboarding-2027/src/assets/matlab_msg_gen_R2026a/win64/install/include/custom_interfaces/custom_interfaces/msg/detail/sensors__functions.h\n'}
[14.546000] (custom_interfaces) StdoutLine: {'line': b'-- Installing: C:/Users/tommy/MATLAB/controls-onboarding-2027/src/assets/matlab_msg_gen_R2026a/win64/install/include/custom_interfaces/custom_interfaces/msg/detail/sensors__struct.h\n'}
[14.562000] (custom_interfaces) StdoutLine: {'line': b'-- Installing: C:/Users/tommy/MATLAB/controls-onboarding-2027/src/assets/matlab_msg_gen_R2026a/win64/install/include/custom_interfaces/custom_interfaces/msg/detail/sensors__type_support.c\n'}
[14.562000] (custom_interfaces) StdoutLine: {'line': b'-- Installing: C:/Users/tommy/MATLAB/controls-onboarding-2027/src/assets/matlab_msg_gen_R2026a/win64/install/include/custom_interfaces/custom_interfaces/msg/detail/sensors__type_support.h\n'}
[14.562000] (custom_interfaces) StdoutLine: {'line': b'-- Installing: C:/Users/tommy/MATLAB/controls-onboarding-2027/src/assets/matlab_msg_gen_R2026a/win64/install/include/custom_interfaces/custom_interfaces/msg/rosidl_generator_c__visibility_control.h\n'}
[14.562000] (custom_interfaces) StdoutLine: {'line': b'-- Installing: C:/Users/tommy/MATLAB/controls-onboarding-2027/src/assets/matlab_msg_gen_R2026a/win64/install/include/custom_interfaces/custom_interfaces/msg/sensors.h\n'}
[14.578000] (custom_interfaces) StdoutLine: {'line': b'-- Installing: C:/Users/tommy/MATLAB/controls-onboarding-2027/src/assets/matlab_msg_gen_R2026a/win64/install/lib/custom_interfaces__rosidl_generator_c.lib\n'}
[14.578000] (custom_interfaces) StdoutLine: {'line': b'-- Installing: C:/Users/tommy/MATLAB/controls-onboarding-2027/src/assets/matlab_msg_gen_R2026a/win64/install/bin/custom_interfaces__rosidl_generator_c.dll\n'}
[14.578000] (custom_interfaces) StdoutLine: {'line': b'-- Up-to-date: C:/Users/tommy/MATLAB/controls-onboarding-2027/src/assets/matlab_msg_gen_R2026a/win64/install/include/custom_interfaces/custom_interfaces\n'}
[14.578000] (custom_interfaces) StdoutLine: {'line': b'-- Up-to-date: C:/Users/tommy/MATLAB/controls-onboarding-2027/src/assets/matlab_msg_gen_R2026a/win64/install/include/custom_interfaces/custom_interfaces/msg\n'}
[14.578000] (custom_interfaces) StdoutLine: {'line': b'-- Up-to-date: C:/Users/tommy/MATLAB/controls-onboarding-2027/src/assets/matlab_msg_gen_R2026a/win64/install/include/custom_interfaces/custom_interfaces/msg/detail\n'}
[14.578000] (custom_interfaces) StdoutLine: {'line': b'-- Installing: C:/Users/tommy/MATLAB/controls-onboarding-2027/src/assets/matlab_msg_gen_R2026a/win64/install/include/custom_interfaces/custom_interfaces/msg/detail/sensors__rosidl_typesupport_fastrtps_c.h\n'}
[14.578000] (custom_interfaces) StdoutLine: {'line': b'-- Installing: C:/Users/tommy/MATLAB/controls-onboarding-2027/src/assets/matlab_msg_gen_R2026a/win64/install/include/custom_interfaces/custom_interfaces/msg/rosidl_typesupport_fastrtps_c__visibility_control.h\n'}
[14.578000] (custom_interfaces) StdoutLine: {'line': b'-- Installing: C:/Users/tommy/MATLAB/controls-onboarding-2027/src/assets/matlab_msg_gen_R2026a/win64/install/lib/custom_interfaces__rosidl_typesupport_fastrtps_c.lib\n'}
[14.578000] (custom_interfaces) StdoutLine: {'line': b'-- Installing: C:/Users/tommy/MATLAB/controls-onboarding-2027/src/assets/matlab_msg_gen_R2026a/win64/install/bin/custom_interfaces__rosidl_typesupport_fastrtps_c.dll\n'}
[14.578000] (custom_interfaces) StdoutLine: {'line': b'-- Up-to-date: C:/Users/tommy/MATLAB/controls-onboarding-2027/src/assets/matlab_msg_gen_R2026a/win64/install/include/custom_interfaces/custom_interfaces\n'}
[14.593000] (custom_interfaces) StdoutLine: {'line': b'-- Up-to-date: C:/Users/tommy/MATLAB/controls-onboarding-2027/src/assets/matlab_msg_gen_R2026a/win64/install/include/custom_interfaces/custom_interfaces/msg\n'}
[14.593000] (custom_interfaces) StdoutLine: {'line': b'-- Up-to-date: C:/Users/tommy/MATLAB/controls-onboarding-2027/src/assets/matlab_msg_gen_R2026a/win64/install/include/custom_interfaces/custom_interfaces/msg/detail\n'}
[14.593000] (custom_interfaces) StdoutLine: {'line': b'-- Installing: C:/Users/tommy/MATLAB/controls-onboarding-2027/src/assets/matlab_msg_gen_R2026a/win64/install/include/custom_interfaces/custom_interfaces/msg/detail/sensors__rosidl_typesupport_introspection_c.h\n'}
[14.593000] (custom_interfaces) StdoutLine: {'line': b'-- Up-to-date: C:/Users/tommy/MATLAB/controls-onboarding-2027/src/assets/matlab_msg_gen_R2026a/win64/install/include/custom_interfaces/custom_interfaces/msg/detail/sensors__type_support.c\n'}
[14.593000] (custom_interfaces) StdoutLine: {'line': b'-- Installing: C:/Users/tommy/MATLAB/controls-onboarding-2027/src/assets/matlab_msg_gen_R2026a/win64/install/include/custom_interfaces/custom_interfaces/msg/rosidl_typesupport_introspection_c__visibility_control.h\n'}
[14.593000] (custom_interfaces) StdoutLine: {'line': b'-- Installing: C:/Users/tommy/MATLAB/controls-onboarding-2027/src/assets/matlab_msg_gen_R2026a/win64/install/lib/custom_interfaces__rosidl_typesupport_introspection_c.lib\n'}
[14.593000] (custom_interfaces) StdoutLine: {'line': b'-- Installing: C:/Users/tommy/MATLAB/controls-onboarding-2027/src/assets/matlab_msg_gen_R2026a/win64/install/bin/custom_interfaces__rosidl_typesupport_introspection_c.dll\n'}
[14.593000] (custom_interfaces) StdoutLine: {'line': b'-- Installing: C:/Users/tommy/MATLAB/controls-onboarding-2027/src/assets/matlab_msg_gen_R2026a/win64/install/lib/custom_interfaces__rosidl_typesupport_c.lib\n'}
[14.593000] (custom_interfaces) StdoutLine: {'line': b'-- Installing: C:/Users/tommy/MATLAB/controls-onboarding-2027/src/assets/matlab_msg_gen_R2026a/win64/install/bin/custom_interfaces__rosidl_typesupport_c.dll\n'}
[14.593000] (custom_interfaces) StdoutLine: {'line': b'-- Up-to-date: C:/Users/tommy/MATLAB/controls-onboarding-2027/src/assets/matlab_msg_gen_R2026a/win64/install/include/custom_interfaces/custom_interfaces\n'}
[14.593000] (custom_interfaces) StdoutLine: {'line': b'-- Up-to-date: C:/Users/tommy/MATLAB/controls-onboarding-2027/src/assets/matlab_msg_gen_R2026a/win64/install/include/custom_interfaces/custom_interfaces/msg\n'}
[14.593000] (custom_interfaces) StdoutLine: {'line': b'-- Up-to-date: C:/Users/tommy/MATLAB/controls-onboarding-2027/src/assets/matlab_msg_gen_R2026a/win64/install/include/custom_interfaces/custom_interfaces/msg/detail\n'}
[14.609000] (custom_interfaces) StdoutLine: {'line': b'-- Installing: C:/Users/tommy/MATLAB/controls-onboarding-2027/src/assets/matlab_msg_gen_R2026a/win64/install/include/custom_interfaces/custom_interfaces/msg/detail/sensors__builder.hpp\n'}
[14.609000] (custom_interfaces) StdoutLine: {'line': b'-- Installing: C:/Users/tommy/MATLAB/controls-onboarding-2027/src/assets/matlab_msg_gen_R2026a/win64/install/include/custom_interfaces/custom_interfaces/msg/detail/sensors__struct.hpp\n'}
[14.609000] (custom_interfaces) StdoutLine: {'line': b'-- Installing: C:/Users/tommy/MATLAB/controls-onboarding-2027/src/assets/matlab_msg_gen_R2026a/win64/install/include/custom_interfaces/custom_interfaces/msg/detail/sensors__traits.hpp\n'}
[14.609000] (custom_interfaces) StdoutLine: {'line': b'-- Installing: C:/Users/tommy/MATLAB/controls-onboarding-2027/src/assets/matlab_msg_gen_R2026a/win64/install/include/custom_interfaces/custom_interfaces/msg/detail/sensors__type_support.hpp\n'}
[14.609000] (custom_interfaces) StdoutLine: {'line': b'-- Installing: C:/Users/tommy/MATLAB/controls-onboarding-2027/src/assets/matlab_msg_gen_R2026a/win64/install/include/custom_interfaces/custom_interfaces/msg/rosidl_generator_cpp__visibility_control.hpp\n'}
[14.609000] (custom_interfaces) StdoutLine: {'line': b'-- Installing: C:/Users/tommy/MATLAB/controls-onboarding-2027/src/assets/matlab_msg_gen_R2026a/win64/install/include/custom_interfaces/custom_interfaces/msg/sensors.hpp\n'}
[14.609000] (custom_interfaces) StdoutLine: {'line': b'-- Up-to-date: C:/Users/tommy/MATLAB/controls-onboarding-2027/src/assets/matlab_msg_gen_R2026a/win64/install/include/custom_interfaces/custom_interfaces\n'}
[14.609000] (custom_interfaces) StdoutLine: {'line': b'-- Up-to-date: C:/Users/tommy/MATLAB/controls-onboarding-2027/src/assets/matlab_msg_gen_R2026a/win64/install/include/custom_interfaces/custom_interfaces/msg\n'}
[14.609000] (custom_interfaces) StdoutLine: {'line': b'-- Up-to-date: C:/Users/tommy/MATLAB/controls-onboarding-2027/src/assets/matlab_msg_gen_R2026a/win64/install/include/custom_interfaces/custom_interfaces/msg/detail\n'}
[14.609000] (custom_interfaces) StdoutLine: {'line': b'-- Installing: C:/Users/tommy/MATLAB/controls-onboarding-2027/src/assets/matlab_msg_gen_R2026a/win64/install/include/custom_interfaces/custom_interfaces/msg/detail/dds_fastrtps\n'}
[14.625000] (custom_interfaces) StdoutLine: {'line': b'-- Installing: C:/Users/tommy/MATLAB/controls-onboarding-2027/src/assets/matlab_msg_gen_R2026a/win64/install/include/custom_interfaces/custom_interfaces/msg/detail/sensors__rosidl_typesupport_fastrtps_cpp.hpp\n'}
[14.625000] (custom_interfaces) StdoutLine: {'line': b'-- Installing: C:/Users/tommy/MATLAB/controls-onboarding-2027/src/assets/matlab_msg_gen_R2026a/win64/install/include/custom_interfaces/custom_interfaces/msg/rosidl_typesupport_fastrtps_cpp__visibility_control.h\n'}
[14.625000] (custom_interfaces) StdoutLine: {'line': b'-- Installing: C:/Users/tommy/MATLAB/controls-onboarding-2027/src/assets/matlab_msg_gen_R2026a/win64/install/lib/custom_interfaces__rosidl_typesupport_fastrtps_cpp.lib\n'}
[14.625000] (custom_interfaces) StdoutLine: {'line': b'-- Installing: C:/Users/tommy/MATLAB/controls-onboarding-2027/src/assets/matlab_msg_gen_R2026a/win64/install/bin/custom_interfaces__rosidl_typesupport_fastrtps_cpp.dll\n'}
[14.625000] (custom_interfaces) StdoutLine: {'line': b'-- Up-to-date: C:/Users/tommy/MATLAB/controls-onboarding-2027/src/assets/matlab_msg_gen_R2026a/win64/install/include/custom_interfaces/custom_interfaces\n'}
[14.625000] (custom_interfaces) StdoutLine: {'line': b'-- Up-to-date: C:/Users/tommy/MATLAB/controls-onboarding-2027/src/assets/matlab_msg_gen_R2026a/win64/install/include/custom_interfaces/custom_interfaces/msg\n'}
[14.625000] (custom_interfaces) StdoutLine: {'line': b'-- Up-to-date: C:/Users/tommy/MATLAB/controls-onboarding-2027/src/assets/matlab_msg_gen_R2026a/win64/install/include/custom_interfaces/custom_interfaces/msg/detail\n'}
[14.625000] (custom_interfaces) StdoutLine: {'line': b'-- Installing: C:/Users/tommy/MATLAB/controls-onboarding-2027/src/assets/matlab_msg_gen_R2026a/win64/install/include/custom_interfaces/custom_interfaces/msg/detail/sensors__rosidl_typesupport_introspection_cpp.hpp\n'}
[14.640000] (custom_interfaces) StdoutLine: {'line': b'-- Installing: C:/Users/tommy/MATLAB/controls-onboarding-2027/src/assets/matlab_msg_gen_R2026a/win64/install/include/custom_interfaces/custom_interfaces/msg/detail/sensors__type_support.cpp\n'}
[14.640000] (custom_interfaces) StdoutLine: {'line': b'-- Installing: C:/Users/tommy/MATLAB/controls-onboarding-2027/src/assets/matlab_msg_gen_R2026a/win64/install/lib/custom_interfaces__rosidl_typesupport_introspection_cpp.lib\n'}
[14.640000] (custom_interfaces) StdoutLine: {'line': b'-- Installing: C:/Users/tommy/MATLAB/controls-onboarding-2027/src/assets/matlab_msg_gen_R2026a/win64/install/bin/custom_interfaces__rosidl_typesupport_introspection_cpp.dll\n'}
[14.640000] (custom_interfaces) StdoutLine: {'line': b'-- Installing: C:/Users/tommy/MATLAB/controls-onboarding-2027/src/assets/matlab_msg_gen_R2026a/win64/install/lib/custom_interfaces__rosidl_typesupport_cpp.lib\n'}
[14.640000] (custom_interfaces) StdoutLine: {'line': b'-- Installing: C:/Users/tommy/MATLAB/controls-onboarding-2027/src/assets/matlab_msg_gen_R2026a/win64/install/bin/custom_interfaces__rosidl_typesupport_cpp.dll\n'}
[14.640000] (custom_interfaces) StdoutLine: {'line': b'-- Installing: C:/Users/tommy/MATLAB/controls-onboarding-2027/src/assets/matlab_msg_gen_R2026a/win64/install/share/custom_interfaces/msg/Sensors.idl\n'}
[14.640000] (custom_interfaces) StdoutLine: {'line': b'-- Installing: C:/Users/tommy/MATLAB/controls-onboarding-2027/src/assets/matlab_msg_gen_R2026a/win64/install/share/custom_interfaces/msg/Sensors.msg\n'}
[14.640000] (custom_interfaces) StdoutLine: {'line': b'-- Up-to-date: C:/Users/tommy/MATLAB/controls-onboarding-2027/src/assets/matlab_msg_gen_R2026a/win64/install/include\n'}
[14.640000] (custom_interfaces) StdoutLine: {'line': b'-- Up-to-date: C:/Users/tommy/MATLAB/controls-onboarding-2027/src/assets/matlab_msg_gen_R2026a/win64/install/include/custom_interfaces\n'}
[14.640000] (custom_interfaces) StdoutLine: {'line': b'-- Installing: C:/Users/tommy/MATLAB/controls-onboarding-2027/src/assets/matlab_msg_gen_R2026a/win64/install/include/custom_interfaces/visibility_control.h\n'}
[14.656000] (custom_interfaces) StdoutLine: {'line': b'-- Installing: C:/Users/tommy/MATLAB/controls-onboarding-2027/src/assets/matlab_msg_gen_R2026a/win64/install/lib/custom_interfaces_matlab.lib\n'}
[14.656000] (-) TimerEvent: {}
[14.656000] (custom_interfaces) StdoutLine: {'line': b'-- Installing: C:/Users/tommy/MATLAB/controls-onboarding-2027/src/assets/matlab_msg_gen_R2026a/win64/install/bin/custom_interfaces_matlab.dll\n'}
[14.656000] (custom_interfaces) StdoutLine: {'line': b'-- Installing: C:/Users/tommy/MATLAB/controls-onboarding-2027/src/assets/matlab_msg_gen_R2026a/win64/install/m/\n'}
[14.656000] (custom_interfaces) StdoutLine: {'line': b'-- Installing: C:/Users/tommy/MATLAB/controls-onboarding-2027/src/assets/matlab_msg_gen_R2026a/win64/install/m//+ros\n'}
[14.656000] (custom_interfaces) StdoutLine: {'line': b'-- Installing: C:/Users/tommy/MATLAB/controls-onboarding-2027/src/assets/matlab_msg_gen_R2026a/win64/install/m//+ros/+internal\n'}
[14.656000] (custom_interfaces) StdoutLine: {'line': b'-- Installing: C:/Users/tommy/MATLAB/controls-onboarding-2027/src/assets/matlab_msg_gen_R2026a/win64/install/m//+ros/+internal/+ros2\n'}
[14.656000] (custom_interfaces) StdoutLine: {'line': b'-- Installing: C:/Users/tommy/MATLAB/controls-onboarding-2027/src/assets/matlab_msg_gen_R2026a/win64/install/m//+ros/+internal/+ros2/+custommessages\n'}
[14.671000] (custom_interfaces) StdoutLine: {'line': b'-- Installing: C:/Users/tommy/MATLAB/controls-onboarding-2027/src/assets/matlab_msg_gen_R2026a/win64/install/m//+ros/+internal/+ros2/+custommessages/+custom_interfaces\n'}
[14.671000] (custom_interfaces) StdoutLine: {'line': b'-- Installing: C:/Users/tommy/MATLAB/controls-onboarding-2027/src/assets/matlab_msg_gen_R2026a/win64/install/m//+ros/+internal/+ros2/+custommessages/+custom_interfaces/sensors.m\n'}
[14.671000] (custom_interfaces) StdoutLine: {'line': b'-- Installing: C:/Users/tommy/MATLAB/controls-onboarding-2027/src/assets/matlab_msg_gen_R2026a/win64/install/share/ament_index/resource_index/package_run_dependencies/custom_interfaces\n'}
[14.671000] (custom_interfaces) StdoutLine: {'line': b'-- Installing: C:/Users/tommy/MATLAB/controls-onboarding-2027/src/assets/matlab_msg_gen_R2026a/win64/install/share/ament_index/resource_index/parent_prefix_path/custom_interfaces\n'}
[14.687000] (custom_interfaces) StdoutLine: {'line': b'-- Installing: C:/Users/tommy/MATLAB/controls-onboarding-2027/src/assets/matlab_msg_gen_R2026a/win64/install/share/custom_interfaces/environment/ament_prefix_path.bat\n'}
[14.687000] (custom_interfaces) StdoutLine: {'line': b'-- Installing: C:/Users/tommy/MATLAB/controls-onboarding-2027/src/assets/matlab_msg_gen_R2026a/win64/install/share/custom_interfaces/environment/ament_prefix_path.dsv\n'}
[14.687000] (custom_interfaces) StdoutLine: {'line': b'-- Installing: C:/Users/tommy/MATLAB/controls-onboarding-2027/src/assets/matlab_msg_gen_R2026a/win64/install/share/custom_interfaces/environment/path.bat\n'}
[14.687000] (custom_interfaces) StdoutLine: {'line': b'-- Installing: C:/Users/tommy/MATLAB/controls-onboarding-2027/src/assets/matlab_msg_gen_R2026a/win64/install/share/custom_interfaces/environment/path.dsv\n'}
[14.687000] (custom_interfaces) StdoutLine: {'line': b'-- Installing: C:/Users/tommy/MATLAB/controls-onboarding-2027/src/assets/matlab_msg_gen_R2026a/win64/install/share/custom_interfaces/local_setup.bat\n'}
[14.687000] (custom_interfaces) StdoutLine: {'line': b'-- Installing: C:/Users/tommy/MATLAB/controls-onboarding-2027/src/assets/matlab_msg_gen_R2026a/win64/install/share/custom_interfaces/local_setup.dsv\n'}
[14.687000] (custom_interfaces) StdoutLine: {'line': b'-- Installing: C:/Users/tommy/MATLAB/controls-onboarding-2027/src/assets/matlab_msg_gen_R2026a/win64/install/share/custom_interfaces/package.dsv\n'}
[14.687000] (custom_interfaces) StdoutLine: {'line': b'-- Installing: C:/Users/tommy/MATLAB/controls-onboarding-2027/src/assets/matlab_msg_gen_R2026a/win64/install/share/ament_index/resource_index/packages/custom_interfaces\n'}
[14.703000] (custom_interfaces) StdoutLine: {'line': b'-- Installing: C:/Users/tommy/MATLAB/controls-onboarding-2027/src/assets/matlab_msg_gen_R2026a/win64/install/share/custom_interfaces/cmake/export_custom_interfaces__rosidl_generator_cExport.cmake\n'}
[14.703000] (custom_interfaces) StdoutLine: {'line': b'-- Installing: C:/Users/tommy/MATLAB/controls-onboarding-2027/src/assets/matlab_msg_gen_R2026a/win64/install/share/custom_interfaces/cmake/export_custom_interfaces__rosidl_generator_cExport-release.cmake\n'}
[14.703000] (custom_interfaces) StdoutLine: {'line': b'-- Installing: C:/Users/tommy/MATLAB/controls-onboarding-2027/src/assets/matlab_msg_gen_R2026a/win64/install/share/custom_interfaces/cmake/export_custom_interfaces__rosidl_typesupport_fastrtps_cExport.cmake\n'}
[14.703000] (custom_interfaces) StdoutLine: {'line': b'-- Installing: C:/Users/tommy/MATLAB/controls-onboarding-2027/src/assets/matlab_msg_gen_R2026a/win64/install/share/custom_interfaces/cmake/export_custom_interfaces__rosidl_typesupport_fastrtps_cExport-release.cmake\n'}
[14.718000] (custom_interfaces) StdoutLine: {'line': b'-- Installing: C:/Users/tommy/MATLAB/controls-onboarding-2027/src/assets/matlab_msg_gen_R2026a/win64/install/share/custom_interfaces/cmake/custom_interfaces__rosidl_typesupport_introspection_cExport.cmake\n'}
[14.718000] (custom_interfaces) StdoutLine: {'line': b'-- Installing: C:/Users/tommy/MATLAB/controls-onboarding-2027/src/assets/matlab_msg_gen_R2026a/win64/install/share/custom_interfaces/cmake/custom_interfaces__rosidl_typesupport_introspection_cExport-release.cmake\n'}
[14.718000] (custom_interfaces) StdoutLine: {'line': b'-- Installing: C:/Users/tommy/MATLAB/controls-onboarding-2027/src/assets/matlab_msg_gen_R2026a/win64/install/share/custom_interfaces/cmake/custom_interfaces__rosidl_typesupport_cExport.cmake\n'}
[14.718000] (custom_interfaces) StdoutLine: {'line': b'-- Installing: C:/Users/tommy/MATLAB/controls-onboarding-2027/src/assets/matlab_msg_gen_R2026a/win64/install/share/custom_interfaces/cmake/custom_interfaces__rosidl_typesupport_cExport-release.cmake\n'}
[14.718000] (custom_interfaces) StdoutLine: {'line': b'-- Installing: C:/Users/tommy/MATLAB/controls-onboarding-2027/src/assets/matlab_msg_gen_R2026a/win64/install/share/custom_interfaces/cmake/export_custom_interfaces__rosidl_generator_cppExport.cmake\n'}
[14.718000] (custom_interfaces) StdoutLine: {'line': b'-- Installing: C:/Users/tommy/MATLAB/controls-onboarding-2027/src/assets/matlab_msg_gen_R2026a/win64/install/share/custom_interfaces/cmake/export_custom_interfaces__rosidl_typesupport_fastrtps_cppExport.cmake\n'}
[14.718000] (custom_interfaces) StdoutLine: {'line': b'-- Installing: C:/Users/tommy/MATLAB/controls-onboarding-2027/src/assets/matlab_msg_gen_R2026a/win64/install/share/custom_interfaces/cmake/export_custom_interfaces__rosidl_typesupport_fastrtps_cppExport-release.cmake\n'}
[14.734000] (custom_interfaces) StdoutLine: {'line': b'-- Installing: C:/Users/tommy/MATLAB/controls-onboarding-2027/src/assets/matlab_msg_gen_R2026a/win64/install/share/custom_interfaces/cmake/custom_interfaces__rosidl_typesupport_introspection_cppExport.cmake\n'}
[14.734000] (custom_interfaces) StdoutLine: {'line': b'-- Installing: C:/Users/tommy/MATLAB/controls-onboarding-2027/src/assets/matlab_msg_gen_R2026a/win64/install/share/custom_interfaces/cmake/custom_interfaces__rosidl_typesupport_introspection_cppExport-release.cmake\n'}
[14.734000] (custom_interfaces) StdoutLine: {'line': b'-- Installing: C:/Users/tommy/MATLAB/controls-onboarding-2027/src/assets/matlab_msg_gen_R2026a/win64/install/share/custom_interfaces/cmake/custom_interfaces__rosidl_typesupport_cppExport.cmake\n'}
[14.734000] (custom_interfaces) StdoutLine: {'line': b'-- Installing: C:/Users/tommy/MATLAB/controls-onboarding-2027/src/assets/matlab_msg_gen_R2026a/win64/install/share/custom_interfaces/cmake/custom_interfaces__rosidl_typesupport_cppExport-release.cmake\n'}
[14.734000] (custom_interfaces) StdoutLine: {'line': b'-- Installing: C:/Users/tommy/MATLAB/controls-onboarding-2027/src/assets/matlab_msg_gen_R2026a/win64/install/share/custom_interfaces/cmake/rosidl_cmake-extras.cmake\n'}
[14.734000] (custom_interfaces) StdoutLine: {'line': b'-- Installing: C:/Users/tommy/MATLAB/controls-onboarding-2027/src/assets/matlab_msg_gen_R2026a/win64/install/share/custom_interfaces/cmake/ament_cmake_export_include_directories-extras.cmake\n'}
[14.734000] (custom_interfaces) StdoutLine: {'line': b'-- Installing: C:/Users/tommy/MATLAB/controls-onboarding-2027/src/assets/matlab_msg_gen_R2026a/win64/install/share/custom_interfaces/cmake/ament_cmake_export_libraries-extras.cmake\n'}
[14.734000] (custom_interfaces) StdoutLine: {'line': b'-- Installing: C:/Users/tommy/MATLAB/controls-onboarding-2027/src/assets/matlab_msg_gen_R2026a/win64/install/share/custom_interfaces/cmake/ament_cmake_export_targets-extras.cmake\n'}
[14.750000] (custom_interfaces) StdoutLine: {'line': b'-- Installing: C:/Users/tommy/MATLAB/controls-onboarding-2027/src/assets/matlab_msg_gen_R2026a/win64/install/share/custom_interfaces/cmake/rosidl_cmake_export_typesupport_targets-extras.cmake\n'}
[14.750000] (custom_interfaces) StdoutLine: {'line': b'-- Installing: C:/Users/tommy/MATLAB/controls-onboarding-2027/src/assets/matlab_msg_gen_R2026a/win64/install/share/custom_interfaces/cmake/ament_cmake_export_dependencies-extras.cmake\n'}
[14.750000] (custom_interfaces) StdoutLine: {'line': b'-- Installing: C:/Users/tommy/MATLAB/controls-onboarding-2027/src/assets/matlab_msg_gen_R2026a/win64/install/share/custom_interfaces/cmake/rosidl_cmake_export_typesupport_libraries-extras.cmake\n'}
[14.750000] (custom_interfaces) StdoutLine: {'line': b'-- Installing: C:/Users/tommy/MATLAB/controls-onboarding-2027/src/assets/matlab_msg_gen_R2026a/win64/install/share/custom_interfaces/cmake/custom_interfacesConfig.cmake\n'}
[14.750000] (custom_interfaces) StdoutLine: {'line': b'-- Installing: C:/Users/tommy/MATLAB/controls-onboarding-2027/src/assets/matlab_msg_gen_R2026a/win64/install/share/custom_interfaces/cmake/custom_interfacesConfig-version.cmake\n'}
[14.750000] (custom_interfaces) StdoutLine: {'line': b'-- Installing: C:/Users/tommy/MATLAB/controls-onboarding-2027/src/assets/matlab_msg_gen_R2026a/win64/install/share/custom_interfaces/package.xml\n'}
[14.765000] (custom_interfaces) CommandEnded: {'returncode': 0}
[14.765000] (-) TimerEvent: {}
[14.875000] (-) TimerEvent: {}
[14.984000] (-) TimerEvent: {}
[15.015000] (custom_interfaces) JobEnded: {'identifier': 'custom_interfaces', 'rc': 0}
[15.031000] (-) EventReactorShutdown: {}
