[0.527s] [34mcolcon[0m [1;30mDEBUG[0m [32mCommand line arguments: ['C:\\Users\\tommy\\AppData\\Roaming\\MathWorks\\MATLAB\\R2026a\\ros2\\win64\\venv\\Scripts\\colcon', 'build', '--merge-install', '--cmake-args', '-DCMAKE_BUILD_TYPE=Release', '-DBUILD_TESTING=OFF', '-DALIAS_ROS2_TF2=1', '-DCMAKE_CXX_FLAGS_RELEASE=/MD /Od /Ob2 /DNDEBUG', '-G', 'Ninja'][0m
[0.527s] [34mcolcon[0m [1;30mDEBUG[0m [32mParsed command line arguments: Namespace(log_base=None, log_level=None, verb_name='build', build_base='build', install_base='install', merge_install=True, symlink_install=False, test_result_base=None, continue_on_error=False, executor='parallel', parallel_workers=16, event_handlers=None, ignore_user_meta=False, metas=['./colcon.meta'], base_paths=['.'], packages_ignore=None, packages_ignore_regex=None, paths=None, packages_up_to=None, packages_up_to_regex=None, packages_above=None, packages_above_and_dependencies=None, packages_above_depth=None, packages_select_by_dep=None, packages_skip_by_dep=None, packages_skip_up_to=None, packages_select_build_failed=False, packages_skip_build_finished=False, packages_select_test_failures=False, packages_skip_test_passed=False, packages_select=None, packages_skip=None, packages_select_regex=None, packages_skip_regex=None, packages_start=None, packages_end=None, cmake_args=['-DCMAKE_BUILD_TYPE=Release', '-DBUILD_TESTING=OFF', '-DALIAS_ROS2_TF2=1', '-DCMAKE_CXX_FLAGS_RELEASE=/MD /Od /Ob2 /DNDEBUG', '-G', 'Ninja'], cmake_target=None, cmake_target_skip_unavailable=False, cmake_clean_cache=False, cmake_clean_first=False, cmake_force_configure=False, ament_cmake_args=None, catkin_cmake_args=None, catkin_skip_building_tests=False, verb_parser=<colcon_defaults.argument_parser.defaults.DefaultArgumentsDecorator object at 0x0000026423D80730>, verb_extension=<colcon_core.verb.build.BuildVerb object at 0x0000026423CB1300>, main=<bound method BuildVerb.main of <colcon_core.verb.build.BuildVerb object at 0x0000026423CB1300>>)[0m
[0.603s] [34mcolcon.colcon_core.package_discovery[0m [1;30mLevel 1[0m discover_packages(colcon_meta) check parameters
[0.603s] [34mcolcon.colcon_core.package_discovery[0m [1;30mLevel 1[0m discover_packages(recursive) check parameters
[0.603s] [34mcolcon.colcon_core.package_discovery[0m [1;30mLevel 1[0m discover_packages(ignore) check parameters
[0.603s] [34mcolcon.colcon_core.package_discovery[0m [1;30mLevel 1[0m discover_packages(path) check parameters
[0.603s] [34mcolcon.colcon_core.package_discovery[0m [1;30mLevel 1[0m discover_packages(colcon_meta) discover
[0.603s] [34mcolcon.colcon_core.package_discovery[0m [1;30mLevel 1[0m discover_packages(recursive) discover
[0.603s] [34mcolcon.colcon_core.package_discovery[0m [1;30mINFO[0m Crawling recursively for packages in 'C:\Users\tommy\MATLAB\controls-onboarding-2027\src\assets\matlab_msg_gen_R2026a\win64'
[0.604s] [34mcolcon.colcon_core.package_identification[0m [1;30mLevel 1[0m _identify(.) by extensions ['ignore', 'ignore_ament_install']
[0.604s] [34mcolcon.colcon_core.package_identification[0m [1;30mLevel 1[0m _identify(.) by extension 'ignore'
[0.604s] [34mcolcon.colcon_core.package_identification[0m [1;30mLevel 1[0m _identify(.) by extension 'ignore_ament_install'
[0.604s] [34mcolcon.colcon_core.package_identification[0m [1;30mLevel 1[0m _identify(.) by extensions ['colcon_pkg']
[0.604s] [34mcolcon.colcon_core.package_identification[0m [1;30mLevel 1[0m _identify(.) by extension 'colcon_pkg'
[0.604s] [34mcolcon.colcon_core.package_identification[0m [1;30mLevel 1[0m _identify(.) by extensions ['colcon_meta']
[0.604s] [34mcolcon.colcon_core.package_identification[0m [1;30mLevel 1[0m _identify(.) by extension 'colcon_meta'
[0.604s] [34mcolcon.colcon_core.package_identification[0m [1;30mLevel 1[0m _identify(.) by extensions ['ros']
[0.604s] [34mcolcon.colcon_core.package_identification[0m [1;30mLevel 1[0m _identify(.) by extension 'ros'
[0.632s] [34mcolcon.colcon_core.package_identification[0m [1;30mLevel 1[0m _identify(.) by extensions ['cmake', 'python']
[0.632s] [34mcolcon.colcon_core.package_identification[0m [1;30mLevel 1[0m _identify(.) by extension 'cmake'
[0.632s] [34mcolcon.colcon_core.package_identification[0m [1;30mLevel 1[0m _identify(.) by extension 'python'
[0.633s] [34mcolcon.colcon_core.package_identification[0m [1;30mLevel 1[0m _identify(.) by extensions ['python_setup_py']
[0.633s] [34mcolcon.colcon_core.package_identification[0m [1;30mLevel 1[0m _identify(.) by extension 'python_setup_py'
[0.633s] [34mcolcon.colcon_core.package_identification[0m [1;30mLevel 1[0m _identify(build) by extensions ['ignore', 'ignore_ament_install']
[0.633s] [34mcolcon.colcon_core.package_identification[0m [1;30mLevel 1[0m _identify(build) by extension 'ignore'
[0.633s] [34mcolcon.colcon_core.package_identification[0m [1;30mLevel 1[0m _identify(build) ignored
[0.634s] [34mcolcon.colcon_core.package_identification[0m [1;30mLevel 1[0m _identify(install) by extensions ['ignore', 'ignore_ament_install']
[0.634s] [34mcolcon.colcon_core.package_identification[0m [1;30mLevel 1[0m _identify(install) by extension 'ignore'
[0.634s] [34mcolcon.colcon_core.package_identification[0m [1;30mLevel 1[0m _identify(install) ignored
[0.634s] [34mcolcon.colcon_core.package_identification[0m [1;30mLevel 1[0m _identify(log) by extensions ['ignore', 'ignore_ament_install']
[0.634s] [34mcolcon.colcon_core.package_identification[0m [1;30mLevel 1[0m _identify(log) by extension 'ignore'
[0.634s] [34mcolcon.colcon_core.package_identification[0m [1;30mLevel 1[0m _identify(log) ignored
[0.635s] [34mcolcon.colcon_core.package_identification[0m [1;30mLevel 1[0m _identify(src) by extensions ['ignore', 'ignore_ament_install']
[0.635s] [34mcolcon.colcon_core.package_identification[0m [1;30mLevel 1[0m _identify(src) by extension 'ignore'
[0.635s] [34mcolcon.colcon_core.package_identification[0m [1;30mLevel 1[0m _identify(src) by extension 'ignore_ament_install'
[0.635s] [34mcolcon.colcon_core.package_identification[0m [1;30mLevel 1[0m _identify(src) by extensions ['colcon_pkg']
[0.635s] [34mcolcon.colcon_core.package_identification[0m [1;30mLevel 1[0m _identify(src) by extension 'colcon_pkg'
[0.635s] [34mcolcon.colcon_core.package_identification[0m [1;30mLevel 1[0m _identify(src) by extensions ['colcon_meta']
[0.635s] [34mcolcon.colcon_core.package_identification[0m [1;30mLevel 1[0m _identify(src) by extension 'colcon_meta'
[0.635s] [34mcolcon.colcon_core.package_identification[0m [1;30mLevel 1[0m _identify(src) by extensions ['ros']
[0.635s] [34mcolcon.colcon_core.package_identification[0m [1;30mLevel 1[0m _identify(src) by extension 'ros'
[0.635s] [34mcolcon.colcon_core.package_identification[0m [1;30mLevel 1[0m _identify(src) by extensions ['cmake', 'python']
[0.636s] [34mcolcon.colcon_core.package_identification[0m [1;30mLevel 1[0m _identify(src) by extension 'cmake'
[0.636s] [34mcolcon.colcon_core.package_identification[0m [1;30mLevel 1[0m _identify(src) by extension 'python'
[0.636s] [34mcolcon.colcon_core.package_identification[0m [1;30mLevel 1[0m _identify(src) by extensions ['python_setup_py']
[0.636s] [34mcolcon.colcon_core.package_identification[0m [1;30mLevel 1[0m _identify(src) by extension 'python_setup_py'
[0.636s] [34mcolcon.colcon_core.package_identification[0m [1;30mLevel 1[0m _identify(src\custom_interfaces) by extensions ['ignore', 'ignore_ament_install']
[0.636s] [34mcolcon.colcon_core.package_identification[0m [1;30mLevel 1[0m _identify(src\custom_interfaces) by extension 'ignore'
[0.636s] [34mcolcon.colcon_core.package_identification[0m [1;30mLevel 1[0m _identify(src\custom_interfaces) by extension 'ignore_ament_install'
[0.636s] [34mcolcon.colcon_core.package_identification[0m [1;30mLevel 1[0m _identify(src\custom_interfaces) by extensions ['colcon_pkg']
[0.636s] [34mcolcon.colcon_core.package_identification[0m [1;30mLevel 1[0m _identify(src\custom_interfaces) by extension 'colcon_pkg'
[0.636s] [34mcolcon.colcon_core.package_identification[0m [1;30mLevel 1[0m _identify(src\custom_interfaces) by extensions ['colcon_meta']
[0.636s] [34mcolcon.colcon_core.package_identification[0m [1;30mLevel 1[0m _identify(src\custom_interfaces) by extension 'colcon_meta'
[0.637s] [34mcolcon.colcon_core.package_identification[0m [1;30mLevel 1[0m _identify(src\custom_interfaces) by extensions ['ros']
[0.637s] [34mcolcon.colcon_core.package_identification[0m [1;30mLevel 1[0m _identify(src\custom_interfaces) by extension 'ros'
[0.641s] [34mcolcon.colcon_core.package_identification[0m [1;30mDEBUG[0m [32mPackage 'src\custom_interfaces' with type 'ros.ament_cmake' and name 'custom_interfaces'[0m
[0.641s] [34mcolcon.colcon_core.package_discovery[0m [1;30mLevel 1[0m discover_packages(recursive) using defaults
[0.641s] [34mcolcon.colcon_core.package_discovery[0m [1;30mLevel 1[0m discover_packages(ignore) discover
[0.641s] [34mcolcon.colcon_core.package_discovery[0m [1;30mLevel 1[0m discover_packages(ignore) using defaults
[0.641s] [34mcolcon.colcon_core.package_discovery[0m [1;30mLevel 1[0m discover_packages(path) discover
[0.641s] [34mcolcon.colcon_core.package_discovery[0m [1;30mLevel 1[0m discover_packages(path) using defaults
[0.697s] [34mcolcon.colcon_core.verb[0m [1;30mLevel 5[0m set package 'custom_interfaces' build argument 'cmake_args' from command line to '['-DCMAKE_BUILD_TYPE=Release', '-DBUILD_TESTING=OFF', '-DALIAS_ROS2_TF2=1', '-DCMAKE_CXX_FLAGS_RELEASE=/MD /Od /Ob2 /DNDEBUG', '-G', 'Ninja']'
[0.697s] [34mcolcon.colcon_core.verb[0m [1;30mLevel 5[0m set package 'custom_interfaces' build argument 'cmake_target' from command line to 'None'
[0.697s] [34mcolcon.colcon_core.verb[0m [1;30mLevel 5[0m set package 'custom_interfaces' build argument 'cmake_target_skip_unavailable' from command line to 'False'
[0.697s] [34mcolcon.colcon_core.verb[0m [1;30mLevel 5[0m set package 'custom_interfaces' build argument 'cmake_clean_cache' from command line to 'False'
[0.697s] [34mcolcon.colcon_core.verb[0m [1;30mLevel 5[0m set package 'custom_interfaces' build argument 'cmake_clean_first' from command line to 'False'
[0.697s] [34mcolcon.colcon_core.verb[0m [1;30mLevel 5[0m set package 'custom_interfaces' build argument 'cmake_force_configure' from command line to 'False'
[0.697s] [34mcolcon.colcon_core.verb[0m [1;30mLevel 5[0m set package 'custom_interfaces' build argument 'ament_cmake_args' from command line to 'None'
[0.697s] [34mcolcon.colcon_core.verb[0m [1;30mLevel 5[0m set package 'custom_interfaces' build argument 'catkin_cmake_args' from command line to 'None'
[0.697s] [34mcolcon.colcon_core.verb[0m [1;30mLevel 5[0m set package 'custom_interfaces' build argument 'catkin_skip_building_tests' from command line to 'False'
[0.697s] [34mcolcon.colcon_core.verb[0m [1;30mDEBUG[0m [32mBuilding package 'custom_interfaces' with the following arguments: {'ament_cmake_args': None, 'build_base': 'C:\\Users\\tommy\\MATLAB\\controls-onboarding-2027\\src\\assets\\matlab_msg_gen_R2026a\\win64\\build\\custom_interfaces', 'catkin_cmake_args': None, 'catkin_skip_building_tests': False, 'cmake_args': ['-DCMAKE_BUILD_TYPE=Release', '-DBUILD_TESTING=OFF', '-DALIAS_ROS2_TF2=1', '-DCMAKE_CXX_FLAGS_RELEASE=/MD /Od /Ob2 /DNDEBUG', '-G', 'Ninja'], 'cmake_clean_cache': False, 'cmake_clean_first': False, 'cmake_force_configure': False, 'cmake_target': None, 'cmake_target_skip_unavailable': False, 'install_base': 'C:\\Users\\tommy\\MATLAB\\controls-onboarding-2027\\src\\assets\\matlab_msg_gen_R2026a\\win64\\install', 'merge_install': True, 'path': 'C:\\Users\\tommy\\MATLAB\\controls-onboarding-2027\\src\\assets\\matlab_msg_gen_R2026a\\win64\\src\\custom_interfaces', 'symlink_install': False, 'test_result_base': None}[0m
[0.699s] [34mcolcon.colcon_core.executor[0m [1;30mINFO[0m Executing jobs using 'parallel' executor
[0.713s] [34mcolcon.colcon_parallel_executor.executor.parallel[0m [1;30mDEBUG[0m [32mrun_until_complete[0m
[0.714s] [34mcolcon.colcon_ros.task.ament_cmake.build[0m [1;30mINFO[0m Building ROS package in 'C:\Users\tommy\MATLAB\controls-onboarding-2027\src\assets\matlab_msg_gen_R2026a\win64\src\custom_interfaces' with build type 'ament_cmake'
[0.714s] [34mcolcon.colcon_cmake.task.cmake.build[0m [1;30mINFO[0m Building CMake package in 'C:\Users\tommy\MATLAB\controls-onboarding-2027\src\assets\matlab_msg_gen_R2026a\win64\src\custom_interfaces'
[0.720s] [34mcolcon.colcon_core.plugin_system[0m [1;30mINFO[0m Skipping extension 'colcon_core.shell.sh': Not used on Windows systems
[0.720s] [34mcolcon.colcon_core.shell[0m [1;30mINFO[0m Skip shell extension 'powershell' for command environment: Not usable outside of PowerShell
[0.811s] [34mcolcon.colcon_core.event_handler.log_command[0m [1;30mDEBUG[0m [32mInvoking command in 'C:\Users\tommy\MATLAB\controls-onboarding-2027\src\assets\matlab_msg_gen_R2026a\win64\build\custom_interfaces': VIRTUAL_ENV_PROMPT=(venv) C:\Program Files\MATLAB\bin\win64\cmake\bin\cmake.EXE --build C:\Users\tommy\MATLAB\controls-onboarding-2027\src\assets\matlab_msg_gen_R2026a\win64\build\custom_interfaces -- -j16 -l16[0m
[2.964s] [34mcolcon.colcon_core.event_handler.log_command[0m [1;30mDEBUG[0m [32mInvoked command in 'C:\Users\tommy\MATLAB\controls-onboarding-2027\src\assets\matlab_msg_gen_R2026a\win64\build\custom_interfaces' returned '0': VIRTUAL_ENV_PROMPT=(venv) C:\Program Files\MATLAB\bin\win64\cmake\bin\cmake.EXE --build C:\Users\tommy\MATLAB\controls-onboarding-2027\src\assets\matlab_msg_gen_R2026a\win64\build\custom_interfaces -- -j16 -l16[0m
[3.089s] [34mcolcon.colcon_core.event_handler.log_command[0m [1;30mDEBUG[0m [32mInvoking command in 'C:\Users\tommy\MATLAB\controls-onboarding-2027\src\assets\matlab_msg_gen_R2026a\win64\build\custom_interfaces': VIRTUAL_ENV_PROMPT=(venv) C:\Program Files\MATLAB\bin\win64\cmake\bin\cmake.EXE --install C:\Users\tommy\MATLAB\controls-onboarding-2027\src\assets\matlab_msg_gen_R2026a\win64\build\custom_interfaces[0m
[3.164s] [34mcolcon.colcon_core.environment[0m [1;30mLevel 1[0m create_environment_scripts_only(custom_interfaces)
[3.165s] [34mcolcon.colcon_core.event_handler.log_command[0m [1;30mDEBUG[0m [32mInvoked command in 'C:\Users\tommy\MATLAB\controls-onboarding-2027\src\assets\matlab_msg_gen_R2026a\win64\build\custom_interfaces' returned '0': VIRTUAL_ENV_PROMPT=(venv) C:\Program Files\MATLAB\bin\win64\cmake\bin\cmake.EXE --install C:\Users\tommy\MATLAB\controls-onboarding-2027\src\assets\matlab_msg_gen_R2026a\win64\build\custom_interfaces[0m
[3.179s] [34mcolcon.colcon_core.environment[0m [1;30mLevel 1[0m checking 'C:\Users\tommy\MATLAB\controls-onboarding-2027\src\assets\matlab_msg_gen_R2026a\win64\install' for CMake module files
[3.182s] [34mcolcon.colcon_core.environment[0m [1;30mLevel 1[0m checking 'C:\Users\tommy\MATLAB\controls-onboarding-2027\src\assets\matlab_msg_gen_R2026a\win64\install' for CMake config files
[3.185s] [34mcolcon.colcon_core.shell[0m [1;30mLevel 1[0m create_environment_hook('custom_interfaces', 'cmake_prefix_path')
[3.188s] [34mcolcon.colcon_core.shell[0m [1;30mINFO[0m Creating environment hook 'C:\Users\tommy\MATLAB\controls-onboarding-2027\src\assets\matlab_msg_gen_R2026a\win64\install\share\custom_interfaces\hook\cmake_prefix_path.ps1'
[3.189s] [34mcolcon.colcon_core.shell[0m [1;30mINFO[0m Creating environment hook 'C:\Users\tommy\MATLAB\controls-onboarding-2027\src\assets\matlab_msg_gen_R2026a\win64\install\share\custom_interfaces\hook\cmake_prefix_path.bat'
[3.190s] [34mcolcon.colcon_core.shell[0m [1;30mINFO[0m Creating environment descriptor 'C:\Users\tommy\MATLAB\controls-onboarding-2027\src\assets\matlab_msg_gen_R2026a\win64\install\share\custom_interfaces\hook\cmake_prefix_path.dsv'
[3.191s] [34mcolcon.colcon_core.environment[0m [1;30mLevel 1[0m checking 'C:\Users\tommy\MATLAB\controls-onboarding-2027\src\assets\matlab_msg_gen_R2026a\win64\install\bin'
[3.192s] [34mcolcon.colcon_core.shell[0m [1;30mLevel 1[0m create_environment_hook('custom_interfaces', 'path_dll')
[3.195s] [34mcolcon.colcon_core.shell[0m [1;30mINFO[0m Creating environment hook 'C:\Users\tommy\MATLAB\controls-onboarding-2027\src\assets\matlab_msg_gen_R2026a\win64\install\share\custom_interfaces\hook\path_dll.ps1'
[3.196s] [34mcolcon.colcon_core.shell[0m [1;30mINFO[0m Creating environment hook 'C:\Users\tommy\MATLAB\controls-onboarding-2027\src\assets\matlab_msg_gen_R2026a\win64\install\share\custom_interfaces\hook\path_dll.bat'
[3.197s] [34mcolcon.colcon_core.shell[0m [1;30mINFO[0m Creating environment descriptor 'C:\Users\tommy\MATLAB\controls-onboarding-2027\src\assets\matlab_msg_gen_R2026a\win64\install\share\custom_interfaces\hook\path_dll.dsv'
[3.198s] [34mcolcon.colcon_core.environment[0m [1;30mLevel 1[0m checking 'C:\Users\tommy\MATLAB\controls-onboarding-2027\src\assets\matlab_msg_gen_R2026a\win64\install\bin'
[3.198s] [34mcolcon.colcon_core.shell[0m [1;30mLevel 1[0m create_environment_hook('custom_interfaces', 'path')
[3.202s] [34mcolcon.colcon_core.shell[0m [1;30mINFO[0m Creating environment hook 'C:\Users\tommy\MATLAB\controls-onboarding-2027\src\assets\matlab_msg_gen_R2026a\win64\install\share\custom_interfaces\hook\path.ps1'
[3.202s] [34mcolcon.colcon_core.shell[0m [1;30mINFO[0m Creating environment hook 'C:\Users\tommy\MATLAB\controls-onboarding-2027\src\assets\matlab_msg_gen_R2026a\win64\install\share\custom_interfaces\hook\path.bat'
[3.203s] [34mcolcon.colcon_core.shell[0m [1;30mINFO[0m Creating environment descriptor 'C:\Users\tommy\MATLAB\controls-onboarding-2027\src\assets\matlab_msg_gen_R2026a\win64\install\share\custom_interfaces\hook\path.dsv'
[3.204s] [34mcolcon.colcon_core.environment[0m [1;30mLevel 1[0m checking 'C:\Users\tommy\MATLAB\controls-onboarding-2027\src\assets\matlab_msg_gen_R2026a\win64\install\lib\pkgconfig\custom_interfaces.pc'
[3.205s] [34mcolcon.colcon_core.environment[0m [1;30mLevel 1[0m checking 'C:\Users\tommy\MATLAB\controls-onboarding-2027\src\assets\matlab_msg_gen_R2026a\win64\install\Lib\site-packages'
[3.205s] [34mcolcon.colcon_core.environment[0m [1;30mLevel 1[0m checking 'C:\Users\tommy\MATLAB\controls-onboarding-2027\src\assets\matlab_msg_gen_R2026a\win64\install\Scripts'
[3.209s] [34mcolcon.colcon_core.shell[0m [1;30mINFO[0m Creating package script 'C:\Users\tommy\MATLAB\controls-onboarding-2027\src\assets\matlab_msg_gen_R2026a\win64\install\share\custom_interfaces\package.ps1'
[3.210s] [34mcolcon.colcon_core.shell[0m [1;30mINFO[0m Creating package script 'C:\Users\tommy\MATLAB\controls-onboarding-2027\src\assets\matlab_msg_gen_R2026a\win64\install\share\custom_interfaces\package.bat'
[3.211s] [34mcolcon.colcon_core.shell[0m [1;30mINFO[0m Creating package descriptor 'C:\Users\tommy\MATLAB\controls-onboarding-2027\src\assets\matlab_msg_gen_R2026a\win64\install\share\custom_interfaces\package.dsv'
[3.213s] [34mcolcon.colcon_core.environment[0m [1;30mLevel 1[0m create_file_with_runtime_dependencies(C:\Users\tommy\MATLAB\controls-onboarding-2027\src\assets\matlab_msg_gen_R2026a\win64\install\share\colcon-core\packages\custom_interfaces)
[3.316s] [34mcolcon.colcon_core.environment[0m [1;30mLevel 1[0m create_environment_scripts_only(custom_interfaces)
[3.322s] [34mcolcon.colcon_core.environment[0m [1;30mLevel 1[0m checking 'C:\Users\tommy\MATLAB\controls-onboarding-2027\src\assets\matlab_msg_gen_R2026a\win64\install' for CMake module files
[3.326s] [34mcolcon.colcon_core.environment[0m [1;30mLevel 1[0m checking 'C:\Users\tommy\MATLAB\controls-onboarding-2027\src\assets\matlab_msg_gen_R2026a\win64\install' for CMake config files
[3.329s] [34mcolcon.colcon_core.shell[0m [1;30mLevel 1[0m create_environment_hook('custom_interfaces', 'cmake_prefix_path')
[3.333s] [34mcolcon.colcon_core.shell[0m [1;30mINFO[0m Creating environment hook 'C:\Users\tommy\MATLAB\controls-onboarding-2027\src\assets\matlab_msg_gen_R2026a\win64\install\share\custom_interfaces\hook\cmake_prefix_path.ps1'
[3.334s] [34mcolcon.colcon_core.shell[0m [1;30mINFO[0m Creating environment hook 'C:\Users\tommy\MATLAB\controls-onboarding-2027\src\assets\matlab_msg_gen_R2026a\win64\install\share\custom_interfaces\hook\cmake_prefix_path.bat'
[3.335s] [34mcolcon.colcon_core.shell[0m [1;30mINFO[0m Creating environment descriptor 'C:\Users\tommy\MATLAB\controls-onboarding-2027\src\assets\matlab_msg_gen_R2026a\win64\install\share\custom_interfaces\hook\cmake_prefix_path.dsv'
[3.336s] [34mcolcon.colcon_core.environment[0m [1;30mLevel 1[0m checking 'C:\Users\tommy\MATLAB\controls-onboarding-2027\src\assets\matlab_msg_gen_R2026a\win64\install\bin'
[3.336s] [34mcolcon.colcon_core.shell[0m [1;30mLevel 1[0m create_environment_hook('custom_interfaces', 'path_dll')
[3.340s] [34mcolcon.colcon_core.shell[0m [1;30mINFO[0m Creating environment hook 'C:\Users\tommy\MATLAB\controls-onboarding-2027\src\assets\matlab_msg_gen_R2026a\win64\install\share\custom_interfaces\hook\path_dll.ps1'
[3.341s] [34mcolcon.colcon_core.shell[0m [1;30mINFO[0m Creating environment hook 'C:\Users\tommy\MATLAB\controls-onboarding-2027\src\assets\matlab_msg_gen_R2026a\win64\install\share\custom_interfaces\hook\path_dll.bat'
[3.342s] [34mcolcon.colcon_core.shell[0m [1;30mINFO[0m Creating environment descriptor 'C:\Users\tommy\MATLAB\controls-onboarding-2027\src\assets\matlab_msg_gen_R2026a\win64\install\share\custom_interfaces\hook\path_dll.dsv'
[3.343s] [34mcolcon.colcon_core.environment[0m [1;30mLevel 1[0m checking 'C:\Users\tommy\MATLAB\controls-onboarding-2027\src\assets\matlab_msg_gen_R2026a\win64\install\bin'
[3.343s] [34mcolcon.colcon_core.shell[0m [1;30mLevel 1[0m create_environment_hook('custom_interfaces', 'path')
[3.346s] [34mcolcon.colcon_core.shell[0m [1;30mINFO[0m Creating environment hook 'C:\Users\tommy\MATLAB\controls-onboarding-2027\src\assets\matlab_msg_gen_R2026a\win64\install\share\custom_interfaces\hook\path.ps1'
[3.347s] [34mcolcon.colcon_core.shell[0m [1;30mINFO[0m Creating environment hook 'C:\Users\tommy\MATLAB\controls-onboarding-2027\src\assets\matlab_msg_gen_R2026a\win64\install\share\custom_interfaces\hook\path.bat'
[3.348s] [34mcolcon.colcon_core.shell[0m [1;30mINFO[0m Creating environment descriptor 'C:\Users\tommy\MATLAB\controls-onboarding-2027\src\assets\matlab_msg_gen_R2026a\win64\install\share\custom_interfaces\hook\path.dsv'
[3.349s] [34mcolcon.colcon_core.environment[0m [1;30mLevel 1[0m checking 'C:\Users\tommy\MATLAB\controls-onboarding-2027\src\assets\matlab_msg_gen_R2026a\win64\install\lib\pkgconfig\custom_interfaces.pc'
[3.349s] [34mcolcon.colcon_core.environment[0m [1;30mLevel 1[0m checking 'C:\Users\tommy\MATLAB\controls-onboarding-2027\src\assets\matlab_msg_gen_R2026a\win64\install\Lib\site-packages'
[3.349s] [34mcolcon.colcon_core.environment[0m [1;30mLevel 1[0m checking 'C:\Users\tommy\MATLAB\controls-onboarding-2027\src\assets\matlab_msg_gen_R2026a\win64\install\Scripts'
[3.353s] [34mcolcon.colcon_core.shell[0m [1;30mINFO[0m Creating package script 'C:\Users\tommy\MATLAB\controls-onboarding-2027\src\assets\matlab_msg_gen_R2026a\win64\install\share\custom_interfaces\package.ps1'
[3.354s] [34mcolcon.colcon_core.shell[0m [1;30mINFO[0m Creating package script 'C:\Users\tommy\MATLAB\controls-onboarding-2027\src\assets\matlab_msg_gen_R2026a\win64\install\share\custom_interfaces\package.bat'
[3.355s] [34mcolcon.colcon_core.shell[0m [1;30mINFO[0m Creating package descriptor 'C:\Users\tommy\MATLAB\controls-onboarding-2027\src\assets\matlab_msg_gen_R2026a\win64\install\share\custom_interfaces\package.dsv'
[3.356s] [34mcolcon.colcon_core.environment[0m [1;30mLevel 1[0m create_file_with_runtime_dependencies(C:\Users\tommy\MATLAB\controls-onboarding-2027\src\assets\matlab_msg_gen_R2026a\win64\install\share\colcon-core\packages\custom_interfaces)
[3.357s] [34mcolcon.colcon_parallel_executor.executor.parallel[0m [1;30mDEBUG[0m [32mrun_until_complete finished with '0'[0m
[3.357s] [34mcolcon.colcon_core.event_reactor[0m [1;30mDEBUG[0m [32mjoining thread[0m
[3.367s] [34mcolcon.colcon_core.plugin_system[0m [1;30mINFO[0m Skipping extension 'colcon_notification.desktop_notification.notify2': 'notify2' not found
[3.367s] [34mcolcon.colcon_core.plugin_system[0m [1;30mINFO[0m Skipping extension 'colcon_notification.desktop_notification.notify_send': Not used on non-Linux systems
[3.367s] [34mcolcon.colcon_core.plugin_system[0m [1;30mINFO[0m Skipping extension 'colcon_notification.desktop_notification.terminal_notifier': Not used on non-Darwin systems
[3.367s] [34mcolcon.colcon_notification.desktop_notification[0m [1;30mINFO[0m Sending desktop notification using 'win32'
[8.395s] [34mcolcon.colcon_core.event_reactor[0m [1;30mDEBUG[0m [32mjoined thread[0m
[8.399s] [34mcolcon.colcon_core.shell[0m [1;30mINFO[0m Creating prefix script 'C:\Users\tommy\MATLAB\controls-onboarding-2027\src\assets\matlab_msg_gen_R2026a\win64\install\local_setup.ps1'
[8.400s] [34mcolcon.colcon_core.shell[0m [1;30mINFO[0m Creating prefix util module 'C:\Users\tommy\MATLAB\controls-onboarding-2027\src\assets\matlab_msg_gen_R2026a\win64\install\_local_setup_util_ps1.py'
[8.402s] [34mcolcon.colcon_core.shell[0m [1;30mINFO[0m Creating prefix chain script 'C:\Users\tommy\MATLAB\controls-onboarding-2027\src\assets\matlab_msg_gen_R2026a\win64\install\setup.ps1'
[8.407s] [34mcolcon.colcon_core.shell[0m [1;30mINFO[0m Creating prefix script 'C:\Users\tommy\MATLAB\controls-onboarding-2027\src\assets\matlab_msg_gen_R2026a\win64\install\local_setup.bat'
[8.408s] [34mcolcon.colcon_core.shell[0m [1;30mINFO[0m Creating prefix util module 'C:\Users\tommy\MATLAB\controls-onboarding-2027\src\assets\matlab_msg_gen_R2026a\win64\install\_local_setup_util_bat.py'
[8.410s] [34mcolcon.colcon_core.shell[0m [1;30mINFO[0m Creating prefix chain script 'C:\Users\tommy\MATLAB\controls-onboarding-2027\src\assets\matlab_msg_gen_R2026a\win64\install\setup.bat'
