[0.094s] Invoking command in 'C:\Users\tommy\MATLAB\controls-onboarding-2027\src\assets\matlab_msg_gen_R2026a\win64\build\custom_interfaces': VIRTUAL_ENV_PROMPT=(venv) C:\Program Files\MATLAB\bin\win64\cmake\bin\cmake.EXE --build C:\Users\tommy\MATLAB\controls-onboarding-2027\src\assets\matlab_msg_gen_R2026a\win64\build\custom_interfaces -- -j16 -l16
[0.141s] [0/1] Re-running CMake...
[0.203s] -- Building for ROS 2 Jazzy
[0.203s] -- Found ament_cmake: 2.5.2 (C:/Program Files/MATLAB/sys/ros2/win64/ros2/share/ament_cmake/cmake)
[0.485s] -- Found ament_cmake_ros: 0.12.0 (C:/Program Files/MATLAB/sys/ros2/win64/ros2/share/ament_cmake_ros/cmake)
[0.500s] -- Found rosidl_typesupport_c: 3.2.2 (C:/Program Files/MATLAB/sys/ros2/win64/ros2/share/rosidl_typesupport_c/cmake)
[0.500s] -- Using all available rosidl_typesupport_c: rosidl_typesupport_fastrtps_c;rosidl_typesupport_introspection_c
[0.563s] -- Found rosidl_typesupport_cpp: 3.2.2 (C:/Program Files/MATLAB/sys/ros2/win64/ros2/share/rosidl_typesupport_cpp/cmake)
[0.563s] -- Using all available rosidl_typesupport_cpp: rosidl_typesupport_fastrtps_cpp;rosidl_typesupport_introspection_cpp
[0.610s] -- Found rosidl_default_generators: 1.6.0 (C:/Program Files/MATLAB/sys/ros2/win64/ros2/share/rosidl_default_generators/cmake)
[0.625s] -- Found rosidl_adapter: 4.8.1 (C:/Program Files/MATLAB/sys/ros2/win64/ros2/share/rosidl_adapter/cmake)
[0.641s] -- Found class_loader: 2.7.0 (C:/Program Files/MATLAB/sys/ros2/win64/ros2/share/class_loader/cmake)
[0.641s] -- Found rclcpp: 28.1.3 (C:/Program Files/MATLAB/sys/ros2/win64/ros2/share/rclcpp/cmake)
[0.766s] -- Found rmw_implementation_cmake: 7.3.1 (C:/Program Files/MATLAB/sys/ros2/win64/ros2/share/rmw_implementation_cmake/cmake)
[0.766s] -- Found rmw_fastrtps_cpp: 9.0.0 (C:/Program Files/MATLAB/sys/ros2/win64/ros2/share/rmw_fastrtps_cpp/cmake)
[0.906s] -- Using RMW implementation 'rmw_fastrtps_cpp' as default
[1.703s] -- Using all available rosidl_typesupport_c: rosidl_typesupport_fastrtps_c;rosidl_typesupport_introspection_c
[1.985s] -- Using all available rosidl_typesupport_cpp: rosidl_typesupport_fastrtps_cpp;rosidl_typesupport_introspection_cpp
[2.016s] -- Configuring done
[2.156s] -- Generating done
[2.188s] -- Build files have been written to: C:/Users/tommy/MATLAB/controls-onboarding-2027/src/assets/matlab_msg_gen_R2026a/win64/build/custom_interfaces
[2.235s] ninja: no work to do.
[2.250s] Invoked command in 'C:\Users\tommy\MATLAB\controls-onboarding-2027\src\assets\matlab_msg_gen_R2026a\win64\build\custom_interfaces' returned '0': VIRTUAL_ENV_PROMPT=(venv) C:\Program Files\MATLAB\bin\win64\cmake\bin\cmake.EXE --build C:\Users\tommy\MATLAB\controls-onboarding-2027\src\assets\matlab_msg_gen_R2026a\win64\build\custom_interfaces -- -j16 -l16
[2.375s] Invoking command in 'C:\Users\tommy\MATLAB\controls-onboarding-2027\src\assets\matlab_msg_gen_R2026a\win64\build\custom_interfaces': VIRTUAL_ENV_PROMPT=(venv) C:\Program Files\MATLAB\bin\win64\cmake\bin\cmake.EXE --install C:\Users\tommy\MATLAB\controls-onboarding-2027\src\assets\matlab_msg_gen_R2026a\win64\build\custom_interfaces
[2.391s] -- Install configuration: "Release"
[2.391s] -- Up-to-date: C:/Users/tommy/MATLAB/controls-onboarding-2027/src/assets/matlab_msg_gen_R2026a/win64/install/share/ament_index/resource_index/rosidl_interfaces/custom_interfaces
[2.391s] -- Up-to-date: C:/Users/tommy/MATLAB/controls-onboarding-2027/src/assets/matlab_msg_gen_R2026a/win64/install/share/custom_interfaces/msg/Sensors.json
[2.391s] -- Up-to-date: C:/Users/tommy/MATLAB/controls-onboarding-2027/src/assets/matlab_msg_gen_R2026a/win64/install/include/custom_interfaces/custom_interfaces
[2.391s] -- Up-to-date: C:/Users/tommy/MATLAB/controls-onboarding-2027/src/assets/matlab_msg_gen_R2026a/win64/install/include/custom_interfaces/custom_interfaces/msg
[2.391s] -- Up-to-date: C:/Users/tommy/MATLAB/controls-onboarding-2027/src/assets/matlab_msg_gen_R2026a/win64/install/include/custom_interfaces/custom_interfaces/msg/detail
[2.391s] -- Up-to-date: C:/Users/tommy/MATLAB/controls-onboarding-2027/src/assets/matlab_msg_gen_R2026a/win64/install/include/custom_interfaces/custom_interfaces/msg/detail/sensors__description.c
[2.391s] -- Up-to-date: C:/Users/tommy/MATLAB/controls-onboarding-2027/src/assets/matlab_msg_gen_R2026a/win64/install/include/custom_interfaces/custom_interfaces/msg/detail/sensors__functions.c
[2.391s] -- Up-to-date: C:/Users/tommy/MATLAB/controls-onboarding-2027/src/assets/matlab_msg_gen_R2026a/win64/install/include/custom_interfaces/custom_interfaces/msg/detail/sensors__functions.h
[2.391s] -- Up-to-date: C:/Users/tommy/MATLAB/controls-onboarding-2027/src/assets/matlab_msg_gen_R2026a/win64/install/include/custom_interfaces/custom_interfaces/msg/detail/sensors__struct.h
[2.391s] -- Up-to-date: C:/Users/tommy/MATLAB/controls-onboarding-2027/src/assets/matlab_msg_gen_R2026a/win64/install/include/custom_interfaces/custom_interfaces/msg/detail/sensors__type_support.c
[2.391s] -- Up-to-date: C:/Users/tommy/MATLAB/controls-onboarding-2027/src/assets/matlab_msg_gen_R2026a/win64/install/include/custom_interfaces/custom_interfaces/msg/detail/sensors__type_support.h
[2.391s] -- Up-to-date: C:/Users/tommy/MATLAB/controls-onboarding-2027/src/assets/matlab_msg_gen_R2026a/win64/install/include/custom_interfaces/custom_interfaces/msg/rosidl_generator_c__visibility_control.h
[2.391s] -- Up-to-date: C:/Users/tommy/MATLAB/controls-onboarding-2027/src/assets/matlab_msg_gen_R2026a/win64/install/include/custom_interfaces/custom_interfaces/msg/sensors.h
[2.391s] -- Up-to-date: C:/Users/tommy/MATLAB/controls-onboarding-2027/src/assets/matlab_msg_gen_R2026a/win64/install/lib/custom_interfaces__rosidl_generator_c.lib
[2.391s] -- Up-to-date: C:/Users/tommy/MATLAB/controls-onboarding-2027/src/assets/matlab_msg_gen_R2026a/win64/install/bin/custom_interfaces__rosidl_generator_c.dll
[2.391s] -- Up-to-date: C:/Users/tommy/MATLAB/controls-onboarding-2027/src/assets/matlab_msg_gen_R2026a/win64/install/include/custom_interfaces/custom_interfaces
[2.391s] -- Up-to-date: C:/Users/tommy/MATLAB/controls-onboarding-2027/src/assets/matlab_msg_gen_R2026a/win64/install/include/custom_interfaces/custom_interfaces/msg
[2.391s] -- Up-to-date: C:/Users/tommy/MATLAB/controls-onboarding-2027/src/assets/matlab_msg_gen_R2026a/win64/install/include/custom_interfaces/custom_interfaces/msg/detail
[2.391s] -- Up-to-date: C:/Users/tommy/MATLAB/controls-onboarding-2027/src/assets/matlab_msg_gen_R2026a/win64/install/include/custom_interfaces/custom_interfaces/msg/detail/sensors__rosidl_typesupport_fastrtps_c.h
[2.391s] -- Up-to-date: C:/Users/tommy/MATLAB/controls-onboarding-2027/src/assets/matlab_msg_gen_R2026a/win64/install/include/custom_interfaces/custom_interfaces/msg/rosidl_typesupport_fastrtps_c__visibility_control.h
[2.391s] -- Up-to-date: C:/Users/tommy/MATLAB/controls-onboarding-2027/src/assets/matlab_msg_gen_R2026a/win64/install/lib/custom_interfaces__rosidl_typesupport_fastrtps_c.lib
[2.391s] -- Up-to-date: C:/Users/tommy/MATLAB/controls-onboarding-2027/src/assets/matlab_msg_gen_R2026a/win64/install/bin/custom_interfaces__rosidl_typesupport_fastrtps_c.dll
[2.391s] -- Up-to-date: C:/Users/tommy/MATLAB/controls-onboarding-2027/src/assets/matlab_msg_gen_R2026a/win64/install/include/custom_interfaces/custom_interfaces
[2.406s] -- Up-to-date: C:/Users/tommy/MATLAB/controls-onboarding-2027/src/assets/matlab_msg_gen_R2026a/win64/install/include/custom_interfaces/custom_interfaces/msg
[2.406s] -- Up-to-date: C:/Users/tommy/MATLAB/controls-onboarding-2027/src/assets/matlab_msg_gen_R2026a/win64/install/include/custom_interfaces/custom_interfaces/msg/detail
[2.406s] -- Up-to-date: C:/Users/tommy/MATLAB/controls-onboarding-2027/src/assets/matlab_msg_gen_R2026a/win64/install/include/custom_interfaces/custom_interfaces/msg/detail/sensors__rosidl_typesupport_introspection_c.h
[2.406s] -- Up-to-date: C:/Users/tommy/MATLAB/controls-onboarding-2027/src/assets/matlab_msg_gen_R2026a/win64/install/include/custom_interfaces/custom_interfaces/msg/detail/sensors__type_support.c
[2.406s] -- Up-to-date: C:/Users/tommy/MATLAB/controls-onboarding-2027/src/assets/matlab_msg_gen_R2026a/win64/install/include/custom_interfaces/custom_interfaces/msg/rosidl_typesupport_introspection_c__visibility_control.h
[2.406s] -- Up-to-date: C:/Users/tommy/MATLAB/controls-onboarding-2027/src/assets/matlab_msg_gen_R2026a/win64/install/lib/custom_interfaces__rosidl_typesupport_introspection_c.lib
[2.406s] -- Up-to-date: C:/Users/tommy/MATLAB/controls-onboarding-2027/src/assets/matlab_msg_gen_R2026a/win64/install/bin/custom_interfaces__rosidl_typesupport_introspection_c.dll
[2.406s] -- Up-to-date: C:/Users/tommy/MATLAB/controls-onboarding-2027/src/assets/matlab_msg_gen_R2026a/win64/install/lib/custom_interfaces__rosidl_typesupport_c.lib
[2.406s] -- Up-to-date: C:/Users/tommy/MATLAB/controls-onboarding-2027/src/assets/matlab_msg_gen_R2026a/win64/install/bin/custom_interfaces__rosidl_typesupport_c.dll
[2.406s] -- Up-to-date: C:/Users/tommy/MATLAB/controls-onboarding-2027/src/assets/matlab_msg_gen_R2026a/win64/install/include/custom_interfaces/custom_interfaces
[2.406s] -- Up-to-date: C:/Users/tommy/MATLAB/controls-onboarding-2027/src/assets/matlab_msg_gen_R2026a/win64/install/include/custom_interfaces/custom_interfaces/msg
[2.406s] -- Up-to-date: C:/Users/tommy/MATLAB/controls-onboarding-2027/src/assets/matlab_msg_gen_R2026a/win64/install/include/custom_interfaces/custom_interfaces/msg/detail
[2.406s] -- Up-to-date: C:/Users/tommy/MATLAB/controls-onboarding-2027/src/assets/matlab_msg_gen_R2026a/win64/install/include/custom_interfaces/custom_interfaces/msg/detail/sensors__builder.hpp
[2.406s] -- Up-to-date: C:/Users/tommy/MATLAB/controls-onboarding-2027/src/assets/matlab_msg_gen_R2026a/win64/install/include/custom_interfaces/custom_interfaces/msg/detail/sensors__struct.hpp
[2.406s] -- Up-to-date: C:/Users/tommy/MATLAB/controls-onboarding-2027/src/assets/matlab_msg_gen_R2026a/win64/install/include/custom_interfaces/custom_interfaces/msg/detail/sensors__traits.hpp
[2.406s] -- Up-to-date: C:/Users/tommy/MATLAB/controls-onboarding-2027/src/assets/matlab_msg_gen_R2026a/win64/install/include/custom_interfaces/custom_interfaces/msg/detail/sensors__type_support.hpp
[2.406s] -- Up-to-date: C:/Users/tommy/MATLAB/controls-onboarding-2027/src/assets/matlab_msg_gen_R2026a/win64/install/include/custom_interfaces/custom_interfaces/msg/rosidl_generator_cpp__visibility_control.hpp
[2.406s] -- Up-to-date: C:/Users/tommy/MATLAB/controls-onboarding-2027/src/assets/matlab_msg_gen_R2026a/win64/install/include/custom_interfaces/custom_interfaces/msg/sensors.hpp
[2.406s] -- Up-to-date: C:/Users/tommy/MATLAB/controls-onboarding-2027/src/assets/matlab_msg_gen_R2026a/win64/install/include/custom_interfaces/custom_interfaces
[2.406s] -- Up-to-date: C:/Users/tommy/MATLAB/controls-onboarding-2027/src/assets/matlab_msg_gen_R2026a/win64/install/include/custom_interfaces/custom_interfaces/msg
[2.406s] -- Up-to-date: C:/Users/tommy/MATLAB/controls-onboarding-2027/src/assets/matlab_msg_gen_R2026a/win64/install/include/custom_interfaces/custom_interfaces/msg/detail
[2.406s] -- Up-to-date: C:/Users/tommy/MATLAB/controls-onboarding-2027/src/assets/matlab_msg_gen_R2026a/win64/install/include/custom_interfaces/custom_interfaces/msg/detail/dds_fastrtps
[2.406s] -- Up-to-date: C:/Users/tommy/MATLAB/controls-onboarding-2027/src/assets/matlab_msg_gen_R2026a/win64/install/include/custom_interfaces/custom_interfaces/msg/detail/sensors__rosidl_typesupport_fastrtps_cpp.hpp
[2.406s] -- Up-to-date: C:/Users/tommy/MATLAB/controls-onboarding-2027/src/assets/matlab_msg_gen_R2026a/win64/install/include/custom_interfaces/custom_interfaces/msg/rosidl_typesupport_fastrtps_cpp__visibility_control.h
[2.406s] -- Up-to-date: C:/Users/tommy/MATLAB/controls-onboarding-2027/src/assets/matlab_msg_gen_R2026a/win64/install/lib/custom_interfaces__rosidl_typesupport_fastrtps_cpp.lib
[2.406s] -- Up-to-date: C:/Users/tommy/MATLAB/controls-onboarding-2027/src/assets/matlab_msg_gen_R2026a/win64/install/bin/custom_interfaces__rosidl_typesupport_fastrtps_cpp.dll
[2.406s] -- Up-to-date: C:/Users/tommy/MATLAB/controls-onboarding-2027/src/assets/matlab_msg_gen_R2026a/win64/install/include/custom_interfaces/custom_interfaces
[2.406s] -- Up-to-date: C:/Users/tommy/MATLAB/controls-onboarding-2027/src/assets/matlab_msg_gen_R2026a/win64/install/include/custom_interfaces/custom_interfaces/msg
[2.406s] -- Up-to-date: C:/Users/tommy/MATLAB/controls-onboarding-2027/src/assets/matlab_msg_gen_R2026a/win64/install/include/custom_interfaces/custom_interfaces/msg/detail
[2.406s] -- Up-to-date: C:/Users/tommy/MATLAB/controls-onboarding-2027/src/assets/matlab_msg_gen_R2026a/win64/install/include/custom_interfaces/custom_interfaces/msg/detail/sensors__rosidl_typesupport_introspection_cpp.hpp
[2.406s] -- Up-to-date: C:/Users/tommy/MATLAB/controls-onboarding-2027/src/assets/matlab_msg_gen_R2026a/win64/install/include/custom_interfaces/custom_interfaces/msg/detail/sensors__type_support.cpp
[2.406s] -- Up-to-date: C:/Users/tommy/MATLAB/controls-onboarding-2027/src/assets/matlab_msg_gen_R2026a/win64/install/lib/custom_interfaces__rosidl_typesupport_introspection_cpp.lib
[2.406s] -- Up-to-date: C:/Users/tommy/MATLAB/controls-onboarding-2027/src/assets/matlab_msg_gen_R2026a/win64/install/bin/custom_interfaces__rosidl_typesupport_introspection_cpp.dll
[2.406s] -- Up-to-date: C:/Users/tommy/MATLAB/controls-onboarding-2027/src/assets/matlab_msg_gen_R2026a/win64/install/lib/custom_interfaces__rosidl_typesupport_cpp.lib
[2.406s] -- Up-to-date: C:/Users/tommy/MATLAB/controls-onboarding-2027/src/assets/matlab_msg_gen_R2026a/win64/install/bin/custom_interfaces__rosidl_typesupport_cpp.dll
[2.406s] -- Up-to-date: C:/Users/tommy/MATLAB/controls-onboarding-2027/src/assets/matlab_msg_gen_R2026a/win64/install/share/custom_interfaces/msg/Sensors.idl
[2.406s] -- Up-to-date: C:/Users/tommy/MATLAB/controls-onboarding-2027/src/assets/matlab_msg_gen_R2026a/win64/install/share/custom_interfaces/msg/Sensors.msg
[2.406s] -- Up-to-date: C:/Users/tommy/MATLAB/controls-onboarding-2027/src/assets/matlab_msg_gen_R2026a/win64/install/include
[2.422s] -- Up-to-date: C:/Users/tommy/MATLAB/controls-onboarding-2027/src/assets/matlab_msg_gen_R2026a/win64/install/include/custom_interfaces
[2.422s] -- Up-to-date: C:/Users/tommy/MATLAB/controls-onboarding-2027/src/assets/matlab_msg_gen_R2026a/win64/install/include/custom_interfaces/visibility_control.h
[2.422s] -- Up-to-date: C:/Users/tommy/MATLAB/controls-onboarding-2027/src/assets/matlab_msg_gen_R2026a/win64/install/lib/custom_interfaces_matlab.lib
[2.422s] -- Up-to-date: C:/Users/tommy/MATLAB/controls-onboarding-2027/src/assets/matlab_msg_gen_R2026a/win64/install/bin/custom_interfaces_matlab.dll
[2.422s] -- Up-to-date: C:/Users/tommy/MATLAB/controls-onboarding-2027/src/assets/matlab_msg_gen_R2026a/win64/install/m/
[2.422s] -- Up-to-date: C:/Users/tommy/MATLAB/controls-onboarding-2027/src/assets/matlab_msg_gen_R2026a/win64/install/m//+ros
[2.422s] -- Up-to-date: C:/Users/tommy/MATLAB/controls-onboarding-2027/src/assets/matlab_msg_gen_R2026a/win64/install/m//+ros/+internal
[2.422s] -- Up-to-date: C:/Users/tommy/MATLAB/controls-onboarding-2027/src/assets/matlab_msg_gen_R2026a/win64/install/m//+ros/+internal/+ros2
[2.422s] -- Up-to-date: C:/Users/tommy/MATLAB/controls-onboarding-2027/src/assets/matlab_msg_gen_R2026a/win64/install/m//+ros/+internal/+ros2/+custommessages
[2.422s] -- Up-to-date: C:/Users/tommy/MATLAB/controls-onboarding-2027/src/assets/matlab_msg_gen_R2026a/win64/install/m//+ros/+internal/+ros2/+custommessages/+custom_interfaces
[2.422s] -- Up-to-date: C:/Users/tommy/MATLAB/controls-onboarding-2027/src/assets/matlab_msg_gen_R2026a/win64/install/m//+ros/+internal/+ros2/+custommessages/+custom_interfaces/sensors.m
[2.422s] -- Up-to-date: C:/Users/tommy/MATLAB/controls-onboarding-2027/src/assets/matlab_msg_gen_R2026a/win64/install/share/ament_index/resource_index/package_run_dependencies/custom_interfaces
[2.422s] -- Up-to-date: C:/Users/tommy/MATLAB/controls-onboarding-2027/src/assets/matlab_msg_gen_R2026a/win64/install/share/ament_index/resource_index/parent_prefix_path/custom_interfaces
[2.422s] -- Up-to-date: C:/Users/tommy/MATLAB/controls-onboarding-2027/src/assets/matlab_msg_gen_R2026a/win64/install/share/custom_interfaces/environment/ament_prefix_path.bat
[2.422s] -- Up-to-date: C:/Users/tommy/MATLAB/controls-onboarding-2027/src/assets/matlab_msg_gen_R2026a/win64/install/share/custom_interfaces/environment/ament_prefix_path.dsv
[2.422s] -- Up-to-date: C:/Users/tommy/MATLAB/controls-onboarding-2027/src/assets/matlab_msg_gen_R2026a/win64/install/share/custom_interfaces/environment/path.bat
[2.422s] -- Up-to-date: C:/Users/tommy/MATLAB/controls-onboarding-2027/src/assets/matlab_msg_gen_R2026a/win64/install/share/custom_interfaces/environment/path.dsv
[2.422s] -- Up-to-date: C:/Users/tommy/MATLAB/controls-onboarding-2027/src/assets/matlab_msg_gen_R2026a/win64/install/share/custom_interfaces/local_setup.bat
[2.422s] -- Up-to-date: C:/Users/tommy/MATLAB/controls-onboarding-2027/src/assets/matlab_msg_gen_R2026a/win64/install/share/custom_interfaces/local_setup.dsv
[2.422s] -- Installing: C:/Users/tommy/MATLAB/controls-onboarding-2027/src/assets/matlab_msg_gen_R2026a/win64/install/share/custom_interfaces/package.dsv
[2.422s] -- Up-to-date: C:/Users/tommy/MATLAB/controls-onboarding-2027/src/assets/matlab_msg_gen_R2026a/win64/install/share/ament_index/resource_index/packages/custom_interfaces
[2.422s] -- Up-to-date: C:/Users/tommy/MATLAB/controls-onboarding-2027/src/assets/matlab_msg_gen_R2026a/win64/install/share/custom_interfaces/cmake/export_custom_interfaces__rosidl_generator_cExport.cmake
[2.422s] -- Up-to-date: C:/Users/tommy/MATLAB/controls-onboarding-2027/src/assets/matlab_msg_gen_R2026a/win64/install/share/custom_interfaces/cmake/export_custom_interfaces__rosidl_generator_cExport-release.cmake
[2.422s] -- Up-to-date: C:/Users/tommy/MATLAB/controls-onboarding-2027/src/assets/matlab_msg_gen_R2026a/win64/install/share/custom_interfaces/cmake/export_custom_interfaces__rosidl_typesupport_fastrtps_cExport.cmake
[2.422s] -- Up-to-date: C:/Users/tommy/MATLAB/controls-onboarding-2027/src/assets/matlab_msg_gen_R2026a/win64/install/share/custom_interfaces/cmake/export_custom_interfaces__rosidl_typesupport_fastrtps_cExport-release.cmake
[2.422s] -- Up-to-date: C:/Users/tommy/MATLAB/controls-onboarding-2027/src/assets/matlab_msg_gen_R2026a/win64/install/share/custom_interfaces/cmake/custom_interfaces__rosidl_typesupport_introspection_cExport.cmake
[2.438s] -- Up-to-date: C:/Users/tommy/MATLAB/controls-onboarding-2027/src/assets/matlab_msg_gen_R2026a/win64/install/share/custom_interfaces/cmake/custom_interfaces__rosidl_typesupport_introspection_cExport-release.cmake
[2.438s] -- Up-to-date: C:/Users/tommy/MATLAB/controls-onboarding-2027/src/assets/matlab_msg_gen_R2026a/win64/install/share/custom_interfaces/cmake/custom_interfaces__rosidl_typesupport_cExport.cmake
[2.438s] -- Up-to-date: C:/Users/tommy/MATLAB/controls-onboarding-2027/src/assets/matlab_msg_gen_R2026a/win64/install/share/custom_interfaces/cmake/custom_interfaces__rosidl_typesupport_cExport-release.cmake
[2.438s] -- Up-to-date: C:/Users/tommy/MATLAB/controls-onboarding-2027/src/assets/matlab_msg_gen_R2026a/win64/install/share/custom_interfaces/cmake/export_custom_interfaces__rosidl_generator_cppExport.cmake
[2.438s] -- Up-to-date: C:/Users/tommy/MATLAB/controls-onboarding-2027/src/assets/matlab_msg_gen_R2026a/win64/install/share/custom_interfaces/cmake/export_custom_interfaces__rosidl_typesupport_fastrtps_cppExport.cmake
[2.438s] -- Up-to-date: C:/Users/tommy/MATLAB/controls-onboarding-2027/src/assets/matlab_msg_gen_R2026a/win64/install/share/custom_interfaces/cmake/export_custom_interfaces__rosidl_typesupport_fastrtps_cppExport-release.cmake
[2.438s] -- Up-to-date: C:/Users/tommy/MATLAB/controls-onboarding-2027/src/assets/matlab_msg_gen_R2026a/win64/install/share/custom_interfaces/cmake/custom_interfaces__rosidl_typesupport_introspection_cppExport.cmake
[2.438s] -- Up-to-date: C:/Users/tommy/MATLAB/controls-onboarding-2027/src/assets/matlab_msg_gen_R2026a/win64/install/share/custom_interfaces/cmake/custom_interfaces__rosidl_typesupport_introspection_cppExport-release.cmake
[2.438s] -- Up-to-date: C:/Users/tommy/MATLAB/controls-onboarding-2027/src/assets/matlab_msg_gen_R2026a/win64/install/share/custom_interfaces/cmake/custom_interfaces__rosidl_typesupport_cppExport.cmake
[2.438s] -- Up-to-date: C:/Users/tommy/MATLAB/controls-onboarding-2027/src/assets/matlab_msg_gen_R2026a/win64/install/share/custom_interfaces/cmake/custom_interfaces__rosidl_typesupport_cppExport-release.cmake
[2.438s] -- Up-to-date: C:/Users/tommy/MATLAB/controls-onboarding-2027/src/assets/matlab_msg_gen_R2026a/win64/install/share/custom_interfaces/cmake/rosidl_cmake-extras.cmake
[2.438s] -- Up-to-date: C:/Users/tommy/MATLAB/controls-onboarding-2027/src/assets/matlab_msg_gen_R2026a/win64/install/share/custom_interfaces/cmake/ament_cmake_export_include_directories-extras.cmake
[2.438s] -- Up-to-date: C:/Users/tommy/MATLAB/controls-onboarding-2027/src/assets/matlab_msg_gen_R2026a/win64/install/share/custom_interfaces/cmake/ament_cmake_export_libraries-extras.cmake
[2.438s] -- Up-to-date: C:/Users/tommy/MATLAB/controls-onboarding-2027/src/assets/matlab_msg_gen_R2026a/win64/install/share/custom_interfaces/cmake/ament_cmake_export_targets-extras.cmake
[2.438s] -- Up-to-date: C:/Users/tommy/MATLAB/controls-onboarding-2027/src/assets/matlab_msg_gen_R2026a/win64/install/share/custom_interfaces/cmake/rosidl_cmake_export_typesupport_targets-extras.cmake
[2.438s] -- Up-to-date: C:/Users/tommy/MATLAB/controls-onboarding-2027/src/assets/matlab_msg_gen_R2026a/win64/install/share/custom_interfaces/cmake/ament_cmake_export_dependencies-extras.cmake
[2.438s] -- Up-to-date: C:/Users/tommy/MATLAB/controls-onboarding-2027/src/assets/matlab_msg_gen_R2026a/win64/install/share/custom_interfaces/cmake/rosidl_cmake_export_typesupport_libraries-extras.cmake
[2.438s] -- Up-to-date: C:/Users/tommy/MATLAB/controls-onboarding-2027/src/assets/matlab_msg_gen_R2026a/win64/install/share/custom_interfaces/cmake/custom_interfacesConfig.cmake
[2.438s] -- Up-to-date: C:/Users/tommy/MATLAB/controls-onboarding-2027/src/assets/matlab_msg_gen_R2026a/win64/install/share/custom_interfaces/cmake/custom_interfacesConfig-version.cmake
[2.438s] -- Installing: C:/Users/tommy/MATLAB/controls-onboarding-2027/src/assets/matlab_msg_gen_R2026a/win64/install/share/custom_interfaces/package.xml
[2.453s] Invoked command in 'C:\Users\tommy\MATLAB\controls-onboarding-2027\src\assets\matlab_msg_gen_R2026a\win64\build\custom_interfaces' returned '0': VIRTUAL_ENV_PROMPT=(venv) C:\Program Files\MATLAB\bin\win64\cmake\bin\cmake.EXE --install C:\Users\tommy\MATLAB\controls-onboarding-2027\src\assets\matlab_msg_gen_R2026a\win64\build\custom_interfaces
