[0.157s] Invoking command in 'C:\Users\tommy\MATLAB\controls-onboarding-2027\src\assets\matlab_msg_gen_R2026a\win64\build\custom_interfaces': VIRTUAL_ENV_PROMPT=(venv) C:\Program Files\MATLAB\bin\win64\cmake\bin\cmake.EXE --build C:\Users\tommy\MATLAB\controls-onboarding-2027\src\assets\matlab_msg_gen_R2026a\win64\build\custom_interfaces -- -j16 -l16
[0.688s] [0/1] Re-running CMake...
[0.907s] -- Building for ROS 2 Jazzy
[0.922s] -- Found ament_cmake: 2.5.2 (C:/Program Files/MATLAB/sys/ros2/win64/ros2/share/ament_cmake/cmake)
[1.954s] -- Found ament_cmake_ros: 0.12.0 (C:/Program Files/MATLAB/sys/ros2/win64/ros2/share/ament_cmake_ros/cmake)
[2.141s] -- Found rosidl_typesupport_c: 3.2.2 (C:/Program Files/MATLAB/sys/ros2/win64/ros2/share/rosidl_typesupport_c/cmake)
[2.172s] -- Using all available rosidl_typesupport_c: rosidl_typesupport_fastrtps_c;rosidl_typesupport_introspection_c
[2.704s] -- Found rosidl_typesupport_cpp: 3.2.2 (C:/Program Files/MATLAB/sys/ros2/win64/ros2/share/rosidl_typesupport_cpp/cmake)
[2.719s] -- Using all available rosidl_typesupport_cpp: rosidl_typesupport_fastrtps_cpp;rosidl_typesupport_introspection_cpp
[3.266s] -- Found rosidl_default_generators: 1.6.0 (C:/Program Files/MATLAB/sys/ros2/win64/ros2/share/rosidl_default_generators/cmake)
[3.329s] -- Found rosidl_adapter: 4.8.1 (C:/Program Files/MATLAB/sys/ros2/win64/ros2/share/rosidl_adapter/cmake)
[3.438s] -- Found class_loader: 2.7.0 (C:/Program Files/MATLAB/sys/ros2/win64/ros2/share/class_loader/cmake)
[3.516s] -- Found rclcpp: 28.1.3 (C:/Program Files/MATLAB/sys/ros2/win64/ros2/share/rclcpp/cmake)
[4.375s] -- Found rmw_implementation_cmake: 7.3.1 (C:/Program Files/MATLAB/sys/ros2/win64/ros2/share/rmw_implementation_cmake/cmake)
[4.438s] -- Found rmw_fastrtps_cpp: 9.0.0 (C:/Program Files/MATLAB/sys/ros2/win64/ros2/share/rmw_fastrtps_cpp/cmake)
[5.172s] -- Using RMW implementation 'rmw_fastrtps_cpp' as default
[7.516s] -- Using all available rosidl_typesupport_c: rosidl_typesupport_fastrtps_c;rosidl_typesupport_introspection_c
[7.875s] -- Using all available rosidl_typesupport_cpp: rosidl_typesupport_fastrtps_cpp;rosidl_typesupport_introspection_cpp
[8.235s] -- Configuring done
[8.875s] -- Generating done
[8.907s] -- Build files have been written to: C:/Users/tommy/MATLAB/controls-onboarding-2027/src/assets/matlab_msg_gen_R2026a/win64/build/custom_interfaces
[8.969s] ninja: no work to do.
[8.969s] Invoked command in 'C:\Users\tommy\MATLAB\controls-onboarding-2027\src\assets\matlab_msg_gen_R2026a\win64\build\custom_interfaces' returned '0': VIRTUAL_ENV_PROMPT=(venv) C:\Program Files\MATLAB\bin\win64\cmake\bin\cmake.EXE --build C:\Users\tommy\MATLAB\controls-onboarding-2027\src\assets\matlab_msg_gen_R2026a\win64\build\custom_interfaces -- -j16 -l16
[9.110s] Invoking command in 'C:\Users\tommy\MATLAB\controls-onboarding-2027\src\assets\matlab_msg_gen_R2026a\win64\build\custom_interfaces': VIRTUAL_ENV_PROMPT=(venv) C:\Program Files\MATLAB\bin\win64\cmake\bin\cmake.EXE --install C:\Users\tommy\MATLAB\controls-onboarding-2027\src\assets\matlab_msg_gen_R2026a\win64\build\custom_interfaces
[9.125s] -- Install configuration: "Release"
[9.125s] -- Up-to-date: C:/Users/tommy/MATLAB/controls-onboarding-2027/src/assets/matlab_msg_gen_R2026a/win64/install/share/ament_index/resource_index/rosidl_interfaces/custom_interfaces
[9.125s] -- Up-to-date: C:/Users/tommy/MATLAB/controls-onboarding-2027/src/assets/matlab_msg_gen_R2026a/win64/install/share/custom_interfaces/msg/Sensors.json
[9.125s] -- Up-to-date: C:/Users/tommy/MATLAB/controls-onboarding-2027/src/assets/matlab_msg_gen_R2026a/win64/install/include/custom_interfaces/custom_interfaces
[9.125s] -- Up-to-date: C:/Users/tommy/MATLAB/controls-onboarding-2027/src/assets/matlab_msg_gen_R2026a/win64/install/include/custom_interfaces/custom_interfaces/msg
[9.125s] -- Up-to-date: C:/Users/tommy/MATLAB/controls-onboarding-2027/src/assets/matlab_msg_gen_R2026a/win64/install/include/custom_interfaces/custom_interfaces/msg/detail
[9.141s] -- Up-to-date: C:/Users/tommy/MATLAB/controls-onboarding-2027/src/assets/matlab_msg_gen_R2026a/win64/install/include/custom_interfaces/custom_interfaces/msg/detail/sensors__description.c
[9.157s] -- Up-to-date: C:/Users/tommy/MATLAB/controls-onboarding-2027/src/assets/matlab_msg_gen_R2026a/win64/install/include/custom_interfaces/custom_interfaces/msg/detail/sensors__functions.c
[9.157s] -- Up-to-date: C:/Users/tommy/MATLAB/controls-onboarding-2027/src/assets/matlab_msg_gen_R2026a/win64/install/include/custom_interfaces/custom_interfaces/msg/detail/sensors__functions.h
[9.157s] -- Up-to-date: C:/Users/tommy/MATLAB/controls-onboarding-2027/src/assets/matlab_msg_gen_R2026a/win64/install/include/custom_interfaces/custom_interfaces/msg/detail/sensors__struct.h
[9.172s] -- Up-to-date: C:/Users/tommy/MATLAB/controls-onboarding-2027/src/assets/matlab_msg_gen_R2026a/win64/install/include/custom_interfaces/custom_interfaces/msg/detail/sensors__type_support.c
[9.172s] -- Up-to-date: C:/Users/tommy/MATLAB/controls-onboarding-2027/src/assets/matlab_msg_gen_R2026a/win64/install/include/custom_interfaces/custom_interfaces/msg/detail/sensors__type_support.h
[9.172s] -- Up-to-date: C:/Users/tommy/MATLAB/controls-onboarding-2027/src/assets/matlab_msg_gen_R2026a/win64/install/include/custom_interfaces/custom_interfaces/msg/rosidl_generator_c__visibility_control.h
[9.188s] -- Up-to-date: C:/Users/tommy/MATLAB/controls-onboarding-2027/src/assets/matlab_msg_gen_R2026a/win64/install/include/custom_interfaces/custom_interfaces/msg/sensors.h
[9.204s] -- Up-to-date: C:/Users/tommy/MATLAB/controls-onboarding-2027/src/assets/matlab_msg_gen_R2026a/win64/install/lib/custom_interfaces__rosidl_generator_c.lib
[9.250s] -- Up-to-date: C:/Users/tommy/MATLAB/controls-onboarding-2027/src/assets/matlab_msg_gen_R2026a/win64/install/bin/custom_interfaces__rosidl_generator_c.dll
[9.250s] -- Up-to-date: C:/Users/tommy/MATLAB/controls-onboarding-2027/src/assets/matlab_msg_gen_R2026a/win64/install/include/custom_interfaces/custom_interfaces
[9.250s] -- Up-to-date: C:/Users/tommy/MATLAB/controls-onboarding-2027/src/assets/matlab_msg_gen_R2026a/win64/install/include/custom_interfaces/custom_interfaces/msg
[9.250s] -- Up-to-date: C:/Users/tommy/MATLAB/controls-onboarding-2027/src/assets/matlab_msg_gen_R2026a/win64/install/include/custom_interfaces/custom_interfaces/msg/detail
[9.282s] -- Up-to-date: C:/Users/tommy/MATLAB/controls-onboarding-2027/src/assets/matlab_msg_gen_R2026a/win64/install/include/custom_interfaces/custom_interfaces/msg/detail/sensors__rosidl_typesupport_fastrtps_c.h
[9.282s] -- Up-to-date: C:/Users/tommy/MATLAB/controls-onboarding-2027/src/assets/matlab_msg_gen_R2026a/win64/install/include/custom_interfaces/custom_interfaces/msg/rosidl_typesupport_fastrtps_c__visibility_control.h
[9.282s] -- Up-to-date: C:/Users/tommy/MATLAB/controls-onboarding-2027/src/assets/matlab_msg_gen_R2026a/win64/install/lib/custom_interfaces__rosidl_typesupport_fastrtps_c.lib
[9.360s] -- Up-to-date: C:/Users/tommy/MATLAB/controls-onboarding-2027/src/assets/matlab_msg_gen_R2026a/win64/install/bin/custom_interfaces__rosidl_typesupport_fastrtps_c.dll
[9.360s] -- Up-to-date: C:/Users/tommy/MATLAB/controls-onboarding-2027/src/assets/matlab_msg_gen_R2026a/win64/install/include/custom_interfaces/custom_interfaces
[9.360s] -- Up-to-date: C:/Users/tommy/MATLAB/controls-onboarding-2027/src/assets/matlab_msg_gen_R2026a/win64/install/include/custom_interfaces/custom_interfaces/msg
[9.360s] -- Up-to-date: C:/Users/tommy/MATLAB/controls-onboarding-2027/src/assets/matlab_msg_gen_R2026a/win64/install/include/custom_interfaces/custom_interfaces/msg/detail
[9.375s] -- Up-to-date: C:/Users/tommy/MATLAB/controls-onboarding-2027/src/assets/matlab_msg_gen_R2026a/win64/install/include/custom_interfaces/custom_interfaces/msg/detail/sensors__rosidl_typesupport_introspection_c.h
[9.391s] -- Up-to-date: C:/Users/tommy/MATLAB/controls-onboarding-2027/src/assets/matlab_msg_gen_R2026a/win64/install/include/custom_interfaces/custom_interfaces/msg/detail/sensors__type_support.c
[9.391s] -- Up-to-date: C:/Users/tommy/MATLAB/controls-onboarding-2027/src/assets/matlab_msg_gen_R2026a/win64/install/include/custom_interfaces/custom_interfaces/msg/rosidl_typesupport_introspection_c__visibility_control.h
[9.407s] -- Up-to-date: C:/Users/tommy/MATLAB/controls-onboarding-2027/src/assets/matlab_msg_gen_R2026a/win64/install/lib/custom_interfaces__rosidl_typesupport_introspection_c.lib
[9.454s] -- Up-to-date: C:/Users/tommy/MATLAB/controls-onboarding-2027/src/assets/matlab_msg_gen_R2026a/win64/install/bin/custom_interfaces__rosidl_typesupport_introspection_c.dll
[9.454s] -- Up-to-date: C:/Users/tommy/MATLAB/controls-onboarding-2027/src/assets/matlab_msg_gen_R2026a/win64/install/lib/custom_interfaces__rosidl_typesupport_c.lib
[9.485s] -- Up-to-date: C:/Users/tommy/MATLAB/controls-onboarding-2027/src/assets/matlab_msg_gen_R2026a/win64/install/bin/custom_interfaces__rosidl_typesupport_c.dll
[9.485s] -- Up-to-date: C:/Users/tommy/MATLAB/controls-onboarding-2027/src/assets/matlab_msg_gen_R2026a/win64/install/include/custom_interfaces/custom_interfaces
[9.485s] -- Up-to-date: C:/Users/tommy/MATLAB/controls-onboarding-2027/src/assets/matlab_msg_gen_R2026a/win64/install/include/custom_interfaces/custom_interfaces/msg
[9.485s] -- Up-to-date: C:/Users/tommy/MATLAB/controls-onboarding-2027/src/assets/matlab_msg_gen_R2026a/win64/install/include/custom_interfaces/custom_interfaces/msg/detail
[9.500s] -- Up-to-date: C:/Users/tommy/MATLAB/controls-onboarding-2027/src/assets/matlab_msg_gen_R2026a/win64/install/include/custom_interfaces/custom_interfaces/msg/detail/sensors__builder.hpp
[9.500s] -- Up-to-date: C:/Users/tommy/MATLAB/controls-onboarding-2027/src/assets/matlab_msg_gen_R2026a/win64/install/include/custom_interfaces/custom_interfaces/msg/detail/sensors__struct.hpp
[9.516s] -- Up-to-date: C:/Users/tommy/MATLAB/controls-onboarding-2027/src/assets/matlab_msg_gen_R2026a/win64/install/include/custom_interfaces/custom_interfaces/msg/detail/sensors__traits.hpp
[9.516s] -- Up-to-date: C:/Users/tommy/MATLAB/controls-onboarding-2027/src/assets/matlab_msg_gen_R2026a/win64/install/include/custom_interfaces/custom_interfaces/msg/detail/sensors__type_support.hpp
[9.516s] -- Up-to-date: C:/Users/tommy/MATLAB/controls-onboarding-2027/src/assets/matlab_msg_gen_R2026a/win64/install/include/custom_interfaces/custom_interfaces/msg/rosidl_generator_cpp__visibility_control.hpp
[9.532s] -- Up-to-date: C:/Users/tommy/MATLAB/controls-onboarding-2027/src/assets/matlab_msg_gen_R2026a/win64/install/include/custom_interfaces/custom_interfaces/msg/sensors.hpp
[9.532s] -- Up-to-date: C:/Users/tommy/MATLAB/controls-onboarding-2027/src/assets/matlab_msg_gen_R2026a/win64/install/include/custom_interfaces/custom_interfaces
[9.532s] -- Up-to-date: C:/Users/tommy/MATLAB/controls-onboarding-2027/src/assets/matlab_msg_gen_R2026a/win64/install/include/custom_interfaces/custom_interfaces/msg
[9.532s] -- Up-to-date: C:/Users/tommy/MATLAB/controls-onboarding-2027/src/assets/matlab_msg_gen_R2026a/win64/install/include/custom_interfaces/custom_interfaces/msg/detail
[9.532s] -- Up-to-date: C:/Users/tommy/MATLAB/controls-onboarding-2027/src/assets/matlab_msg_gen_R2026a/win64/install/include/custom_interfaces/custom_interfaces/msg/detail/dds_fastrtps
[9.532s] -- Up-to-date: C:/Users/tommy/MATLAB/controls-onboarding-2027/src/assets/matlab_msg_gen_R2026a/win64/install/include/custom_interfaces/custom_interfaces/msg/detail/sensors__rosidl_typesupport_fastrtps_cpp.hpp
[9.532s] -- Up-to-date: C:/Users/tommy/MATLAB/controls-onboarding-2027/src/assets/matlab_msg_gen_R2026a/win64/install/include/custom_interfaces/custom_interfaces/msg/rosidl_typesupport_fastrtps_cpp__visibility_control.h
[9.547s] -- Up-to-date: C:/Users/tommy/MATLAB/controls-onboarding-2027/src/assets/matlab_msg_gen_R2026a/win64/install/lib/custom_interfaces__rosidl_typesupport_fastrtps_cpp.lib
[9.579s] -- Up-to-date: C:/Users/tommy/MATLAB/controls-onboarding-2027/src/assets/matlab_msg_gen_R2026a/win64/install/bin/custom_interfaces__rosidl_typesupport_fastrtps_cpp.dll
[9.579s] -- Up-to-date: C:/Users/tommy/MATLAB/controls-onboarding-2027/src/assets/matlab_msg_gen_R2026a/win64/install/include/custom_interfaces/custom_interfaces
[9.579s] -- Up-to-date: C:/Users/tommy/MATLAB/controls-onboarding-2027/src/assets/matlab_msg_gen_R2026a/win64/install/include/custom_interfaces/custom_interfaces/msg
[9.579s] -- Up-to-date: C:/Users/tommy/MATLAB/controls-onboarding-2027/src/assets/matlab_msg_gen_R2026a/win64/install/include/custom_interfaces/custom_interfaces/msg/detail
[9.594s] -- Up-to-date: C:/Users/tommy/MATLAB/controls-onboarding-2027/src/assets/matlab_msg_gen_R2026a/win64/install/include/custom_interfaces/custom_interfaces/msg/detail/sensors__rosidl_typesupport_introspection_cpp.hpp
[9.594s] -- Up-to-date: C:/Users/tommy/MATLAB/controls-onboarding-2027/src/assets/matlab_msg_gen_R2026a/win64/install/include/custom_interfaces/custom_interfaces/msg/detail/sensors__type_support.cpp
[9.610s] -- Up-to-date: C:/Users/tommy/MATLAB/controls-onboarding-2027/src/assets/matlab_msg_gen_R2026a/win64/install/lib/custom_interfaces__rosidl_typesupport_introspection_cpp.lib
[9.657s] -- Up-to-date: C:/Users/tommy/MATLAB/controls-onboarding-2027/src/assets/matlab_msg_gen_R2026a/win64/install/bin/custom_interfaces__rosidl_typesupport_introspection_cpp.dll
[9.657s] -- Up-to-date: C:/Users/tommy/MATLAB/controls-onboarding-2027/src/assets/matlab_msg_gen_R2026a/win64/install/lib/custom_interfaces__rosidl_typesupport_cpp.lib
[9.688s] -- Up-to-date: C:/Users/tommy/MATLAB/controls-onboarding-2027/src/assets/matlab_msg_gen_R2026a/win64/install/bin/custom_interfaces__rosidl_typesupport_cpp.dll
[9.688s] -- Up-to-date: C:/Users/tommy/MATLAB/controls-onboarding-2027/src/assets/matlab_msg_gen_R2026a/win64/install/share/custom_interfaces/msg/Sensors.idl
[9.704s] -- Up-to-date: C:/Users/tommy/MATLAB/controls-onboarding-2027/src/assets/matlab_msg_gen_R2026a/win64/install/share/custom_interfaces/msg/Sensors.msg
[9.704s] -- Up-to-date: C:/Users/tommy/MATLAB/controls-onboarding-2027/src/assets/matlab_msg_gen_R2026a/win64/install/include
[9.704s] -- Up-to-date: C:/Users/tommy/MATLAB/controls-onboarding-2027/src/assets/matlab_msg_gen_R2026a/win64/install/include/custom_interfaces
[9.704s] -- Up-to-date: C:/Users/tommy/MATLAB/controls-onboarding-2027/src/assets/matlab_msg_gen_R2026a/win64/install/include/custom_interfaces/visibility_control.h
[9.719s] -- Up-to-date: C:/Users/tommy/MATLAB/controls-onboarding-2027/src/assets/matlab_msg_gen_R2026a/win64/install/lib/custom_interfaces_matlab.lib
[9.782s] -- Up-to-date: C:/Users/tommy/MATLAB/controls-onboarding-2027/src/assets/matlab_msg_gen_R2026a/win64/install/bin/custom_interfaces_matlab.dll
[9.782s] -- Up-to-date: C:/Users/tommy/MATLAB/controls-onboarding-2027/src/assets/matlab_msg_gen_R2026a/win64/install/m/
[9.782s] -- Up-to-date: C:/Users/tommy/MATLAB/controls-onboarding-2027/src/assets/matlab_msg_gen_R2026a/win64/install/m//+ros
[9.782s] -- Up-to-date: C:/Users/tommy/MATLAB/controls-onboarding-2027/src/assets/matlab_msg_gen_R2026a/win64/install/m//+ros/+internal
[9.782s] -- Up-to-date: C:/Users/tommy/MATLAB/controls-onboarding-2027/src/assets/matlab_msg_gen_R2026a/win64/install/m//+ros/+internal/+ros2
[9.782s] -- Up-to-date: C:/Users/tommy/MATLAB/controls-onboarding-2027/src/assets/matlab_msg_gen_R2026a/win64/install/m//+ros/+internal/+ros2/+custommessages
[9.782s] -- Up-to-date: C:/Users/tommy/MATLAB/controls-onboarding-2027/src/assets/matlab_msg_gen_R2026a/win64/install/m//+ros/+internal/+ros2/+custommessages/+custom_interfaces
[9.797s] -- Up-to-date: C:/Users/tommy/MATLAB/controls-onboarding-2027/src/assets/matlab_msg_gen_R2026a/win64/install/m//+ros/+internal/+ros2/+custommessages/+custom_interfaces/sensors.m
[9.797s] -- Up-to-date: C:/Users/tommy/MATLAB/controls-onboarding-2027/src/assets/matlab_msg_gen_R2026a/win64/install/share/ament_index/resource_index/package_run_dependencies/custom_interfaces
[9.797s] -- Up-to-date: C:/Users/tommy/MATLAB/controls-onboarding-2027/src/assets/matlab_msg_gen_R2026a/win64/install/share/ament_index/resource_index/parent_prefix_path/custom_interfaces
[9.797s] -- Up-to-date: C:/Users/tommy/MATLAB/controls-onboarding-2027/src/assets/matlab_msg_gen_R2026a/win64/install/share/custom_interfaces/environment/ament_prefix_path.bat
[9.797s] -- Up-to-date: C:/Users/tommy/MATLAB/controls-onboarding-2027/src/assets/matlab_msg_gen_R2026a/win64/install/share/custom_interfaces/environment/ament_prefix_path.dsv
[9.797s] -- Up-to-date: C:/Users/tommy/MATLAB/controls-onboarding-2027/src/assets/matlab_msg_gen_R2026a/win64/install/share/custom_interfaces/environment/path.bat
[9.797s] -- Up-to-date: C:/Users/tommy/MATLAB/controls-onboarding-2027/src/assets/matlab_msg_gen_R2026a/win64/install/share/custom_interfaces/environment/path.dsv
[9.797s] -- Up-to-date: C:/Users/tommy/MATLAB/controls-onboarding-2027/src/assets/matlab_msg_gen_R2026a/win64/install/share/custom_interfaces/local_setup.bat
[9.797s] -- Up-to-date: C:/Users/tommy/MATLAB/controls-onboarding-2027/src/assets/matlab_msg_gen_R2026a/win64/install/share/custom_interfaces/local_setup.dsv
[9.813s] -- Installing: C:/Users/tommy/MATLAB/controls-onboarding-2027/src/assets/matlab_msg_gen_R2026a/win64/install/share/custom_interfaces/package.dsv
[9.813s] -- Up-to-date: C:/Users/tommy/MATLAB/controls-onboarding-2027/src/assets/matlab_msg_gen_R2026a/win64/install/share/ament_index/resource_index/packages/custom_interfaces
[9.813s] -- Up-to-date: C:/Users/tommy/MATLAB/controls-onboarding-2027/src/assets/matlab_msg_gen_R2026a/win64/install/share/custom_interfaces/cmake/export_custom_interfaces__rosidl_generator_cExport.cmake
[9.813s] -- Up-to-date: C:/Users/tommy/MATLAB/controls-onboarding-2027/src/assets/matlab_msg_gen_R2026a/win64/install/share/custom_interfaces/cmake/export_custom_interfaces__rosidl_generator_cExport-release.cmake
[9.813s] -- Up-to-date: C:/Users/tommy/MATLAB/controls-onboarding-2027/src/assets/matlab_msg_gen_R2026a/win64/install/share/custom_interfaces/cmake/export_custom_interfaces__rosidl_typesupport_fastrtps_cExport.cmake
[9.813s] -- Up-to-date: C:/Users/tommy/MATLAB/controls-onboarding-2027/src/assets/matlab_msg_gen_R2026a/win64/install/share/custom_interfaces/cmake/export_custom_interfaces__rosidl_typesupport_fastrtps_cExport-release.cmake
[9.813s] -- Up-to-date: C:/Users/tommy/MATLAB/controls-onboarding-2027/src/assets/matlab_msg_gen_R2026a/win64/install/share/custom_interfaces/cmake/custom_interfaces__rosidl_typesupport_introspection_cExport.cmake
[9.813s] -- Up-to-date: C:/Users/tommy/MATLAB/controls-onboarding-2027/src/assets/matlab_msg_gen_R2026a/win64/install/share/custom_interfaces/cmake/custom_interfaces__rosidl_typesupport_introspection_cExport-release.cmake
[9.829s] -- Up-to-date: C:/Users/tommy/MATLAB/controls-onboarding-2027/src/assets/matlab_msg_gen_R2026a/win64/install/share/custom_interfaces/cmake/custom_interfaces__rosidl_typesupport_cExport.cmake
[9.829s] -- Up-to-date: C:/Users/tommy/MATLAB/controls-onboarding-2027/src/assets/matlab_msg_gen_R2026a/win64/install/share/custom_interfaces/cmake/custom_interfaces__rosidl_typesupport_cExport-release.cmake
[9.829s] -- Up-to-date: C:/Users/tommy/MATLAB/controls-onboarding-2027/src/assets/matlab_msg_gen_R2026a/win64/install/share/custom_interfaces/cmake/export_custom_interfaces__rosidl_generator_cppExport.cmake
[9.829s] -- Up-to-date: C:/Users/tommy/MATLAB/controls-onboarding-2027/src/assets/matlab_msg_gen_R2026a/win64/install/share/custom_interfaces/cmake/export_custom_interfaces__rosidl_typesupport_fastrtps_cppExport.cmake
[9.829s] -- Up-to-date: C:/Users/tommy/MATLAB/controls-onboarding-2027/src/assets/matlab_msg_gen_R2026a/win64/install/share/custom_interfaces/cmake/export_custom_interfaces__rosidl_typesupport_fastrtps_cppExport-release.cmake
[9.829s] -- Up-to-date: C:/Users/tommy/MATLAB/controls-onboarding-2027/src/assets/matlab_msg_gen_R2026a/win64/install/share/custom_interfaces/cmake/custom_interfaces__rosidl_typesupport_introspection_cppExport.cmake
[9.829s] -- Up-to-date: C:/Users/tommy/MATLAB/controls-onboarding-2027/src/assets/matlab_msg_gen_R2026a/win64/install/share/custom_interfaces/cmake/custom_interfaces__rosidl_typesupport_introspection_cppExport-release.cmake
[9.829s] -- Up-to-date: C:/Users/tommy/MATLAB/controls-onboarding-2027/src/assets/matlab_msg_gen_R2026a/win64/install/share/custom_interfaces/cmake/custom_interfaces__rosidl_typesupport_cppExport.cmake
[9.829s] -- Up-to-date: C:/Users/tommy/MATLAB/controls-onboarding-2027/src/assets/matlab_msg_gen_R2026a/win64/install/share/custom_interfaces/cmake/custom_interfaces__rosidl_typesupport_cppExport-release.cmake
[9.829s] -- Up-to-date: C:/Users/tommy/MATLAB/controls-onboarding-2027/src/assets/matlab_msg_gen_R2026a/win64/install/share/custom_interfaces/cmake/rosidl_cmake-extras.cmake
[9.829s] -- Up-to-date: C:/Users/tommy/MATLAB/controls-onboarding-2027/src/assets/matlab_msg_gen_R2026a/win64/install/share/custom_interfaces/cmake/ament_cmake_export_include_directories-extras.cmake
[9.844s] -- Up-to-date: C:/Users/tommy/MATLAB/controls-onboarding-2027/src/assets/matlab_msg_gen_R2026a/win64/install/share/custom_interfaces/cmake/ament_cmake_export_libraries-extras.cmake
[9.844s] -- Up-to-date: C:/Users/tommy/MATLAB/controls-onboarding-2027/src/assets/matlab_msg_gen_R2026a/win64/install/share/custom_interfaces/cmake/ament_cmake_export_targets-extras.cmake
[9.844s] -- Up-to-date: C:/Users/tommy/MATLAB/controls-onboarding-2027/src/assets/matlab_msg_gen_R2026a/win64/install/share/custom_interfaces/cmake/rosidl_cmake_export_typesupport_targets-extras.cmake
[9.844s] -- Up-to-date: C:/Users/tommy/MATLAB/controls-onboarding-2027/src/assets/matlab_msg_gen_R2026a/win64/install/share/custom_interfaces/cmake/ament_cmake_export_dependencies-extras.cmake
[9.844s] -- Up-to-date: C:/Users/tommy/MATLAB/controls-onboarding-2027/src/assets/matlab_msg_gen_R2026a/win64/install/share/custom_interfaces/cmake/rosidl_cmake_export_typesupport_libraries-extras.cmake
[9.844s] -- Up-to-date: C:/Users/tommy/MATLAB/controls-onboarding-2027/src/assets/matlab_msg_gen_R2026a/win64/install/share/custom_interfaces/cmake/custom_interfacesConfig.cmake
[9.844s] -- Up-to-date: C:/Users/tommy/MATLAB/controls-onboarding-2027/src/assets/matlab_msg_gen_R2026a/win64/install/share/custom_interfaces/cmake/custom_interfacesConfig-version.cmake
[9.844s] -- Installing: C:/Users/tommy/MATLAB/controls-onboarding-2027/src/assets/matlab_msg_gen_R2026a/win64/install/share/custom_interfaces/package.xml
[9.860s] Invoked command in 'C:\Users\tommy\MATLAB\controls-onboarding-2027\src\assets\matlab_msg_gen_R2026a\win64\build\custom_interfaces' returned '0': VIRTUAL_ENV_PROMPT=(venv) C:\Program Files\MATLAB\bin\win64\cmake\bin\cmake.EXE --install C:\Users\tommy\MATLAB\controls-onboarding-2027\src\assets\matlab_msg_gen_R2026a\win64\build\custom_interfaces
